Component: ARM Compiler 5.06 update 6 (build 750) Tool: armlink [4d35ed]

==============================================================================

Section Cross References

    aws_iot_demo_network.o(i.prxCreateNetworkConnection) refers to aws_iot_network_manager.o(i.AwsIotNetworkManager_GetConnectedNetworks) for AwsIotNetworkManager_GetConnectedNetworks
    aws_iot_demo_network.o(i.prxCreateNetworkConnection) refers to aws_iot_demo_network.o(i.prxCreateSecureSocketConnection) for prxCreateSecureSocketConnection
    aws_iot_demo_network.o(i.prxCreateSecureSocketConnection) refers to memmovea.o(.text) for __aeabi_memcpy4
    aws_iot_demo_network.o(i.prxCreateSecureSocketConnection) refers to iot_network_afr.o(i.IotNetworkAfr_Create) for IotNetworkAfr_Create
    aws_iot_demo_network.o(i.prxCreateSecureSocketConnection) refers to iot_network_afr.o(i.IotNetworkAfr_Close) for IotNetworkAfr_Close
    aws_iot_demo_network.o(i.prxCreateSecureSocketConnection) refers to iot_network_afr.o(i.IotNetworkAfr_Destroy) for IotNetworkAfr_Destroy
    aws_iot_demo_network.o(i.prxCreateSecureSocketConnection) refers to aws_iot_demo_network.o(.constdata) for .constdata
    aws_iot_demo_network.o(i.prxCreateSecureSocketConnection) refers to aws_iot_demo_network.o(.data) for pConnection
    aws_iot_demo_network.o(i.vMqttDemoDeleteNetworkConnection) refers to iot_network_afr.o(i.IotNetworkAfr_Close) for IotNetworkAfr_Close
    aws_iot_demo_network.o(i.vMqttDemoDeleteNetworkConnection) refers to iot_network_afr.o(i.IotNetworkAfr_Destroy) for IotNetworkAfr_Destroy
    aws_iot_demo_network.o(i.xMqttDemoCreateNetworkConnection) refers to aws_iot_demo_network.o(i.prxCreateNetworkConnection) for prxCreateNetworkConnection
    aws_iot_demo_network.o(.constdata) refers to aws_iot_demo_network.o(.conststring) for .conststring
    aws_iot_demo_network.o(.data) refers to iot_network_afr.o(i.IotNetworkAfr_SetReceiveCallback) for IotNetworkAfr_SetReceiveCallback
    aws_iot_demo_network.o(.data) refers to iot_network_afr.o(i.IotNetworkAfr_Send) for IotNetworkAfr_Send
    aws_iot_demo_network.o(.data) refers to iot_network_afr.o(i.IotNetworkAfr_Receive) for IotNetworkAfr_Receive
    aws_iot_network_manager.o(i.AwsIotNetworkManager_DisableNetwork) refers to aws_iot_network_manager.o(i._wifiDisable) for _wifiDisable
    aws_iot_network_manager.o(i.AwsIotNetworkManager_DisableNetwork) refers to aws_iot_network_manager.o(i._onNetworkStateChangeCallback) for _onNetworkStateChangeCallback
    aws_iot_network_manager.o(i.AwsIotNetworkManager_DisableNetwork) refers to aws_iot_network_manager.o(.data) for wifiNetwork
    aws_iot_network_manager.o(i.AwsIotNetworkManager_EnableNetwork) refers to aws_iot_network_manager.o(i._wifiEnable) for _wifiEnable
    aws_iot_network_manager.o(i.AwsIotNetworkManager_EnableNetwork) refers to aws_iot_network_manager.o(.data) for wifiNetwork
    aws_iot_network_manager.o(i.AwsIotNetworkManager_GetConfiguredNetworks) refers to aws_iot_network_manager.o(.bss) for networkManager
    aws_iot_network_manager.o(i.AwsIotNetworkManager_GetConnectedNetworks) refers to iot_threads_afr.o(i.IotMutex_Lock) for IotMutex_Lock
    aws_iot_network_manager.o(i.AwsIotNetworkManager_GetConnectedNetworks) refers to iot_threads_afr.o(i.IotMutex_Unlock) for IotMutex_Unlock
    aws_iot_network_manager.o(i.AwsIotNetworkManager_GetConnectedNetworks) refers to aws_iot_network_manager.o(.bss) for networkManager
    aws_iot_network_manager.o(i.AwsIotNetworkManager_GetEnabledNetworks) refers to iot_threads_afr.o(i.IotMutex_Lock) for IotMutex_Lock
    aws_iot_network_manager.o(i.AwsIotNetworkManager_GetEnabledNetworks) refers to iot_threads_afr.o(i.IotMutex_Unlock) for IotMutex_Unlock
    aws_iot_network_manager.o(i.AwsIotNetworkManager_GetEnabledNetworks) refers to aws_iot_network_manager.o(.bss) for networkManager
    aws_iot_network_manager.o(i.AwsIotNetworkManager_GetNetworkInterface) refers to aws_iot_network_manager.o(.bss) for networkManager
    aws_iot_network_manager.o(i.AwsIotNetworkManager_Init) refers to iot_threads_afr.o(i.IotMutex_Create) for IotMutex_Create
    aws_iot_network_manager.o(i.AwsIotNetworkManager_Init) refers to aws_iot_network_manager.o(i.IotListDouble_Create) for IotListDouble_Create
    aws_iot_network_manager.o(i.AwsIotNetworkManager_Init) refers to aws_iot_network_manager.o(i.IotListDouble_InsertTail) for IotListDouble_InsertTail
    aws_iot_network_manager.o(i.AwsIotNetworkManager_Init) refers to aws_wifi.o(i.WIFI_RegisterNetworkStateChangeEventCallback) for WIFI_RegisterNetworkStateChangeEventCallback
    aws_iot_network_manager.o(i.AwsIotNetworkManager_Init) refers to aws_iot_network_manager.o(.data) for isInit
    aws_iot_network_manager.o(i.AwsIotNetworkManager_Init) refers to aws_iot_network_manager.o(.bss) for networkManager
    aws_iot_network_manager.o(i.AwsIotNetworkManager_Init) refers to aws_iot_network_manager.o(i._onNetworkStateChangeCallback) for _onNetworkStateChangeCallback
[...]
    0x0000efe4   0x00000046   Code   RO         7332    i.eckey_verify_wrap  afr_3rdparty_mbedtls.a(pk_wrap.o)
    0x0000f02a   0x00000012   Code   RO         7333    i.eckeydh_can_do    afr_3rdparty_mbedtls.a(pk_wrap.o)
    0x0000f03c   0x00000568   Code   RO         6649    i.ecp_add_mixed     afr_3rdparty_mbedtls.a(ecp.o)
    0x0000f5a4   0x000001c4   Code   RO         6650    i.ecp_check_pubkey_sw  afr_3rdparty_mbedtls.a(ecp.o)
    0x0000f768   0x0000008e   Code   RO         6651    i.ecp_comb_fixed    afr_3rdparty_mbedtls.a(ecp.o)
    0x0000f7f6   0x00000002   PAD
    0x0000f7f8   0x000005fc   Code   RO         6652    i.ecp_double_jac    afr_3rdparty_mbedtls.a(ecp.o)
    0x0000fdf4   0x00000016   Code   RO         6653    i.ecp_get_type      afr_3rdparty_mbedtls.a(ecp.o)
    0x0000fe0a   0x00000002   PAD
    0x0000fe0c   0x0000008c   Code   RO         9186    i.ecp_group_load    afr_3rdparty_mbedtls.a(ecp_curves.o)
    0x0000fe98   0x000004ca   Code   RO         9187    i.ecp_mod_p256      afr_3rdparty_mbedtls.a(ecp_curves.o)
    0x00010362   0x00000002   PAD
    0x00010364   0x0000009c   Code   RO         6654    i.ecp_modp          afr_3rdparty_mbedtls.a(ecp.o)
    0x00010400   0x0000000c   Code   RO         9188    i.ecp_mpi_load      afr_3rdparty_mbedtls.a(ecp_curves.o)
    0x0001040c   0x000001e0   Code   RO         6655    i.ecp_mul_comb      afr_3rdparty_mbedtls.a(ecp.o)
    0x000105ec   0x000000ca   Code   RO         6656    i.ecp_mul_comb_core  afr_3rdparty_mbedtls.a(ecp.o)
    0x000106b6   0x00000002   PAD
    0x000106b8   0x00000140   Code   RO         6657    i.ecp_normalize_jac  afr_3rdparty_mbedtls.a(ecp.o)
    0x000107f8   0x000002fc   Code   RO         6658    i.ecp_normalize_jac_many  afr_3rdparty_mbedtls.a(ecp.o)
    0x00010af4   0x00000126   Code   RO         6659    i.ecp_precompute_comb  afr_3rdparty_mbedtls.a(ecp.o)
    0x00010c1a   0x00000002   PAD
    0x00010c1c   0x000001bc   Code   RO         6660    i.ecp_randomize_jac  afr_3rdparty_mbedtls.a(ecp.o)
    0x00010dd8   0x00000064   Code   RO         6661    i.ecp_safe_invert_jac  afr_3rdparty_mbedtls.a(ecp.o)
    0x00010e3c   0x00000092   Code   RO         6662    i.ecp_select_comb   afr_3rdparty_mbedtls.a(ecp.o)
    0x00010ece   0x000000ac   Code   RO         6930    i.entropy_gather_internal  afr_3rdparty_mbedtls.a(entropy.o)
    0x00010f7a   0x00000086   Code   RO         6931    i.entropy_update    afr_3rdparty_mbedtls.a(entropy.o)
    0x00011000   0x00000010   Code   RO        10148    i.fputc             afr_kernel.a(retarget.o)
    0x00011010   0x00000050   Code   RO        10094    i.free              mc_w.l(malloc.o)
    0x00011060   0x00000016   Code   RO         9054    i.gcm_aes_setkey_wrap  afr_3rdparty_mbedtls.a(cipher_wrap.o)
    0x00011076   0x0000001a   Code   RO         9055    i.gcm_ctx_alloc     afr_3rdparty_mbedtls.a(cipher_wrap.o)
    0x00011090   0x00000012   Code   RO         9056    i.gcm_ctx_free      afr_3rdparty_mbedtls.a(cipher_wrap.o)
    0x000110a2   0x00000194   Code   RO         9225    i.gcm_gen_table     afr_3rdparty_mbedtls.a(gcm.o)
    0x00011236   0x00000002   PAD
    0x00011238   0x000001c4   Code   RO         9226    i.gcm_mult          afr_3rdparty_mbedtls.a(gcm.o)
    0x000113fc   0x00000014   Code   RO         6304    i.get_no_padding    afr_3rdparty_mbedtls.a(cipher.o)
    0x00011410   0x00000084   Code   RO         6305    i.get_one_and_zeros_padding  afr_3rdparty_mbedtls.a(cipher.o)
    0x00011494   0x00000070   Code   RO         6306    i.get_pkcs_padding  afr_3rdparty_mbedtls.a(cipher.o)
    0x00011504   0x00000070   Code   RO         6307    i.get_zeros_and_len_padding  afr_3rdparty_mbedtls.a(cipher.o)
    0x00011574   0x00000048   Code   RO         6308    i.get_zeros_padding  afr_3rdparty_mbedtls.a(cipher.o)
    0x000115bc   0x0000006c   Code   RO          643    i.main              main.o
    0x00011628   0x0000006c   Code   RO        10095    i.malloc            mc_w.l(malloc.o)
    0x00011694   0x000000a2   Code   RO         8545    i.mbedtls_aes_crypt_cbc  afr_3rdparty_mbedtls.a(aes.o)
    0x00011736   0x00000086   Code   RO         8546    i.mbedtls_aes_crypt_cfb128  afr_3rdparty_mbedtls.a(aes.o)
    0x000117bc   0x00000076   Code   RO         8548    i.mbedtls_aes_crypt_ctr  afr_3rdparty_mbedtls.a(aes.o)
    0x00011832   0x00000026   Code   RO         8549    i.mbedtls_aes_crypt_ecb  afr_3rdparty_mbedtls.a(aes.o)
    0x00011858   0x00000016   Code   RO         8550    i.mbedtls_aes_free  afr_3rdparty_mbedtls.a(aes.o)
    0x0001186e   0x00000010   Code   RO         8551    i.mbedtls_aes_init  afr_3rdparty_mbedtls.a(aes.o)
    0x0001187e   0x00000002   PAD
    0x00011880   0x000000e0   Code   RO         8553    i.mbedtls_aes_setkey_dec  afr_3rdparty_mbedtls.a(aes.o)
    0x00011960   0x000001f8   Code   RO         8554    i.mbedtls_aes_setkey_enc  afr_3rdparty_mbedtls.a(aes.o)
    0x00011b58   0x000000ae   Code   RO         6193    i.mbedtls_asn1_get_alg  afr_3rdparty_mbedtls.a(asn1parse.o)
    0x00011c06   0x00000060   Code   RO         6195    i.mbedtls_asn1_get_bitstring  afr_3rdparty_mbedtls.a(asn1parse.o)
    0x00011c66   0x0000003a   Code   RO         6196    i.mbedtls_asn1_get_bitstring_null  afr_3rdparty_mbedtls.a(asn1parse.o)
    0x00011ca0   0x00000040   Code   RO         6197    i.mbedtls_asn1_get_bool  afr_3rdparty_mbedtls.a(asn1parse.o)
    0x00011ce0   0x0000005c   Code   RO         6198    i.mbedtls_asn1_get_int  afr_3rdparty_mbedtls.a(asn1parse.o)
    0x00011d3c   0x000000fe   Code   RO         6199    i.mbedtls_asn1_get_len  afr_3rdparty_mbedtls.a(asn1parse.o)
    0x00011e3a   0x00000034   Code   RO         6200    i.mbedtls_asn1_get_mpi  afr_3rdparty_mbedtls.a(asn1parse.o)
    0x00011e6e   0x00000096   Code   RO         6201    i.mbedtls_asn1_get_sequence_of  afr_3rdparty_mbedtls.a(asn1parse.o)
    0x00011f04   0x00000038   Code   RO         6202    i.mbedtls_asn1_get_tag  afr_3rdparty_mbedtls.a(asn1parse.o)
    0x00011f3c   0x00000086   Code   RO         8637    i.mbedtls_asn1_write_int  afr_3rdparty_mbedtls.a(asn1write.o)
    0x00011fc2   0x000000fe   Code   RO         8638    i.mbedtls_asn1_write_len  afr_3rdparty_mbedtls.a(asn1write.o)
    0x000120c0   0x000000a8   Code   RO         8639    i.mbedtls_asn1_write_mpi  afr_3rdparty_mbedtls.a(asn1write.o)
    0x00012168   0x0000005e   Code   RO         8642    i.mbedtls_asn1_write_oid  afr_3rdparty_mbedtls.a(asn1write.o)
    0x000121c6   0x0000003a   Code   RO         8644    i.mbedtls_asn1_write_raw_buffer  afr_3rdparty_mbedtls.a(asn1write.o)
    0x00012200   0x0000001c   Code   RO         8645    i.mbedtls_asn1_write_tag  afr_3rdparty_mbedtls.a(asn1write.o)
    0x0001221c   0x00000164   Code   RO         6274    i.mbedtls_base64_decode  afr_3rdparty_mbedtls.a(base64.o)
    0x00012380   0x00000018   Code   RO         7600    i.mbedtls_calloc    afr_3rdparty_mbedtls.a(platform.o)
    0x00012398   0x00000064   Code   RO         6309    i.mbedtls_cipher_auth_decrypt  afr_3rdparty_mbedtls.a(cipher.o)
    0x000123fc   0x0000004c   Code   RO         6310    i.mbedtls_cipher_auth_encrypt  afr_3rdparty_mbedtls.a(cipher.o)
    0x00012448   0x00000072   Code   RO         6312    i.mbedtls_cipher_crypt  afr_3rdparty_mbedtls.a(cipher.o)
    0x000124ba   0x00000002   PAD
    0x000124bc   0x0000013c   Code   RO         6313    i.mbedtls_cipher_finish  afr_3rdparty_mbedtls.a(cipher.o)
    0x000125f8   0x00000022   Code   RO         6314    i.mbedtls_cipher_free  afr_3rdparty_mbedtls.a(cipher.o)
    0x0001261a   0x00000012   Code   RO         6315    i.mbedtls_cipher_get_block_size  afr_3rdparty_mbedtls.a(cipher.o)
    0x0001262c   0x00000012   Code   RO         3192    i.mbedtls_cipher_get_cipher_mode  afr_3rdparty_mbedtls.a(ssl_tls.o)
    0x0001263e   0x00000002   PAD
    0x00012640   0x00000020   Code   RO         6317    i.mbedtls_cipher_info_from_type  afr_3rdparty_mbedtls.a(cipher.o)
    0x00012660   0x00000038   Code   RO         6318    i.mbedtls_cipher_info_from_values  afr_3rdparty_mbedtls.a(cipher.o)
    0x00012698   0x0000000e   Code   RO         6319    i.mbedtls_cipher_init  afr_3rdparty_mbedtls.a(cipher.o)
    0x000126a6   0x00000002   PAD
    0x000126a8   0x00000018   Code   RO         6321    i.mbedtls_cipher_reset  afr_3rdparty_mbedtls.a(cipher.o)
    0x000126c0   0x00000054   Code   RO         6322    i.mbedtls_cipher_set_iv  afr_3rdparty_mbedtls.a(cipher.o)
    0x00012714   0x00000084   Code   RO         6323    i.mbedtls_cipher_set_padding_mode  afr_3rdparty_mbedtls.a(cipher.o)
    0x00012798   0x00000078   Code   RO         6324    i.mbedtls_cipher_setkey  afr_3rdparty_mbedtls.a(cipher.o)
    0x00012810   0x00000038   Code   RO         6325    i.mbedtls_cipher_setup  afr_3rdparty_mbedtls.a(cipher.o)
    0x00012848   0x00000228   Code   RO         6326    i.mbedtls_cipher_update  afr_3rdparty_mbedtls.a(cipher.o)
    0x00012a70   0x0000001e   Code   RO         8722    i.mbedtls_clz       afr_3rdparty_mbedtls.a(bignum.o)
    0x00012a8e   0x00000002   PAD
    0x00012a90   0x0000002c   Code   RO         6490    i.mbedtls_ctr_drbg_free  afr_3rdparty_mbedtls.a(ctr_drbg.o)
    0x00012abc   0x00000020   Code   RO         6491    i.mbedtls_ctr_drbg_init  afr_3rdparty_mbedtls.a(ctr_drbg.o)
    0x00012adc   0x00000054   Code   RO         6492    i.mbedtls_ctr_drbg_random  afr_3rdparty_mbedtls.a(ctr_drbg.o)
    0x00012b30   0x000000f4   Code   RO         6493    i.mbedtls_ctr_drbg_random_with_add  afr_3rdparty_mbedtls.a(ctr_drbg.o)
    0x00012c24   0x0000008e   Code   RO         6494    i.mbedtls_ctr_drbg_reseed  afr_3rdparty_mbedtls.a(ctr_drbg.o)
    0x00012cb2   0x00000026   Code   RO         6495    i.mbedtls_ctr_drbg_seed  afr_3rdparty_mbedtls.a(ctr_drbg.o)
    0x00012cd8   0x00000068   Code   RO         6496    i.mbedtls_ctr_drbg_seed_entropy_len  afr_3rdparty_mbedtls.a(ctr_drbg.o)
    0x00012d40   0x00000074   Code   RO         6583    i.mbedtls_ecdh_calc_secret  afr_3rdparty_mbedtls.a(ecdh.o)
    0x00012db4   0x00000078   Code   RO         6584    i.mbedtls_ecdh_compute_shared  afr_3rdparty_mbedtls.a(ecdh.o)
    0x00012e2c   0x0000004a   Code   RO         6585    i.mbedtls_ecdh_free  afr_3rdparty_mbedtls.a(ecdh.o)
    0x00012e76   0x00000024   Code   RO         6586    i.mbedtls_ecdh_gen_public  afr_3rdparty_mbedtls.a(ecdh.o)
    0x00012e9a   0x00000010   Code   RO         6588    i.mbedtls_ecdh_init  afr_3rdparty_mbedtls.a(ecdh.o)
    0x00012eaa   0x00000002   PAD
    0x00012eac   0x00000054   Code   RO         6590    i.mbedtls_ecdh_make_public  afr_3rdparty_mbedtls.a(ecdh.o)
    0x00012f00   0x0000003c   Code   RO         6591    i.mbedtls_ecdh_read_params  afr_3rdparty_mbedtls.a(ecdh.o)
    0x00012f3c   0x0000000c   Code   RO         9123    i.mbedtls_ecdsa_free  afr_3rdparty_mbedtls.a(ecdsa.o)
    0x00012f48   0x0000003c   Code   RO         9124    i.mbedtls_ecdsa_from_keypair  afr_3rdparty_mbedtls.a(ecdsa.o)
    0x00012f84   0x0000000c   Code   RO         9126    i.mbedtls_ecdsa_init  afr_3rdparty_mbedtls.a(ecdsa.o)
    0x00012f90   0x000000ac   Code   RO         9127    i.mbedtls_ecdsa_read_signature  afr_3rdparty_mbedtls.a(ecdsa.o)
    0x0001303c   0x00000200   Code   RO         9128    i.mbedtls_ecdsa_sign  afr_3rdparty_mbedtls.a(ecdsa.o)
    0x0001323c   0x00000180   Code   RO         9129    i.mbedtls_ecdsa_verify  afr_3rdparty_mbedtls.a(ecdsa.o)
    0x000133bc   0x00000068   Code   RO         9130    i.mbedtls_ecdsa_write_signature  afr_3rdparty_mbedtls.a(ecdsa.o)
    0x00013424   0x00000040   Code   RO         6663    i.mbedtls_ecp_check_privkey  afr_3rdparty_mbedtls.a(ecp.o)
    0x00013464   0x000000b8   Code   RO         6664    i.mbedtls_ecp_check_pub_priv  afr_3rdparty_mbedtls.a(ecp.o)
    0x0001351c   0x00000038   Code   RO         6665    i.mbedtls_ecp_check_pubkey  afr_3rdparty_mbedtls.a(ecp.o)
    0x00013554   0x0000004a   Code   RO         6666    i.mbedtls_ecp_copy  afr_3rdparty_mbedtls.a(ecp.o)
    0x0001359e   0x00000022   Code   RO         6667    i.mbedtls_ecp_curve_info_from_grp_id  afr_3rdparty_mbedtls.a(ecp.o)
    0x000135c0   0x00000022   Code   RO         6669    i.mbedtls_ecp_curve_info_from_tls_id  afr_3rdparty_mbedtls.a(ecp.o)
    0x000135e2   0x00000002   PAD
    0x000135e4   0x00000008   Code   RO         6670    i.mbedtls_ecp_curve_list  afr_3rdparty_mbedtls.a(ecp.o)
    0x000135ec   0x00000034   Code   RO         6671    i.mbedtls_ecp_gen_key  afr_3rdparty_mbedtls.a(ecp.o)
    0x00013620   0x00000026   Code   RO         6672    i.mbedtls_ecp_gen_keypair  afr_3rdparty_mbedtls.a(ecp.o)
    0x00013646   0x00000002   PAD
    0x00013648   0x000000b0   Code   RO         6673    i.mbedtls_ecp_gen_keypair_base  afr_3rdparty_mbedtls.a(ecp.o)
    0x000136f8   0x00000010   Code   RO         6674    i.mbedtls_ecp_group_copy  afr_3rdparty_mbedtls.a(ecp.o)
    0x00013708   0x00000064   Code   RO         6675    i.mbedtls_ecp_group_free  afr_3rdparty_mbedtls.a(ecp.o)
    0x0001376c   0x00000014   Code   RO         6676    i.mbedtls_ecp_group_init  afr_3rdparty_mbedtls.a(ecp.o)
    0x00013780   0x0000006c   Code   RO         9189    i.mbedtls_ecp_group_load  afr_3rdparty_mbedtls.a(ecp_curves.o)
    0x000137ec   0x0000003c   Code   RO         6677    i.mbedtls_ecp_grp_id_list  afr_3rdparty_mbedtls.a(ecp.o)
    0x00013828   0x00000018   Code   RO         6678    i.mbedtls_ecp_is_zero  afr_3rdparty_mbedtls.a(ecp.o)
    0x00013840   0x00000022   Code   RO         6679    i.mbedtls_ecp_keypair_free  afr_3rdparty_mbedtls.a(ecp.o)
    0x00013862   0x00000022   Code   RO         6680    i.mbedtls_ecp_keypair_init  afr_3rdparty_mbedtls.a(ecp.o)
    0x00013884   0x0000006c   Code   RO         6681    i.mbedtls_ecp_mul   afr_3rdparty_mbedtls.a(ecp.o)
    0x000138f0   0x0000008c   Code   RO         6682    i.mbedtls_ecp_mul_shortcuts  afr_3rdparty_mbedtls.a(ecp.o)
    0x0001397c   0x00000098   Code   RO         6683    i.mbedtls_ecp_muladd  afr_3rdparty_mbedtls.a(ecp.o)
    0x00013a14   0x00000022   Code   RO         6685    i.mbedtls_ecp_point_free  afr_3rdparty_mbedtls.a(ecp.o)
    0x00013a36   0x00000022   Code   RO         6686    i.mbedtls_ecp_point_init  afr_3rdparty_mbedtls.a(ecp.o)
    0x00013a58   0x0000009c   Code   RO         6687    i.mbedtls_ecp_point_read_binary  afr_3rdparty_mbedtls.a(ecp.o)
    0x00013af4   0x000000e4   Code   RO         6689    i.mbedtls_ecp_point_write_binary  afr_3rdparty_mbedtls.a(ecp.o)
    0x00013bd8   0x00000044   Code   RO         6691    i.mbedtls_ecp_set_zero  afr_3rdparty_mbedtls.a(ecp.o)
    0x00013c1c   0x00000060   Code   RO         6692    i.mbedtls_ecp_tls_read_group  afr_3rdparty_mbedtls.a(ecp.o)
    0x00013c7c   0x00000048   Code   RO         6693    i.mbedtls_ecp_tls_read_point  afr_3rdparty_mbedtls.a(ecp.o)
    0x00013cc4   0x00000048   Code   RO         6695    i.mbedtls_ecp_tls_write_point  afr_3rdparty_mbedtls.a(ecp.o)
    0x00013d0c   0x00000094   Code   RO         6932    i.mbedtls_entropy_add_source  afr_3rdparty_mbedtls.a(entropy.o)
    0x00013da0   0x00000030   Code   RO         6933    i.mbedtls_entropy_free  afr_3rdparty_mbedtls.a(entropy.o)
    0x00013dd0   0x00000140   Code   RO         6934    i.mbedtls_entropy_func  afr_3rdparty_mbedtls.a(entropy.o)
    0x00013f10   0x00000044   Code   RO         6936    i.mbedtls_entropy_init  afr_3rdparty_mbedtls.a(entropy.o)
    0x00013f54   0x00000014   Code   RO         7601    i.mbedtls_free      afr_3rdparty_mbedtls.a(platform.o)
    0x00013f68   0x00000070   Code   RO         9227    i.mbedtls_gcm_auth_decrypt  afr_3rdparty_mbedtls.a(gcm.o)
    0x00013fd8   0x00000058   Code   RO         9228    i.mbedtls_gcm_crypt_and_tag  afr_3rdparty_mbedtls.a(gcm.o)
    0x00014030   0x0000017a   Code   RO         9229    i.mbedtls_gcm_finish  afr_3rdparty_mbedtls.a(gcm.o)
    0x000141aa   0x00000016   Code   RO         9230    i.mbedtls_gcm_free  afr_3rdparty_mbedtls.a(gcm.o)
    0x000141c0   0x00000010   Code   RO         9231    i.mbedtls_gcm_init  afr_3rdparty_mbedtls.a(gcm.o)
    0x000141d0   0x00000070   Code   RO         9233    i.mbedtls_gcm_setkey  afr_3rdparty_mbedtls.a(gcm.o)
    0x00014240   0x0000017a   Code   RO         9234    i.mbedtls_gcm_starts  afr_3rdparty_mbedtls.a(gcm.o)
    0x000143ba   0x00000128   Code   RO         9235    i.mbedtls_gcm_update  afr_3rdparty_mbedtls.a(gcm.o)
    0x000144e2   0x00000008   Code   RO         6125    i.mbedtls_hardware_poll  afr_pkcs11.a(aws_pkcs11_pal.o)
    0x000144ea   0x00000068   Code   RO         8723    i.mbedtls_int_div_int  afr_3rdparty_mbedtls.a(bignum.o)
    0x00014552   0x00000002   PAD
    0x00014554   0x00000504   Code   RO         8555    i.mbedtls_internal_aes_decrypt  afr_3rdparty_mbedtls.a(aes.o)
    0x00014a58   0x00000504   Code   RO         8556    i.mbedtls_internal_aes_encrypt  afr_3rdparty_mbedtls.a(aes.o)
    0x00014f5c   0x000015d0   Code   RO         7652    i.mbedtls_internal_sha1_process  afr_3rdparty_mbedtls.a(sha1.o)
    0x0001652c   0x00000dd4   Code   RO         7714    i.mbedtls_internal_sha256_process  afr_3rdparty_mbedtls.a(sha256.o)
    0x00017300   0x00000024   Code   RO         7011    i.mbedtls_md        afr_3rdparty_mbedtls.a(md.o)
    0x00017324   0x00000020   Code   RO         7013    i.mbedtls_md_finish  afr_3rdparty_mbedtls.a(md.o)
    0x00017344   0x0000003a   Code   RO         7014    i.mbedtls_md_free   afr_3rdparty_mbedtls.a(md.o)
    0x0001737e   0x0000000c   Code   RO         7016    i.mbedtls_md_get_size  afr_3rdparty_mbedtls.a(md.o)
    0x0001738a   0x00000002   PAD
    0x0001738c   0x0000007c   Code   RO         7019    i.mbedtls_md_hmac_finish  afr_3rdparty_mbedtls.a(md.o)
    0x00017408   0x00000038   Code   RO         7020    i.mbedtls_md_hmac_reset  afr_3rdparty_mbedtls.a(md.o)
    0x00017440   0x000000dc   Code   RO         7021    i.mbedtls_md_hmac_starts  afr_3rdparty_mbedtls.a(md.o)
    0x0001751c   0x00000028   Code   RO         7022    i.mbedtls_md_hmac_update  afr_3rdparty_mbedtls.a(md.o)
    0x00017544   0x0000002c   Code   RO         7024    i.mbedtls_md_info_from_type  afr_3rdparty_mbedtls.a(md.o)
    0x00017570   0x0000000a   Code   RO         7025    i.mbedtls_md_init   afr_3rdparty_mbedtls.a(md.o)
    0x0001757a   0x00000002   PAD
    0x0001757c   0x00000020   Code   RO         7027    i.mbedtls_md_process  afr_3rdparty_mbedtls.a(md.o)
    0x0001759c   0x00000044   Code   RO         7028    i.mbedtls_md_setup  afr_3rdparty_mbedtls.a(md.o)
    0x000175e0   0x0000001c   Code   RO         7029    i.mbedtls_md_starts  afr_3rdparty_mbedtls.a(md.o)
    0x000175fc   0x00000024   Code   RO         7030    i.mbedtls_md_update  afr_3rdparty_mbedtls.a(md.o)
    0x00017620   0x000000f2   Code   RO         8724    i.mbedtls_mpi_add_abs  afr_3rdparty_mbedtls.a(bignum.o)
    0x00017712   0x00000038   Code   RO         8725    i.mbedtls_mpi_add_int  afr_3rdparty_mbedtls.a(bignum.o)
    0x0001774a   0x00000078   Code   RO         8726    i.mbedtls_mpi_add_mpi  afr_3rdparty_mbedtls.a(bignum.o)
    0x000177c2   0x00000038   Code   RO         8727    i.mbedtls_mpi_bitlen  afr_3rdparty_mbedtls.a(bignum.o)
    0x000177fa   0x0000008a   Code   RO         8728    i.mbedtls_mpi_cmp_abs  afr_3rdparty_mbedtls.a(bignum.o)
    0x00017884   0x00000034   Code   RO         8729    i.mbedtls_mpi_cmp_int  afr_3rdparty_mbedtls.a(bignum.o)
    0x000178b8   0x000000ac   Code   RO         8730    i.mbedtls_mpi_cmp_mpi  afr_3rdparty_mbedtls.a(bignum.o)
    0x00017964   0x00000078   Code   RO         8731    i.mbedtls_mpi_copy  afr_3rdparty_mbedtls.a(bignum.o)
    0x000179dc   0x000003d4   Code   RO         8733    i.mbedtls_mpi_div_mpi  afr_3rdparty_mbedtls.a(bignum.o)
    0x00017db0   0x00000564   Code   RO         8734    i.mbedtls_mpi_exp_mod  afr_3rdparty_mbedtls.a(bignum.o)
    0x00018314   0x0000005c   Code   RO         8735    i.mbedtls_mpi_fill_random  afr_3rdparty_mbedtls.a(bignum.o)
    0x00018370   0x00000028   Code   RO         8736    i.mbedtls_mpi_free  afr_3rdparty_mbedtls.a(bignum.o)
    0x00018398   0x0000015c   Code   RO         8737    i.mbedtls_mpi_gcd   afr_3rdparty_mbedtls.a(bignum.o)
    0x000184f4   0x00000022   Code   RO         8739    i.mbedtls_mpi_get_bit  afr_3rdparty_mbedtls.a(bignum.o)
    0x00018516   0x00000052   Code   RO         8740    i.mbedtls_mpi_grow  afr_3rdparty_mbedtls.a(bignum.o)
    0x00018568   0x00000012   Code   RO         8741    i.mbedtls_mpi_init  afr_3rdparty_mbedtls.a(bignum.o)
    0x0001857a   0x00000330   Code   RO         8742    i.mbedtls_mpi_inv_mod  afr_3rdparty_mbedtls.a(bignum.o)
    0x000188aa   0x0000005e   Code   RO         8743    i.mbedtls_mpi_is_prime  afr_3rdparty_mbedtls.a(bignum.o)
    0x00018908   0x00000034   Code   RO         8744    i.mbedtls_mpi_lsb   afr_3rdparty_mbedtls.a(bignum.o)
    0x0001893c   0x00000044   Code   RO         8745    i.mbedtls_mpi_lset  afr_3rdparty_mbedtls.a(bignum.o)
    0x00018980   0x00000078   Code   RO         8746    i.mbedtls_mpi_mod_int  afr_3rdparty_mbedtls.a(bignum.o)
    0x000189f8   0x0000007e   Code   RO         8747    i.mbedtls_mpi_mod_mpi  afr_3rdparty_mbedtls.a(bignum.o)
    0x00018a76   0x00000022   Code   RO         8748    i.mbedtls_mpi_mul_int  afr_3rdparty_mbedtls.a(bignum.o)
    0x00018a98   0x000000e8   Code   RO         8749    i.mbedtls_mpi_mul_mpi  afr_3rdparty_mbedtls.a(bignum.o)
    0x00018b80   0x00000088   Code   RO         8750    i.mbedtls_mpi_read_binary  afr_3rdparty_mbedtls.a(bignum.o)
    0x00018c08   0x00000086   Code   RO         8752    i.mbedtls_mpi_safe_cond_assign  afr_3rdparty_mbedtls.a(bignum.o)
    0x00018c8e   0x000000c2   Code   RO         8756    i.mbedtls_mpi_shift_l  afr_3rdparty_mbedtls.a(bignum.o)
    0x00018d50   0x000000a6   Code   RO         8757    i.mbedtls_mpi_shift_r  afr_3rdparty_mbedtls.a(bignum.o)
    0x00018df6   0x00000070   Code   RO         8758    i.mbedtls_mpi_shrink  afr_3rdparty_mbedtls.a(bignum.o)
    0x00018e66   0x00000010   Code   RO         8759    i.mbedtls_mpi_size  afr_3rdparty_mbedtls.a(bignum.o)
    0x00018e76   0x0000008c   Code   RO         8760    i.mbedtls_mpi_sub_abs  afr_3rdparty_mbedtls.a(bignum.o)
    0x00018f02   0x00000038   Code   RO         8761    i.mbedtls_mpi_sub_int  afr_3rdparty_mbedtls.a(bignum.o)
    0x00018f3a   0x00000078   Code   RO         8762    i.mbedtls_mpi_sub_mpi  afr_3rdparty_mbedtls.a(bignum.o)
    0x00018fb2   0x00000050   Code   RO         8764    i.mbedtls_mpi_write_binary  afr_3rdparty_mbedtls.a(bignum.o)
    0x00019002   0x00000010   Code   RO         8766    i.mbedtls_mpi_zeroize  afr_3rdparty_mbedtls.a(bignum.o)
    0x00019012   0x0000001e   Code   RO         7148    i.mbedtls_oid_get_ec_grp  afr_3rdparty_mbedtls.a(oid.o)
    0x00019030   0x00000030   Code   RO         7153    i.mbedtls_oid_get_oid_by_ec_grp  afr_3rdparty_mbedtls.a(oid.o)
    0x00019060   0x00000030   Code   RO         7154    i.mbedtls_oid_get_oid_by_md  afr_3rdparty_mbedtls.a(oid.o)
    0x00019090   0x0000001e   Code   RO         7157    i.mbedtls_oid_get_pk_alg  afr_3rdparty_mbedtls.a(oid.o)
    0x000190ae   0x00000028   Code   RO         7158    i.mbedtls_oid_get_sig_alg  afr_3rdparty_mbedtls.a(oid.o)
    0x000190d6   0x0000001e   Code   RO         7160    i.mbedtls_oid_get_x509_ext_type  afr_3rdparty_mbedtls.a(oid.o)
    0x000190f4   0x00000026   Code   RO         7290    i.mbedtls_pem_free  afr_3rdparty_mbedtls.a(pem.o)
    0x0001911a   0x0000000a   Code   RO         7291    i.mbedtls_pem_init  afr_3rdparty_mbedtls.a(pem.o)
    0x00019124   0x00000158   Code   RO         7292    i.mbedtls_pem_read_buffer  afr_3rdparty_mbedtls.a(pem.o)
    0x0001927c   0x0000001a   Code   RO         3075    i.mbedtls_pk_can_do  afr_3rdparty_mbedtls.a(pk.o)
    0x00019296   0x00000020   Code   RO         3080    i.mbedtls_pk_free   afr_3rdparty_mbedtls.a(pk.o)
    0x000192b6   0x00000018   Code   RO         3081    i.mbedtls_pk_get_bitlen  afr_3rdparty_mbedtls.a(pk.o)
    0x000192ce   0x00000012   Code   RO         3083    i.mbedtls_pk_get_type  afr_3rdparty_mbedtls.a(pk.o)
    0x000192e0   0x00000038   Code   RO         3084    i.mbedtls_pk_info_from_type  afr_3rdparty_mbedtls.a(pk.o)
    0x00019318   0x0000000e   Code   RO         3085    i.mbedtls_pk_init   afr_3rdparty_mbedtls.a(pk.o)
    0x00019326   0x00000002   PAD
    0x00019328   0x000002b8   Code   RO         7491    i.mbedtls_pk_parse_key  afr_3rdparty_mbedtls.a(pkparse.o)
    0x000195e0   0x000001e4   Code   RO         7492    i.mbedtls_pk_parse_public_key  afr_3rdparty_mbedtls.a(pkparse.o)
    0x000197c4   0x0000010c   Code   RO         7493    i.mbedtls_pk_parse_subpubkey  afr_3rdparty_mbedtls.a(pkparse.o)
    0x000198d0   0x0000002c   Code   RO         3086    i.mbedtls_pk_setup  afr_3rdparty_mbedtls.a(pk.o)
    0x000198fc   0x00000050   Code   RO         3088    i.mbedtls_pk_sign   afr_3rdparty_mbedtls.a(pk.o)
    0x0001994c   0x00000050   Code   RO         3089    i.mbedtls_pk_verify  afr_3rdparty_mbedtls.a(pk.o)
    0x0001999c   0x00000058   Code   RO         3090    i.mbedtls_pk_verify_ext  afr_3rdparty_mbedtls.a(pk.o)
    0x000199f4   0x00000334   Code   RO         7558    i.mbedtls_pk_write_key_der  afr_3rdparty_mbedtls.a(pkwrite.o)
    0x00019d28   0x00000018   Code   RO         7602    i.mbedtls_platform_set_calloc_free  afr_3rdparty_mbedtls.a(platform.o)
    0x00019d40   0x00000018   Code   RO         7638    i.mbedtls_platform_zeroize  afr_3rdparty_mbedtls.a(platform_util.o)
    0x00019d58   0x0000006c   Code   RO         9404    i.mbedtls_rsa_check_privkey  afr_3rdparty_mbedtls.a(rsa.o)
    0x00019dc4   0x00000044   Code   RO         9405    i.mbedtls_rsa_check_pub_priv  afr_3rdparty_mbedtls.a(rsa.o)
    0x00019e08   0x00000058   Code   RO         9406    i.mbedtls_rsa_check_pubkey  afr_3rdparty_mbedtls.a(rsa.o)
    0x00019e60   0x000001b4   Code   RO         9407    i.mbedtls_rsa_complete  afr_3rdparty_mbedtls.a(rsa.o)
    0x0001a014   0x000000a0   Code   RO         9757    i.mbedtls_rsa_deduce_crt  afr_3rdparty_mbedtls.a(rsa_internal.o)
    0x0001a0b4   0x0000024c   Code   RO         9758    i.mbedtls_rsa_deduce_primes  afr_3rdparty_mbedtls.a(rsa_internal.o)
    0x0001a300   0x000000f4   Code   RO         9759    i.mbedtls_rsa_deduce_private_exponent  afr_3rdparty_mbedtls.a(rsa_internal.o)
    0x0001a3f4   0x000000d8   Code   RO         9409    i.mbedtls_rsa_export  afr_3rdparty_mbedtls.a(rsa.o)
    0x0001a4cc   0x000000a0   Code   RO         9410    i.mbedtls_rsa_export_crt  afr_3rdparty_mbedtls.a(rsa.o)
    0x0001a56c   0x0000007c   Code   RO         9412    i.mbedtls_rsa_free  afr_3rdparty_mbedtls.a(rsa.o)
    0x0001a5e8   0x00000006   Code   RO         9414    i.mbedtls_rsa_get_len  afr_3rdparty_mbedtls.a(rsa.o)
    0x0001a5ee   0x000000c2   Code   RO         9416    i.mbedtls_rsa_import_raw  afr_3rdparty_mbedtls.a(rsa.o)
    0x0001a6b0   0x0000002c   Code   RO         9417    i.mbedtls_rsa_init  afr_3rdparty_mbedtls.a(rsa.o)
    0x0001a6dc   0x00000038   Code   RO         9418    i.mbedtls_rsa_pkcs1_decrypt  afr_3rdparty_mbedtls.a(rsa.o)
    0x0001a714   0x00000038   Code   RO         9419    i.mbedtls_rsa_pkcs1_encrypt  afr_3rdparty_mbedtls.a(rsa.o)
    0x0001a74c   0x00000038   Code   RO         9420    i.mbedtls_rsa_pkcs1_sign  afr_3rdparty_mbedtls.a(rsa.o)
    0x0001a784   0x00000038   Code   RO         9421    i.mbedtls_rsa_pkcs1_verify  afr_3rdparty_mbedtls.a(rsa.o)
    0x0001a7bc   0x00000344   Code   RO         9422    i.mbedtls_rsa_private  afr_3rdparty_mbedtls.a(rsa.o)
    0x0001ab00   0x000000c8   Code   RO         9423    i.mbedtls_rsa_public  afr_3rdparty_mbedtls.a(rsa.o)
    0x0001abc8   0x0000016c   Code   RO         9424    i.mbedtls_rsa_rsaes_pkcs1_v15_decrypt  afr_3rdparty_mbedtls.a(rsa.o)
    0x0001ad34   0x000000f0   Code   RO         9425    i.mbedtls_rsa_rsaes_pkcs1_v15_encrypt  afr_3rdparty_mbedtls.a(rsa.o)
    0x0001ae24   0x000000dc   Code   RO         9426    i.mbedtls_rsa_rsassa_pkcs1_v15_sign  afr_3rdparty_mbedtls.a(rsa.o)
    0x0001af00   0x000000cc   Code   RO         9427    i.mbedtls_rsa_rsassa_pkcs1_v15_verify  afr_3rdparty_mbedtls.a(rsa.o)
    0x0001afcc   0x0000000a   Code   RO         9429    i.mbedtls_rsa_set_padding  afr_3rdparty_mbedtls.a(rsa.o)
    0x0001afd6   0x00000002   PAD
    0x0001afd8   0x00000150   Code   RO         9760    i.mbedtls_rsa_validate_crt  afr_3rdparty_mbedtls.a(rsa_internal.o)
    0x0001b128   0x00000208   Code   RO         9761    i.mbedtls_rsa_validate_params  afr_3rdparty_mbedtls.a(rsa_internal.o)
    0x0001b330   0x00000024   Code   RO         9430    i.mbedtls_safer_memcmp  afr_3rdparty_mbedtls.a(rsa.o)
    0x0001b354   0x00000012   Code   RO         7653    i.mbedtls_sha1_clone  afr_3rdparty_mbedtls.a(sha1.o)
    0x0001b366   0x00000124   Code   RO         7654    i.mbedtls_sha1_finish_ret  afr_3rdparty_mbedtls.a(sha1.o)
    0x0001b48a   0x00000014   Code   RO         7655    i.mbedtls_sha1_free  afr_3rdparty_mbedtls.a(sha1.o)
    0x0001b49e   0x0000000e   Code   RO         7656    i.mbedtls_sha1_init  afr_3rdparty_mbedtls.a(sha1.o)
    0x0001b4ac   0x00000048   Code   RO         7657    i.mbedtls_sha1_ret  afr_3rdparty_mbedtls.a(sha1.o)
    0x0001b4f4   0x00000030   Code   RO         7659    i.mbedtls_sha1_starts_ret  afr_3rdparty_mbedtls.a(sha1.o)
    0x0001b524   0x00000092   Code   RO         7660    i.mbedtls_sha1_update_ret  afr_3rdparty_mbedtls.a(sha1.o)
    0x0001b5b6   0x00000012   Code   RO         7715    i.mbedtls_sha256_clone  afr_3rdparty_mbedtls.a(sha256.o)
    0x0001b5c8   0x00000196   Code   RO         7716    i.mbedtls_sha256_finish_ret  afr_3rdparty_mbedtls.a(sha256.o)
    0x0001b75e   0x00000014   Code   RO         7717    i.mbedtls_sha256_free  afr_3rdparty_mbedtls.a(sha256.o)
    0x0001b772   0x0000000e   Code   RO         7718    i.mbedtls_sha256_init  afr_3rdparty_mbedtls.a(sha256.o)
    0x0001b780   0x00000056   Code   RO         7719    i.mbedtls_sha256_ret  afr_3rdparty_mbedtls.a(sha256.o)
    0x0001b7d6   0x00000002   PAD
    0x0001b7d8   0x00000094   Code   RO         7721    i.mbedtls_sha256_starts_ret  afr_3rdparty_mbedtls.a(sha256.o)
    0x0001b86c   0x00000092   Code   RO         7722    i.mbedtls_sha256_update_ret  afr_3rdparty_mbedtls.a(sha256.o)
    0x0001b8fe   0x00000002   PAD
    0x0001b900   0x000000b8   Code   RO         3193    i.mbedtls_ssl_check_cert_usage  afr_3rdparty_mbedtls.a(ssl_tls.o)
    0x0001b9b8   0x0000002c   Code   RO         3194    i.mbedtls_ssl_check_curve  afr_3rdparty_mbedtls.a(ssl_tls.o)
    0x0001b9e4   0x0000002c   Code   RO         3196    i.mbedtls_ssl_check_sig_hash  afr_3rdparty_mbedtls.a(ssl_tls.o)
    0x0001ba10   0x00000020   Code   RO         7776    i.mbedtls_ssl_ciphersuite_from_id  afr_3rdparty_mbedtls.a(ssl_ciphersuites.o)
    0x0001ba30   0x0000002a   Code   RO         7778    i.mbedtls_ssl_ciphersuite_uses_ec  afr_3rdparty_mbedtls.a(ssl_ciphersuites.o)
    0x0001ba5a   0x00000002   PAD
    0x0001ba5c   0x00000048   Code   RO         3197    i.mbedtls_ssl_close_notify  afr_3rdparty_mbedtls.a(ssl_tls.o)
    0x0001baa4   0x00000040   Code   RO         3198    i.mbedtls_ssl_conf_alpn_protocols  afr_3rdparty_mbedtls.a(ssl_tls.o)
    0x0001bae4   0x0000000a   Code   RO         3199    i.mbedtls_ssl_conf_authmode  afr_3rdparty_mbedtls.a(ssl_tls.o)
    0x0001baee   0x00000006   Code   RO         3200    i.mbedtls_ssl_conf_ca_chain  afr_3rdparty_mbedtls.a(ssl_tls.o)
    0x0001baf4   0x0000000a   Code   RO         3207    i.mbedtls_ssl_conf_endpoint  afr_3rdparty_mbedtls.a(ssl_tls.o)
    0x0001bafe   0x00000016   Code   RO         3213    i.mbedtls_ssl_conf_own_cert  afr_3rdparty_mbedtls.a(ssl_tls.o)
    0x0001bb14   0x00000006   Code   RO         3215    i.mbedtls_ssl_conf_rng  afr_3rdparty_mbedtls.a(ssl_tls.o)
    0x0001bb1a   0x0000000a   Code   RO         3218    i.mbedtls_ssl_conf_transport  afr_3rdparty_mbedtls.a(ssl_tls.o)
    0x0001bb24   0x00000006   Code   RO         3219    i.mbedtls_ssl_conf_verify  afr_3rdparty_mbedtls.a(ssl_tls.o)
    0x0001bb2a   0x00000002   PAD
    0x0001bb2c   0x000000bc   Code   RO         3220    i.mbedtls_ssl_config_defaults  afr_3rdparty_mbedtls.a(ssl_tls.o)
    0x0001bbe8   0x00000014   Code   RO         3221    i.mbedtls_ssl_config_free  afr_3rdparty_mbedtls.a(ssl_tls.o)
    0x0001bbfc   0x0000000e   Code   RO         3222    i.mbedtls_ssl_config_init  afr_3rdparty_mbedtls.a(ssl_tls.o)
    0x0001bc0a   0x00000002   PAD
    0x0001bc0c   0x000003fc   Code   RO         3223    i.mbedtls_ssl_derive_keys  afr_3rdparty_mbedtls.a(ssl_tls.o)
    0x0001c008   0x000000c8   Code   RO         3224    i.mbedtls_ssl_fetch_input  afr_3rdparty_mbedtls.a(ssl_tls.o)
    0x0001c0d0   0x00000094   Code   RO         3225    i.mbedtls_ssl_flush_output  afr_3rdparty_mbedtls.a(ssl_tls.o)
    0x0001c164   0x000000b2   Code   RO         3226    i.mbedtls_ssl_free  afr_3rdparty_mbedtls.a(ssl_tls.o)
    0x0001c216   0x00000030   Code   RO         7782    i.mbedtls_ssl_get_ciphersuite_sig_pk_alg  afr_3rdparty_mbedtls.a(ssl_ciphersuites.o)
    0x0001c246   0x000000a4   Code   RO         3230    i.mbedtls_ssl_get_key_exchange_md_tls1_2  afr_3rdparty_mbedtls.a(ssl_tls.o)
    0x0001c2ea   0x00000054   Code   RO         3231    i.mbedtls_ssl_get_max_frag_len  afr_3rdparty_mbedtls.a(ssl_tls.o)
    0x0001c33e   0x0000001a   Code   RO         3232    i.mbedtls_ssl_get_max_out_record_payload  afr_3rdparty_mbedtls.a(ssl_tls.o)
    0x0001c358   0x000000ac   Code   RO         3238    i.mbedtls_ssl_handle_message_type  afr_3rdparty_mbedtls.a(ssl_tls.o)
    0x0001c404   0x00000038   Code   RO         3239    i.mbedtls_ssl_handshake  afr_3rdparty_mbedtls.a(ssl_tls.o)
    0x0001c43c   0x000000ec   Code   RO         7854    i.mbedtls_ssl_handshake_client_step  afr_3rdparty_mbedtls.a(ssl_cli.o)
    0x0001c528   0x0000004e   Code   RO         3240    i.mbedtls_ssl_handshake_free  afr_3rdparty_mbedtls.a(ssl_tls.o)
    0x0001c576   0x00000002   PAD
    0x0001c578   0x00000030   Code   RO         3241    i.mbedtls_ssl_handshake_step  afr_3rdparty_mbedtls.a(ssl_tls.o)
    0x0001c5a8   0x0000005e   Code   RO         3242    i.mbedtls_ssl_handshake_wrapup  afr_3rdparty_mbedtls.a(ssl_tls.o)
    0x0001c606   0x00000020   Code   RO         3243    i.mbedtls_ssl_hash_from_md_alg  afr_3rdparty_mbedtls.a(ssl_tls.o)
    0x0001c626   0x0000000e   Code   RO         3244    i.mbedtls_ssl_init  afr_3rdparty_mbedtls.a(ssl_tls.o)
    0x0001c634   0x0000004c   Code   RO         7783    i.mbedtls_ssl_list_ciphersuites  afr_3rdparty_mbedtls.a(ssl_ciphersuites.o)
    0x0001c680   0x00000020   Code   RO         3245    i.mbedtls_ssl_md_alg_from_hash  afr_3rdparty_mbedtls.a(ssl_tls.o)
    0x0001c6a0   0x00000020   Code   RO         3246    i.mbedtls_ssl_optimize_checksum  afr_3rdparty_mbedtls.a(ssl_tls.o)
    0x0001c6c0   0x00000024   Code   RO         7855    i.mbedtls_ssl_own_key  afr_3rdparty_mbedtls.a(ssl_cli.o)
    0x0001c6e4   0x0000039c   Code   RO         3247    i.mbedtls_ssl_parse_certificate  afr_3rdparty_mbedtls.a(ssl_tls.o)
    0x0001ca80   0x00000064   Code   RO         3248    i.mbedtls_ssl_parse_change_cipher_spec  afr_3rdparty_mbedtls.a(ssl_tls.o)
    0x0001cae4   0x000000cc   Code   RO         3249    i.mbedtls_ssl_parse_finished  afr_3rdparty_mbedtls.a(ssl_tls.o)
    0x0001cbb0   0x00000018   Code   RO         3250    i.mbedtls_ssl_pk_alg_from_sig  afr_3rdparty_mbedtls.a(ssl_tls.o)
    0x0001cbc8   0x00000044   Code   RO         3251    i.mbedtls_ssl_prepare_handshake_record  afr_3rdparty_mbedtls.a(ssl_tls.o)
    0x0001cc0c   0x0000016c   Code   RO         3252    i.mbedtls_ssl_read  afr_3rdparty_mbedtls.a(ssl_tls.o)
    0x0001cd78   0x00000088   Code   RO         3253    i.mbedtls_ssl_read_record  afr_3rdparty_mbedtls.a(ssl_tls.o)
    0x0001ce00   0x0000000c   Code   RO         3254    i.mbedtls_ssl_read_version  afr_3rdparty_mbedtls.a(ssl_tls.o)
    0x0001ce0c   0x00000036   Code   RO         3256    i.mbedtls_ssl_safer_memcmp  afr_3rdparty_mbedtls.a(ssl_tls.o)
    0x0001ce42   0x00000002   PAD
    0x0001ce44   0x00000054   Code   RO         3257    i.mbedtls_ssl_send_alert_message  afr_3rdparty_mbedtls.a(ssl_tls.o)
    0x0001ce98   0x00000024   Code   RO         3259    i.mbedtls_ssl_session_free  afr_3rdparty_mbedtls.a(ssl_tls.o)
    0x0001cebc   0x0000000e   Code   RO         3260    i.mbedtls_ssl_session_init  afr_3rdparty_mbedtls.a(ssl_tls.o)
    0x0001ceca   0x0000000e   Code   RO         3262    i.mbedtls_ssl_set_bio  afr_3rdparty_mbedtls.a(ssl_tls.o)
    0x0001ced8   0x00000080   Code   RO         3264    i.mbedtls_ssl_set_hostname  afr_3rdparty_mbedtls.a(ssl_tls.o)
    0x0001cf58   0x00000090   Code   RO         3270    i.mbedtls_ssl_setup  afr_3rdparty_mbedtls.a(ssl_tls.o)
    0x0001cfe8   0x00000024   Code   RO         3271    i.mbedtls_ssl_sig_from_pk  afr_3rdparty_mbedtls.a(ssl_tls.o)
    0x0001d00c   0x00000006   Code   RO         3274    i.mbedtls_ssl_sig_hash_set_const_hash  afr_3rdparty_mbedtls.a(ssl_tls.o)
    0x0001d012   0x00000034   Code   RO         3276    i.mbedtls_ssl_transform_free  afr_3rdparty_mbedtls.a(ssl_tls.o)
    0x0001d046   0x0000001e   Code   RO         3277    i.mbedtls_ssl_update_handshake_status  afr_3rdparty_mbedtls.a(ssl_tls.o)
    0x0001d064   0x0000004c   Code   RO         3278    i.mbedtls_ssl_write  afr_3rdparty_mbedtls.a(ssl_tls.o)
    0x0001d0b0   0x0000012c   Code   RO         3279    i.mbedtls_ssl_write_certificate  afr_3rdparty_mbedtls.a(ssl_tls.o)
    0x0001d1dc   0x0000003a   Code   RO         3280    i.mbedtls_ssl_write_change_cipher_spec  afr_3rdparty_mbedtls.a(ssl_tls.o)
    0x0001d216   0x00000098   Code   RO         3281    i.mbedtls_ssl_write_finished  afr_3rdparty_mbedtls.a(ssl_tls.o)
    0x0001d2ae   0x00000002   PAD
    0x0001d2b0   0x000000a8   Code   RO         3282    i.mbedtls_ssl_write_handshake_msg  afr_3rdparty_mbedtls.a(ssl_tls.o)
    0x0001d358   0x00000110   Code   RO         3283    i.mbedtls_ssl_write_record  afr_3rdparty_mbedtls.a(ssl_tls.o)
    0x0001d468   0x00000008   Code   RO         3284    i.mbedtls_ssl_write_version  afr_3rdparty_mbedtls.a(ssl_tls.o)
    0x0001d470   0x00000024   Code   RO         8011    i.mbedtls_threading_set_alt  afr_3rdparty_mbedtls.a(threading.o)
    0x0001d494   0x0000006c   Code   RO         3955    i.mbedtls_x509_crt_check_extended_key_usage  afr_3rdparty_mbedtls.a(x509_crt.o)
    0x0001d500   0x00000048   Code   RO         3956    i.mbedtls_x509_crt_check_key_usage  afr_3rdparty_mbedtls.a(x509_crt.o)
    0x0001d548   0x000000c8   Code   RO         3957    i.mbedtls_x509_crt_free  afr_3rdparty_mbedtls.a(x509_crt.o)
    0x0001d610   0x00000010   Code   RO         3959    i.mbedtls_x509_crt_init  afr_3rdparty_mbedtls.a(x509_crt.o)
    0x0001d620   0x00000134   Code   RO         3960    i.mbedtls_x509_crt_parse  afr_3rdparty_mbedtls.a(x509_crt.o)
    0x0001d754   0x0000008c   Code   RO         3961    i.mbedtls_x509_crt_parse_der  afr_3rdparty_mbedtls.a(x509_crt.o)
    0x0001d7e0   0x000000cc   Code   RO         3964    i.mbedtls_x509_crt_verify_with_profile  afr_3rdparty_mbedtls.a(x509_crt.o)
    0x0001d8ac   0x0000002a   Code   RO         8045    i.mbedtls_x509_get_alg  afr_3rdparty_mbedtls.a(x509.o)
    0x0001d8d6   0x00000002   PAD
    0x0001d8d8   0x0000006c   Code   RO         8047    i.mbedtls_x509_get_ext  afr_3rdparty_mbedtls.a(x509.o)
    0x0001d944   0x00000088   Code   RO         8048    i.mbedtls_x509_get_name  afr_3rdparty_mbedtls.a(x509.o)
    0x0001d9cc   0x00000060   Code   RO         8049    i.mbedtls_x509_get_serial  afr_3rdparty_mbedtls.a(x509.o)
    0x0001da2c   0x00000050   Code   RO         8050    i.mbedtls_x509_get_sig  afr_3rdparty_mbedtls.a(x509.o)
    0x0001da7c   0x00000050   Code   RO         8051    i.mbedtls_x509_get_sig_alg  afr_3rdparty_mbedtls.a(x509.o)
    0x0001dacc   0x00000060   Code   RO         8052    i.mbedtls_x509_get_time  afr_3rdparty_mbedtls.a(x509.o)
    0x0001db2c   0x00000006   Code   RO         8057    i.mbedtls_x509_time_is_future  afr_3rdparty_mbedtls.a(x509.o)
    0x0001db32   0x00000006   Code   RO         8058    i.mbedtls_x509_time_is_past  afr_3rdparty_mbedtls.a(x509.o)
    0x0001db38   0x00000068   Code   RO         8767    i.mpi_check_small_factors  afr_3rdparty_mbedtls.a(bignum.o)
    0x0001dba0   0x00000246   Code   RO         8769    i.mpi_miller_rabin  afr_3rdparty_mbedtls.a(bignum.o)
    0x0001dde6   0x00000032   Code   RO         8770    i.mpi_montg_init    afr_3rdparty_mbedtls.a(bignum.o)
    0x0001de18   0x000000cc   Code   RO         8771    i.mpi_montmul       afr_3rdparty_mbedtls.a(bignum.o)
    0x0001dee4   0x0000002c   Code   RO         8772    i.mpi_montred       afr_3rdparty_mbedtls.a(bignum.o)
    0x0001df10   0x00000630   Code   RO         8773    i.mpi_mul_hlp       afr_3rdparty_mbedtls.a(bignum.o)
    0x0001e540   0x00000062   Code   RO         8774    i.mpi_sub_hlp       afr_3rdparty_mbedtls.a(bignum.o)
    0x0001e5a2   0x00000002   PAD
    0x0001e5a4   0x0000003c   Code   RO         7163    i.oid_grp_id_from_asn1  afr_3rdparty_mbedtls.a(oid.o)
    0x0001e5e0   0x0000003c   Code   RO         7166    i.oid_pk_alg_from_asn1  afr_3rdparty_mbedtls.a(oid.o)
    0x0001e61c   0x0000003c   Code   RO         7167    i.oid_sig_alg_from_asn1  afr_3rdparty_mbedtls.a(oid.o)
    0x0001e658   0x0000003c   Code   RO         7168    i.oid_x509_ext_from_asn1  afr_3rdparty_mbedtls.a(oid.o)
    0x0001e694   0x00000030   Code   RO         4447    i.pcTaskGetName     afr_kernel.a(tasks.o)
    0x0001e6c4   0x00000060   Code   RO         7494    i.pk_get_ecparams   afr_3rdparty_mbedtls.a(pkparse.o)
    0x0001e724   0x00000032   Code   RO         7495    i.pk_get_ecpubkey   afr_3rdparty_mbedtls.a(pkparse.o)
    0x0001e756   0x00000002   PAD
    0x0001e758   0x00000060   Code   RO         7496    i.pk_get_pk_alg     afr_3rdparty_mbedtls.a(pkparse.o)
    0x0001e7b8   0x000000e4   Code   RO         7497    i.pk_get_rsapubkey  afr_3rdparty_mbedtls.a(pkparse.o)
    0x0001e89c   0x00000028   Code   RO         3091    i.pk_hashlen_helper  afr_3rdparty_mbedtls.a(pk.o)
    0x0001e8c4   0x000001e8   Code   RO         7498    i.pk_parse_key_pkcs1_der  afr_3rdparty_mbedtls.a(pkparse.o)
    0x0001eaac   0x00000134   Code   RO         7499    i.pk_parse_key_pkcs8_unencrypted_der  afr_3rdparty_mbedtls.a(pkparse.o)
    0x0001ebe0   0x000001a4   Code   RO         7500    i.pk_parse_key_sec1_der  afr_3rdparty_mbedtls.a(pkparse.o)
    0x0001ed84   0x00000050   Code   RO         7501    i.pk_use_ecparams   afr_3rdparty_mbedtls.a(pkparse.o)
    0x0001edd4   0x0000003e   Code   RO         7561    i.pk_write_ec_param  afr_3rdparty_mbedtls.a(pkwrite.o)
    0x0001ee12   0x0000005a   Code   RO         7562    i.pk_write_ec_pubkey  afr_3rdparty_mbedtls.a(pkwrite.o)
    0x0001ee6c   0x00000084   Code   RO         2425    i.prIotMutexTimedLock  afr_common.a(iot_threads_afr.o)
    0x0001eef0   0x00000098   Code   RO         4448    i.prvAddCurrentTaskToDelayedList  afr_kernel.a(tasks.o)
    0x0001ef88   0x000000b8   Code   RO         4449    i.prvAddNewTaskToReadyList  afr_kernel.a(tasks.o)
    0x0001f040   0x00000020   Code   RO         3020    i.prvCalloc         afr_pkcs11.a(aws_crypto.o)
    0x0001f060   0x000000dc   Code   RO         1060    i.prvCheckCertificate  aws_tls.o
    0x0001f13c   0x00000074   Code   RO         8287    i.prvCheckForValidListAndQueue  afr_kernel.a(timers.o)
    0x0001f1b0   0x00000048   Code   RO         4450    i.prvCheckTasksWaitingTermination  afr_kernel.a(tasks.o)
    0x0001f1f8   0x0000002a   Code   RO         4191    i.prvCopyDataFromQueue  afr_kernel.a(queue.o)
    0x0001f222   0x0000007e   Code   RO         4192    i.prvCopyDataToQueue  afr_kernel.a(queue.o)
    0x0001f2a0   0x00000050   Code   RO         4451    i.prvDeleteTCB      afr_kernel.a(tasks.o)
    0x0001f2f0   0x000000c8   Code   RO         6126    i.prvFLASH_ReadFile  afr_pkcs11.a(aws_pkcs11_pal.o)
    0x0001f3b8   0x00000124   Code   RO         6127    i.prvFLASH_SaveFile  afr_pkcs11.a(aws_pkcs11_pal.o)
    0x0001f4dc   0x00000084   Code   RO         6128    i.prvFLASH_update   afr_pkcs11.a(aws_pkcs11_pal.o)
    0x0001f560   0x0000003e   Code   RO         1061    i.prvFreeContext    aws_tls.o
    0x0001f59e   0x00000002   PAD
    0x0001f5a0   0x00000068   Code   RO         1062    i.prvGenerateRandomBytes  aws_tls.o
    0x0001f608   0x00000014   Code   RO         4193    i.prvGetDisinheritPriorityAfterTimeout  afr_kernel.a(queue.o)
    0x0001f61c   0x00000068   Code   RO          957    i.prvGetFreeSocket  aws_secure_sockets.o
    0x0001f684   0x00000028   Code   RO         8288    i.prvGetNextExpireTime  afr_kernel.a(timers.o)
    0x0001f6ac   0x0000007c   Code   RO         5415    i.prvHeapInit       afr_kernel.a(heap_4.o)
    0x0001f728   0x0000002c   Code   RO         4452    i.prvIdleTask       afr_kernel.a(tasks.o)
    0x0001f754   0x0000001e   Code   RO         4194    i.prvInitialiseMutex  afr_kernel.a(queue.o)
    0x0001f772   0x0000002a   Code   RO         4195    i.prvInitialiseNewQueue  afr_kernel.a(queue.o)
    0x0001f79c   0x000000be   Code   RO         4453    i.prvInitialiseNewTask  afr_kernel.a(tasks.o)
    0x0001f85a   0x0000005a   Code   RO         8289    i.prvInitialiseNewTimer  afr_kernel.a(timers.o)
    0x0001f8b4   0x00000068   Code   RO         4454    i.prvInitialiseTaskLists  afr_kernel.a(tasks.o)
    0x0001f91c   0x00000230   Code   RO         1063    i.prvInitializeClientCredential  aws_tls.o
    0x0001fb4c   0x00000068   Code   RO         5416    i.prvInsertBlockIntoFreeList  afr_kernel.a(heap_4.o)
    0x0001fbb4   0x00000058   Code   RO         8290    i.prvInsertTimerInActiveList  afr_kernel.a(timers.o)
    0x0001fc0c   0x0000001a   Code   RO         4196    i.prvIsQueueEmpty   afr_kernel.a(queue.o)
    0x0001fc26   0x0000001e   Code   RO         4197    i.prvIsQueueFull    afr_kernel.a(queue.o)
    0x0001fc44   0x00000048   Code   RO          958    i.prvIsValidSocket  aws_secure_sockets.o
    0x0001fc8c   0x00000108   Code   RO         6129    i.prvLabelToFilenameHandle  afr_pkcs11.a(aws_pkcs11_pal.o)
    0x0001fd94   0x0000002c   Code   RO         2233    i.prvLoggingTask    afr_common.a(aws_logging_task_dynamic_buffers.o)
    0x0001fdc0   0x00000070   Code   RO         2847    i.prvMbedTLS_Initialize  afr_pkcs11.a(aws_pkcs11_mbedtls.o)
    0x0001fe30   0x00000014   Code   RO          644    i.prvMiscInitialization  main.o
    0x0001fe44   0x000000b0   Code   RO          959    i.prvNetworkRecv    aws_secure_sockets.o
    0x0001fef4   0x0000001a   Code   RO         1064    i.prvNetworkRecv    aws_tls.o
    0x0001ff0e   0x00000002   PAD
    0x0001ff10   0x0000009c   Code   RO          960    i.prvNetworkSend    aws_secure_sockets.o
    0x0001ffac   0x0000001a   Code   RO         1065    i.prvNetworkSend    aws_tls.o
    0x0001ffc6   0x00000002   PAD
    0x0001ffc8   0x0000008c   Code   RO         1066    i.prvPrivateKeySigningCallback  aws_tls.o
    0x00020054   0x00000074   Code   RO         8291    i.prvProcessExpiredTimer  afr_kernel.a(timers.o)
    0x000200c8   0x00000138   Code   RO         8292    i.prvProcessReceivedCommands  afr_kernel.a(timers.o)
    0x00020200   0x00000074   Code   RO         8293    i.prvProcessTimerOrBlockTask  afr_kernel.a(timers.o)
    0x00020274   0x00000034   Code   RO         4456    i.prvResetNextTaskUnblockTime  afr_kernel.a(tasks.o)
    0x000202a8   0x00000040   Code   RO          961    i.prvReturnSocket   aws_secure_sockets.o
    0x000202e8   0x0000002c   Code   RO         8294    i.prvSampleTimeNow  afr_kernel.a(timers.o)
    0x00020314   0x00000002   Code   RO         2848    i.prvSessionPointerFromHandle  afr_pkcs11.a(aws_pkcs11_mbedtls.o)
    0x00020316   0x00000002   PAD
    0x00020318   0x00000100   Code   RO          645    i.prvSetupHardware  main.o
    0x00020418   0x000000a4   Code   RO         8295    i.prvSwitchTimerLists  afr_kernel.a(timers.o)
    0x000204bc   0x00000040   Code   RO         8434    i.prvTaskExitError  afr_kernel.a(port.o)
    0x000204fc   0x0000001e   Code   RO         8164    i.prvTestWaitCondition  afr_kernel.a(event_groups.o)
    0x0002051a   0x00000048   Code   RO         2303    i.prvTimerCallback  afr_common.a(iot_clock_afr.o)
    0x00020562   0x0000001e   Code   RO         8296    i.prvTimerTask      afr_kernel.a(timers.o)
    0x00020580   0x0000007e   Code   RO         4198    i.prvUnlockQueue    afr_kernel.a(queue.o)
    0x000205fe   0x00000002   PAD
    0x00020600   0x00000158   Code   RO          646    i.prvWifiConnect    main.o
    0x00020758   0x00000148   Code   RO         5417    i.pvPortMalloc      afr_kernel.a(heap_4.o)
    0x000208a0   0x00000020   Code   RO         4459    i.pvTaskIncrementMutexHeldCount  afr_kernel.a(tasks.o)
    0x000208c0   0x0000002c   Code   RO         8297    i.pvTimerGetTimerID  afr_kernel.a(timers.o)
    0x000208ec   0x0000002c   Code   RO         8435    i.pxPortInitialiseStack  afr_kernel.a(port.o)
    0x00020918   0x0000001c   Code   RO         7334    i.rsa_alloc_wrap    afr_3rdparty_mbedtls.a(pk_wrap.o)
    0x00020934   0x0000001a   Code   RO         7335    i.rsa_alt_alloc_wrap  afr_3rdparty_mbedtls.a(pk_wrap.o)
    0x0002094e   0x0000000c   Code   RO         7336    i.rsa_alt_can_do    afr_3rdparty_mbedtls.a(pk_wrap.o)
    0x0002095a   0x00000002   PAD
    0x0002095c   0x00000078   Code   RO         7337    i.rsa_alt_check_pair  afr_3rdparty_mbedtls.a(pk_wrap.o)
    0x000209d4   0x0000003c   Code   RO         7338    i.rsa_alt_decrypt_wrap  afr_3rdparty_mbedtls.a(pk_wrap.o)
    0x00020a10   0x00000014   Code   RO         7339    i.rsa_alt_free_wrap  afr_3rdparty_mbedtls.a(pk_wrap.o)
    0x00020a24   0x00000010   Code   RO         7340    i.rsa_alt_get_bitlen  afr_3rdparty_mbedtls.a(pk_wrap.o)
    0x00020a34   0x0000003c   Code   RO         7341    i.rsa_alt_sign_wrap  afr_3rdparty_mbedtls.a(pk_wrap.o)
    0x00020a70   0x00000012   Code   RO         7342    i.rsa_can_do        afr_3rdparty_mbedtls.a(pk_wrap.o)
    0x00020a82   0x00000002   PAD
    0x00020a84   0x000000cc   Code   RO         9432    i.rsa_check_context  afr_3rdparty_mbedtls.a(rsa.o)
    0x00020b50   0x00000010   Code   RO         7343    i.rsa_check_pair_wrap  afr_3rdparty_mbedtls.a(pk_wrap.o)
    0x00020b60   0x00000030   Code   RO         7344    i.rsa_debug         afr_3rdparty_mbedtls.a(pk_wrap.o)
    0x00020b90   0x00000044   Code   RO         7345    i.rsa_decrypt_wrap  afr_3rdparty_mbedtls.a(pk_wrap.o)
    0x00020bd4   0x00000048   Code   RO         7346    i.rsa_encrypt_wrap  afr_3rdparty_mbedtls.a(pk_wrap.o)
    0x00020c1c   0x00000012   Code   RO         7347    i.rsa_free_wrap     afr_3rdparty_mbedtls.a(pk_wrap.o)
    0x00020c2e   0x00000010   Code   RO         7348    i.rsa_get_bitlen    afr_3rdparty_mbedtls.a(pk_wrap.o)
    0x00020c3e   0x00000002   PAD
    0x00020c40   0x00000110   Code   RO         9433    i.rsa_prepare_blinding  afr_3rdparty_mbedtls.a(rsa.o)
    0x00020d50   0x00000144   Code   RO         9434    i.rsa_rsassa_pkcs1_v15_encode  afr_3rdparty_mbedtls.a(rsa.o)
    0x00020e94   0x0000003c   Code   RO         7349    i.rsa_sign_wrap     afr_3rdparty_mbedtls.a(pk_wrap.o)
    0x00020ed0   0x0000005c   Code   RO         7350    i.rsa_verify_wrap   afr_3rdparty_mbedtls.a(pk_wrap.o)
    0x00020f2c   0x00000138   Code   RO         1371    i.runDemoTask       iot_demo_afr.o
    0x00021064   0x00000010   Code   RO         9303    i.sha1_clone_wrap   afr_3rdparty_mbedtls.a(md_wrap.o)
    0x00021074   0x00000018   Code   RO         9304    i.sha1_ctx_alloc    afr_3rdparty_mbedtls.a(md_wrap.o)
    0x0002108c   0x00000012   Code   RO         9305    i.sha1_ctx_free     afr_3rdparty_mbedtls.a(md_wrap.o)
    0x0002109e   0x00000010   Code   RO         9306    i.sha1_finish_wrap  afr_3rdparty_mbedtls.a(md_wrap.o)
    0x000210ae   0x00000010   Code   RO         9307    i.sha1_process_wrap  afr_3rdparty_mbedtls.a(md_wrap.o)
    0x000210be   0x0000000c   Code   RO         9308    i.sha1_starts_wrap  afr_3rdparty_mbedtls.a(md_wrap.o)
    0x000210ca   0x00000014   Code   RO         9309    i.sha1_update_wrap  afr_3rdparty_mbedtls.a(md_wrap.o)
    0x000210de   0x00000010   Code   RO         9310    i.sha224_clone_wrap  afr_3rdparty_mbedtls.a(md_wrap.o)
    0x000210ee   0x00000018   Code   RO         9311    i.sha224_ctx_alloc  afr_3rdparty_mbedtls.a(md_wrap.o)
    0x00021106   0x00000012   Code   RO         9312    i.sha224_ctx_free   afr_3rdparty_mbedtls.a(md_wrap.o)
    0x00021118   0x00000010   Code   RO         9313    i.sha224_finish_wrap  afr_3rdparty_mbedtls.a(md_wrap.o)
    0x00021128   0x00000010   Code   RO         9314    i.sha224_process_wrap  afr_3rdparty_mbedtls.a(md_wrap.o)
    0x00021138   0x0000000e   Code   RO         9315    i.sha224_starts_wrap  afr_3rdparty_mbedtls.a(md_wrap.o)
    0x00021146   0x00000014   Code   RO         9316    i.sha224_update_wrap  afr_3rdparty_mbedtls.a(md_wrap.o)
    0x0002115a   0x00000016   Code   RO         9317    i.sha224_wrap       afr_3rdparty_mbedtls.a(md_wrap.o)
    0x00021170   0x0000000e   Code   RO         9318    i.sha256_starts_wrap  afr_3rdparty_mbedtls.a(md_wrap.o)
    0x0002117e   0x00000016   Code   RO         9319    i.sha256_wrap       afr_3rdparty_mbedtls.a(md_wrap.o)
    0x00021194   0x00000044   Code   RO         3285    i.ssl_append_key_cert  afr_3rdparty_mbedtls.a(ssl_tls.o)
    0x000211d8   0x00000098   Code   RO         3286    i.ssl_calc_finished_tls_sha256  afr_3rdparty_mbedtls.a(ssl_tls.o)
    0x00021270   0x00000038   Code   RO         3287    i.ssl_calc_verify_tls_sha256  afr_3rdparty_mbedtls.a(ssl_tls.o)
    0x000212a8   0x0000003c   Code   RO         7856    i.ssl_check_server_ecdh_params  afr_3rdparty_mbedtls.a(ssl_cli.o)
    0x000212e4   0x00000022   Code   RO         3288    i.ssl_check_timer   afr_3rdparty_mbedtls.a(ssl_tls.o)
    0x00021306   0x00000002   PAD
    0x00021308   0x00000054   Code   RO         3289    i.ssl_consume_current_message  afr_3rdparty_mbedtls.a(ssl_tls.o)
    0x0002135c   0x000005cc   Code   RO         3290    i.ssl_decrypt_buf   afr_3rdparty_mbedtls.a(ssl_tls.o)
    0x00021928   0x000003c4   Code   RO         3291    i.ssl_encrypt_buf   afr_3rdparty_mbedtls.a(ssl_tls.o)
    0x00021cec   0x00000038   Code   RO         7857    i.ssl_generate_random  afr_3rdparty_mbedtls.a(ssl_cli.o)
    0x00021d24   0x00000018   Code   RO         3292    i.ssl_get_hs_total_len  afr_3rdparty_mbedtls.a(ssl_tls.o)
    0x00021d3c   0x0000006e   Code   RO         3293    i.ssl_get_next_record  afr_3rdparty_mbedtls.a(ssl_tls.o)
    0x00021daa   0x00000002   PAD
    0x00021dac   0x00000098   Code   RO         3294    i.ssl_handshake_init  afr_3rdparty_mbedtls.a(ssl_tls.o)
    0x00021e44   0x00000044   Code   RO         3295    i.ssl_handshake_params_init  afr_3rdparty_mbedtls.a(ssl_tls.o)
    0x00021e88   0x00000036   Code   RO         3296    i.ssl_handshake_wrapup_free_hs_transform  afr_3rdparty_mbedtls.a(ssl_tls.o)
    0x00021ebe   0x00000018   Code   RO         3297    i.ssl_key_cert_free  afr_3rdparty_mbedtls.a(ssl_tls.o)
    0x00021ed6   0x00000034   Code   RO         3298    i.ssl_mfl_code_to_length  afr_3rdparty_mbedtls.a(ssl_tls.o)
    0x00021f0a   0x00000002   PAD
    0x00021f0c   0x000000b4   Code   RO         7858    i.ssl_parse_alpn_ext  afr_3rdparty_mbedtls.a(ssl_cli.o)
    0x00021fc0   0x00000180   Code   RO         7859    i.ssl_parse_certificate_request  afr_3rdparty_mbedtls.a(ssl_cli.o)
    0x00022140   0x0000003c   Code   RO         7860    i.ssl_parse_encrypt_then_mac_ext  afr_3rdparty_mbedtls.a(ssl_cli.o)
    0x0002217c   0x0000003c   Code   RO         7861    i.ssl_parse_extended_ms_ext  afr_3rdparty_mbedtls.a(ssl_cli.o)
    0x000221b8   0x00000044   Code   RO         7862    i.ssl_parse_max_fragment_length_ext  afr_3rdparty_mbedtls.a(ssl_cli.o)
    0x000221fc   0x000000ec   Code   RO         3299    i.ssl_parse_record_header  afr_3rdparty_mbedtls.a(ssl_tls.o)
    0x000222e8   0x00000030   Code   RO         7863    i.ssl_parse_renegotiation_info  afr_3rdparty_mbedtls.a(ssl_cli.o)
    0x00022318   0x00000044   Code   RO         7864    i.ssl_parse_server_ecdh_params  afr_3rdparty_mbedtls.a(ssl_cli.o)
    0x0002235c   0x00000450   Code   RO         7865    i.ssl_parse_server_hello  afr_3rdparty_mbedtls.a(ssl_cli.o)
    0x000227ac   0x00000064   Code   RO         7866    i.ssl_parse_server_hello_done  afr_3rdparty_mbedtls.a(ssl_cli.o)
    0x00022810   0x00000254   Code   RO         7867    i.ssl_parse_server_key_exchange  afr_3rdparty_mbedtls.a(ssl_cli.o)
    0x00022a64   0x00000084   Code   RO         7868    i.ssl_parse_signature_algorithm  afr_3rdparty_mbedtls.a(ssl_cli.o)
    0x00022ae8   0x00000068   Code   RO         7869    i.ssl_parse_supported_point_formats_ext  afr_3rdparty_mbedtls.a(ssl_cli.o)
    0x00022b50   0x00000040   Code   RO         3300    i.ssl_prepare_record_content  afr_3rdparty_mbedtls.a(ssl_tls.o)
    0x00022b90   0x0000001a   Code   RO         3301    i.ssl_read_memory   afr_3rdparty_mbedtls.a(ssl_tls.o)
    0x00022baa   0x0000000e   Code   RO         3302    i.ssl_record_is_in_progress  afr_3rdparty_mbedtls.a(ssl_tls.o)
    0x00022bb8   0x00000026   Code   RO         3303    i.ssl_reset_in_out_pointers  afr_3rdparty_mbedtls.a(ssl_tls.o)
    0x00022bde   0x0000001e   Code   RO         3306    i.ssl_set_timer     afr_3rdparty_mbedtls.a(ssl_tls.o)
    0x00022bfc   0x0000002e   Code   RO         3307    i.ssl_transform_init  afr_3rdparty_mbedtls.a(ssl_tls.o)
    0x00022c2a   0x00000018   Code   RO         3308    i.ssl_update_checksum_sha256  afr_3rdparty_mbedtls.a(ssl_tls.o)
    0x00022c42   0x00000018   Code   RO         3309    i.ssl_update_checksum_start  afr_3rdparty_mbedtls.a(ssl_tls.o)
    0x00022c5a   0x0000002e   Code   RO         3310    i.ssl_update_in_pointers  afr_3rdparty_mbedtls.a(ssl_tls.o)
    0x00022c88   0x0000003a   Code   RO         3311    i.ssl_update_out_pointers  afr_3rdparty_mbedtls.a(ssl_tls.o)
    0x00022cc2   0x0000001e   Code   RO         7870    i.ssl_validate_ciphersuite  afr_3rdparty_mbedtls.a(ssl_cli.o)
    0x00022ce0   0x000000b8   Code   RO         7871    i.ssl_write_alpn_ext  afr_3rdparty_mbedtls.a(ssl_cli.o)
    0x00022d98   0x0000019c   Code   RO         7872    i.ssl_write_certificate_verify  afr_3rdparty_mbedtls.a(ssl_cli.o)
    0x00022f34   0x0000026c   Code   RO         7873    i.ssl_write_client_hello  afr_3rdparty_mbedtls.a(ssl_cli.o)
    0x000231a0   0x000000c8   Code   RO         7874    i.ssl_write_client_key_exchange  afr_3rdparty_mbedtls.a(ssl_cli.o)
    0x00023268   0x0000005a   Code   RO         7875    i.ssl_write_encrypt_then_mac_ext  afr_3rdparty_mbedtls.a(ssl_cli.o)
    0x000232c2   0x0000005a   Code   RO         7876    i.ssl_write_extended_ms_ext  afr_3rdparty_mbedtls.a(ssl_cli.o)
    0x0002331c   0x00000092   Code   RO         7877    i.ssl_write_hostname_ext  afr_3rdparty_mbedtls.a(ssl_cli.o)
    0x000233ae   0x00000062   Code   RO         7878    i.ssl_write_max_fragment_length_ext  afr_3rdparty_mbedtls.a(ssl_cli.o)
    0x00023410   0x0000006c   Code   RO         3312    i.ssl_write_real    afr_3rdparty_mbedtls.a(ssl_tls.o)
    0x0002347c   0x000000c4   Code   RO         7879    i.ssl_write_signature_algorithms_ext  afr_3rdparty_mbedtls.a(ssl_cli.o)
    0x00023540   0x000000be   Code   RO         7880    i.ssl_write_supported_elliptic_curves_ext  afr_3rdparty_mbedtls.a(ssl_cli.o)
    0x000235fe   0x00000052   Code   RO         7881    i.ssl_write_supported_point_formats_ext  afr_3rdparty_mbedtls.a(ssl_cli.o)
    0x00023650   0x000000a8   Code   RO        10150    i.stackDump         afr_kernel.a(retarget.o)
    0x000236f8   0x00000020   Code   RO         9190    i.sub32             afr_3rdparty_mbedtls.a(ecp_curves.o)
    0x00023718   0x00000002   Code   RO         8012    i.threading_mutex_dummy  afr_3rdparty_mbedtls.a(threading.o)
    0x0002371a   0x00000008   Code   RO         8013    i.threading_mutex_fail  afr_3rdparty_mbedtls.a(threading.o)
    0x00023722   0x00000002   PAD
    0x00023724   0x00000120   Code   RO         3313    i.tls_prf_generic   afr_3rdparty_mbedtls.a(ssl_tls.o)
    0x00023844   0x0000002a   Code   RO         3314    i.tls_prf_sha256    afr_3rdparty_mbedtls.a(ssl_tls.o)
    0x0002386e   0x00000028   Code   RO         8250    i.uxListRemove      afr_kernel.a(list.o)
    0x00023896   0x00000002   PAD
    0x00023898   0x0000001c   Code   RO         4466    i.uxTaskResetEventItemValue  afr_kernel.a(tasks.o)
    0x000238b4   0x00000030   Code   RO         2771    i.vAlternateKeyProvisioning  afr_provisioning.a(aws_dev_mode_key_provisioning.o)
    0x000238e4   0x00000014   Code   RO          647    i.vApplicationDaemonTaskStartupHook  main.o
    0x000238f8   0x00000018   Code   RO         1344    i.vApplicationGetIdleTaskMemory  aws_demo.o
    0x00023910   0x00000018   Code   RO         1345    i.vApplicationGetTimerTaskMemory  aws_demo.o
    0x00023928   0x00000034   Code   RO          648    i.vApplicationIdleHook  main.o
    0x0002395c   0x00000048   Code   RO         1372    i.vApplicationMallocFailedHook  iot_demo_afr.o
    0x000239a4   0x00000048   Code   RO         1373    i.vApplicationStackOverflowHook  iot_demo_afr.o
    0x000239ec   0x00000010   Code   RO          649    i.vApplicationTickHook  main.o
    0x000239fc   0x00000060   Code   RO          651    i.vCheckTask        main.o
    0x00023a5c   0x0000002c   Code   RO         2772    i.vDevModeKeyProvisioning  afr_provisioning.a(aws_dev_mode_key_provisioning.o)
    0x00023a88   0x0000001a   Code   RO         8251    i.vListInitialise   afr_kernel.a(list.o)
    0x00023aa2   0x00000006   Code   RO         8252    i.vListInitialiseItem  afr_kernel.a(list.o)
    0x00023aa8   0x00000034   Code   RO         8253    i.vListInsert       afr_kernel.a(list.o)
    0x00023adc   0x00000018   Code   RO         8254    i.vListInsertEnd    afr_kernel.a(list.o)
    0x00023af4   0x000000f4   Code   RO         2235    i.vLoggingPrintf    afr_common.a(aws_logging_task_dynamic_buffers.o)
    0x00023be8   0x00000054   Code   RO         8437    i.vPortEnterCritical  afr_kernel.a(port.o)
    0x00023c3c   0x0000003c   Code   RO         8438    i.vPortExitCritical  afr_kernel.a(port.o)
    0x00023c78   0x00000094   Code   RO         5418    i.vPortFree         afr_kernel.a(heap_4.o)
    0x00023d0c   0x00000028   Code   RO         8439    i.vPortSetupTimerInterrupt  afr_kernel.a(port.o)
    0x00023d34   0x00000078   Code   RO         8440    i.vPortValidateInterruptPriority  afr_kernel.a(port.o)
    0x00023dac   0x0000002c   Code   RO         4204    i.vQueueAddToRegistry  afr_kernel.a(queue.o)
    0x00023dd8   0x00000032   Code   RO         4205    i.vQueueDelete      afr_kernel.a(queue.o)
    0x00023e0a   0x00000002   PAD
    0x00023e0c   0x00000030   Code   RO         4207    i.vQueueUnregisterQueue  afr_kernel.a(queue.o)
    0x00023e3c   0x0000004a   Code   RO         4208    i.vQueueWaitForMessageRestricted  afr_kernel.a(queue.o)
    0x00023e86   0x00000002   PAD
    0x00023e88   0x0000005c   Code   RO         4467    i.vTaskDelay        afr_kernel.a(tasks.o)
    0x00023ee4   0x000000d4   Code   RO         4468    i.vTaskDelayUntil   afr_kernel.a(tasks.o)
    0x00023fb8   0x000000f4   Code   RO         4469    i.vTaskDelete       afr_kernel.a(tasks.o)
    0x000240ac   0x00000018   Code   RO         4472    i.vTaskInternalSetTimeOutState  afr_kernel.a(tasks.o)
    0x000240c4   0x0000000c   Code   RO         4473    i.vTaskMissedYield  afr_kernel.a(tasks.o)
    0x000240d0   0x00000038   Code   RO         4475    i.vTaskPlaceOnEventList  afr_kernel.a(tasks.o)
    0x00024108   0x00000040   Code   RO         4476    i.vTaskPlaceOnEventListRestricted  afr_kernel.a(tasks.o)
    0x00024148   0x0000006c   Code   RO         4477    i.vTaskPlaceOnUnorderedEventList  afr_kernel.a(tasks.o)
    0x000241b4   0x000000f4   Code   RO         4478    i.vTaskPriorityDisinheritAfterTimeout  afr_kernel.a(tasks.o)
    0x000242a8   0x000000a4   Code   RO         4480    i.vTaskRemoveFromUnorderedEventList  afr_kernel.a(tasks.o)
    0x0002434c   0x0000003c   Code   RO         4483    i.vTaskSetTimeOutState  afr_kernel.a(tasks.o)
    0x00024388   0x000000b8   Code   RO         4484    i.vTaskStartScheduler  afr_kernel.a(tasks.o)
    0x00024440   0x00000010   Code   RO         4486    i.vTaskSuspendAll   afr_kernel.a(tasks.o)
    0x00024450   0x000000c4   Code   RO         4487    i.vTaskSwitchContext  afr_kernel.a(tasks.o)
    0x00024514   0x00000074   Code   RO         3965    i.x509_check_wildcard  afr_3rdparty_mbedtls.a(x509_crt.o)
    0x00024588   0x00000032   Code   RO         3966    i.x509_crt_check_cn  afr_3rdparty_mbedtls.a(x509_crt.o)
    0x000245ba   0x00000042   Code   RO         3967    i.x509_crt_check_ee_locally_trusted  afr_3rdparty_mbedtls.a(x509_crt.o)
    0x000245fc   0x00000050   Code   RO         3968    i.x509_crt_check_parent  afr_3rdparty_mbedtls.a(x509_crt.o)
    0x0002464c   0x00000066   Code   RO         3969    i.x509_crt_check_signature  afr_3rdparty_mbedtls.a(x509_crt.o)
    0x000246b2   0x00000040   Code   RO         3970    i.x509_crt_find_parent  afr_3rdparty_mbedtls.a(x509_crt.o)
    0x000246f2   0x00000080   Code   RO         3971    i.x509_crt_find_parent_in  afr_3rdparty_mbedtls.a(x509_crt.o)
    0x00024772   0x0000004c   Code   RO         3972    i.x509_crt_merge_flags_with_cb  afr_3rdparty_mbedtls.a(x509_crt.o)
    0x000247be   0x00000002   PAD
    0x000247c0   0x0000032c   Code   RO         3973    i.x509_crt_parse_der_core  afr_3rdparty_mbedtls.a(x509_crt.o)
    0x00024aec   0x0000011c   Code   RO         3974    i.x509_crt_verify_chain  afr_3rdparty_mbedtls.a(x509_crt.o)
    0x00024c08   0x00000090   Code   RO         3975    i.x509_crt_verify_name  afr_3rdparty_mbedtls.a(x509_crt.o)
    0x00024c98   0x000000d0   Code   RO         8059    i.x509_date_is_valid  afr_3rdparty_mbedtls.a(x509.o)
    0x00024d68   0x000000e8   Code   RO         8060    i.x509_get_attr_type_value  afr_3rdparty_mbedtls.a(x509.o)
    0x00024e50   0x000000a0   Code   RO         3976    i.x509_get_basic_constraints  afr_3rdparty_mbedtls.a(x509_crt.o)
    0x00024ef0   0x000001b0   Code   RO         3977    i.x509_get_crt_ext  afr_3rdparty_mbedtls.a(x509_crt.o)
    0x000250a0   0x00000060   Code   RO         3978    i.x509_get_dates    afr_3rdparty_mbedtls.a(x509_crt.o)
    0x00025100   0x00000034   Code   RO         3979    i.x509_get_ext_key_usage  afr_3rdparty_mbedtls.a(x509_crt.o)
    0x00025134   0x0000005c   Code   RO         3980    i.x509_get_key_usage  afr_3rdparty_mbedtls.a(x509_crt.o)
    0x00025190   0x0000003c   Code   RO         3981    i.x509_get_ns_cert_type  afr_3rdparty_mbedtls.a(x509_crt.o)
    0x000251cc   0x000000dc   Code   RO         3982    i.x509_get_subject_alt_name  afr_3rdparty_mbedtls.a(x509_crt.o)
    0x000252a8   0x0000004e   Code   RO         3983    i.x509_get_uid      afr_3rdparty_mbedtls.a(x509_crt.o)
    0x000252f6   0x00000002   PAD
    0x000252f8   0x00000054   Code   RO         3984    i.x509_get_version  afr_3rdparty_mbedtls.a(x509_crt.o)
    0x0002534c   0x0000004c   Code   RO         3989    i.x509_memcasecmp   afr_3rdparty_mbedtls.a(x509_crt.o)
    0x00025398   0x00000066   Code   RO         3990    i.x509_name_cmp     afr_3rdparty_mbedtls.a(x509_crt.o)
    0x000253fe   0x00000002   PAD
    0x00025400   0x00000048   Code   RO         8061    i.x509_parse_int    afr_3rdparty_mbedtls.a(x509.o)
    0x00025448   0x000000f8   Code   RO         8062    i.x509_parse_time   afr_3rdparty_mbedtls.a(x509.o)
    0x00025540   0x00000068   Code   RO         3991    i.x509_profile_check_key  afr_3rdparty_mbedtls.a(x509_crt.o)
    0x000255a8   0x00000022   Code   RO         3992    i.x509_profile_check_md_alg  afr_3rdparty_mbedtls.a(x509_crt.o)
    0x000255ca   0x00000022   Code   RO         3993    i.x509_profile_check_pk_alg  afr_3rdparty_mbedtls.a(x509_crt.o)
    0x000255ec   0x0000005c   Code   RO         3994    i.x509_string_cmp   afr_3rdparty_mbedtls.a(x509_crt.o)
    0x00025648   0x0000005c   Code   RO         8170    i.xEventGroupClearBits  afr_kernel.a(event_groups.o)
    0x000256a4   0x0000005a   Code   RO         8172    i.xEventGroupCreateStatic  afr_kernel.a(event_groups.o)
    0x000256fe   0x000000ce   Code   RO         8174    i.xEventGroupSetBits  afr_kernel.a(event_groups.o)
    0x000257cc   0x00000158   Code   RO         8176    i.xEventGroupWaitBits  afr_kernel.a(event_groups.o)
    0x00025924   0x00000064   Code   RO         2773    i.xInitializePkcsSession  afr_provisioning.a(aws_dev_mode_key_provisioning.o)
    0x00025988   0x00000060   Code   RO         2236    i.xLoggingTaskInitialize  afr_common.a(aws_logging_task_dynamic_buffers.o)
    0x000259e8   0x00000168   Code   RO         8441    i.xPortStartScheduler  afr_kernel.a(port.o)
    0x00025b50   0x00000100   Code   RO         2774    i.xProvisionCertificate  afr_provisioning.a(aws_dev_mode_key_provisioning.o)
    0x00025c50   0x00000170   Code   RO         2775    i.xProvisionDevice  afr_provisioning.a(aws_dev_mode_key_provisioning.o)
    0x00025dc0   0x00000064   Code   RO         4210    i.xQueueCreateCountingSemaphoreStatic  afr_kernel.a(queue.o)
    0x00025e24   0x00000022   Code   RO         4211    i.xQueueCreateMutex  afr_kernel.a(queue.o)
    0x00025e46   0x0000002a   Code   RO         4212    i.xQueueCreateMutexStatic  afr_kernel.a(queue.o)
    0x00025e70   0x00000060   Code   RO         4213    i.xQueueGenericCreate  afr_kernel.a(queue.o)
    0x00025ed0   0x000000e0   Code   RO         4214    i.xQueueGenericCreateStatic  afr_kernel.a(queue.o)
    0x00025fb0   0x00000098   Code   RO         4215    i.xQueueGenericReset  afr_kernel.a(queue.o)
    0x00026048   0x000001a8   Code   RO         4216    i.xQueueGenericSend  afr_kernel.a(queue.o)
    0x000261f0   0x000000f8   Code   RO         4217    i.xQueueGenericSendFromISR  afr_kernel.a(queue.o)
    0x000262e8   0x00000048   Code   RO         4219    i.xQueueGiveMutexRecursive  afr_kernel.a(queue.o)
    0x00026330   0x00000168   Code   RO         4224    i.xQueueReceive     afr_kernel.a(queue.o)
    0x00026498   0x000001b8   Code   RO         4226    i.xQueueSemaphoreTake  afr_kernel.a(queue.o)
    0x00026650   0x0000004e   Code   RO         4227    i.xQueueTakeMutexRecursive  afr_kernel.a(queue.o)
    0x0002669e   0x00000002   PAD
    0x000266a0   0x0000008c   Code   RO         4488    i.xTaskCheckForTimeOut  afr_kernel.a(tasks.o)
    0x0002672c   0x00000064   Code   RO         4489    i.xTaskCreate       afr_kernel.a(tasks.o)
    0x00026790   0x000000ba   Code   RO         4490    i.xTaskCreateStatic  afr_kernel.a(tasks.o)
    0x0002684a   0x00000002   PAD
    0x0002684c   0x0000000c   Code   RO         4493    i.xTaskGetCurrentTaskHandle  afr_kernel.a(tasks.o)
    0x00026858   0x00000020   Code   RO         4494    i.xTaskGetSchedulerState  afr_kernel.a(tasks.o)
    0x00026878   0x0000000c   Code   RO         4495    i.xTaskGetTickCount  afr_kernel.a(tasks.o)
    0x00026884   0x00000154   Code   RO         4497    i.xTaskIncrementTick  afr_kernel.a(tasks.o)
    0x000269d8   0x000000c8   Code   RO         4500    i.xTaskPriorityDisinherit  afr_kernel.a(tasks.o)
    0x00026aa0   0x000000c8   Code   RO         4501    i.xTaskPriorityInherit  afr_kernel.a(tasks.o)
    0x00026b68   0x00000098   Code   RO         4502    i.xTaskRemoveFromEventList  afr_kernel.a(tasks.o)
    0x00026c00   0x00000104   Code   RO         4503    i.xTaskResumeAll    afr_kernel.a(tasks.o)
    0x00026d04   0x00000072   Code   RO         8303    i.xTimerCreateStatic  afr_kernel.a(timers.o)
    0x00026d76   0x00000002   PAD
    0x00026d78   0x00000078   Code   RO         8304    i.xTimerCreateTimerTask  afr_kernel.a(timers.o)
    0x00026df0   0x00000084   Code   RO         8305    i.xTimerGenericCommand  afr_kernel.a(timers.o)
    0x00026e74   0x0000003a   Code   RO         8309    i.xTimerIsTimerActive  afr_kernel.a(timers.o)
    0x00026eae   0x00000002   PAD
    0x00026eb0   0x00000034   Data   RO          177    .constdata          aws_iot_network_manager.o
    0x00026ee4   0x00001e1a   Data   RO         1067    .constdata          aws_tls.o
    0x00028cfe   0x00000002   PAD
    0x00028d00   0x0000002c   Data   RO         1375    .constdata          iot_demo_afr.o
    0x00028d2c   0x00000058   Data   RO         1458    .constdata          iot_demo_mqtt.o
    0x00028d84   0x00000010   Data   RO         2128    .constdata          afr_mqtt.a(iot_mqtt_subscription.o)
    0x00028d94   0x00000010   Data   RO         2198    .constdata          afr_common.a(iot_init.o)
    0x00028da4   0x00000014   Data   RO         2274    .constdata          afr_common.a(iot_logging.o)
    0x00028db8   0x00000040   Data   RO         2353    .constdata          afr_common.a(iot_network_afr.o)
    0x00028df8   0x00001e60   Data   RO         2776    .constdata          afr_provisioning.a(aws_dev_mode_key_provisioning.o)
    0x0002ac58   0x000000d8   Data   RO         3995    .constdata          afr_3rdparty_mbedtls.a(x509_crt.o)
    0x0002ad30   0x00000032   Data   RO         4841    .constdata          afr_kernel.a(esp8266_wifi.o)
    0x0002ad62   0x00000002   PAD
    0x0002ad64   0x00000030   Data   RO         5329    .constdata          afr_kernel.a(uart.o)
    0x0002ad94   0x00000007   Data   RO         5937    .constdata          afr_mqtt.a(iot_mqtt_serialize.o)
    0x0002ad9b   0x00000159   Data   RO         6277    .constdata          afr_3rdparty_mbedtls.a(base64.o)
    0x0002aef4   0x00000030   Data   RO         6696    .constdata          afr_3rdparty_mbedtls.a(ecp.o)
    0x0002af24   0x00000480   Data   RO         7170    .constdata          afr_3rdparty_mbedtls.a(oid.o)
    0x0002b3a4   0x000000f0   Data   RO         7351    .constdata          afr_3rdparty_mbedtls.a(pk_wrap.o)
    0x0002b494   0x00000278   Data   RO         7723    .constdata          afr_3rdparty_mbedtls.a(sha256.o)
    0x0002b70c   0x00000460   Data   RO         7785    .constdata          afr_3rdparty_mbedtls.a(ssl_ciphersuites.o)
    0x0002bb6c   0x000025e4   Data   RO         8557    .constdata          afr_3rdparty_mbedtls.a(aes.o)
    0x0002e150   0x000002c4   Data   RO         8776    .constdata          afr_3rdparty_mbedtls.a(bignum.o)
    0x0002e414   0x0000026c   Data   RO         9058    .constdata          afr_3rdparty_mbedtls.a(cipher_wrap.o)
    0x0002e680   0x000000a0   Data   RO         9191    .constdata          afr_3rdparty_mbedtls.a(ecp_curves.o)
    0x0002e720   0x00000c08   Data   RO         9236    .constdata          afr_3rdparty_mbedtls.a(gcm.o)
    0x0002f328   0x00000090   Data   RO         9320    .constdata          afr_3rdparty_mbedtls.a(md_wrap.o)
    0x0002f3b8   0x00000081   Data   RO        10248    .constdata          mc_w.l(ctype_o.o)
    0x0002f439   0x00000003   PAD
    0x0002f43c   0x00000004   Data   RO        10249    .constdata          mc_w.l(ctype_o.o)
    0x0002f440   0x000000f1   Data   RO          178    .conststring        aws_iot_network_manager.o
    0x0002f531   0x00000003   PAD
    0x0002f534   0x0000004f   Data   RO         1068    .conststring        aws_tls.o
    0x0002f583   0x00000001   PAD
    0x0002f584   0x000000d9   Data   RO         1376    .conststring        iot_demo_afr.o
    0x0002f65d   0x00000003   PAD
    0x0002f660   0x000000d7   Data   RO         1459    .conststring        iot_demo_mqtt.o
    0x0002f737   0x00000001   PAD
    0x0002f738   0x0000014c   Data   RO         1979    .conststring        afr_mqtt.a(iot_mqtt_api.o)
    0x0002f884   0x00000021   Data   RO         2275    .conststring        afr_common.a(iot_logging.o)
    0x0002f8a5   0x00000003   PAD
    0x0002f8a8   0x00000051   Data   RO         2553    .conststring        afr_common.a(iot_taskpool.o)
    0x0002f8f9   0x00000003   PAD
    0x0002f8fc   0x00000406   Data   RO         3996    .conststring        afr_3rdparty_mbedtls.a(x509_crt.o)
    0x0002fd02   0x00000002   PAD
    0x0002fd04   0x00000180   Data   RO         5737    .conststring        afr_mqtt.a(iot_mqtt_network.o)
    0x0002fe84   0x000005a0   Data   RO         5816    .conststring        afr_mqtt.a(iot_mqtt_operation.o)
    0x00030424   0x000002f7   Data   RO         5938    .conststring        afr_mqtt.a(iot_mqtt_serialize.o)
    0x0003071b   0x00000001   PAD
    0x0003071c   0x0000028a   Data   RO         6085    .conststring        afr_mqtt.a(iot_mqtt_validate.o)
    0x000309a6   0x00000002   PAD
    0x000309a8   0x00000046   Data   RO         6131    .conststring        afr_pkcs11.a(aws_pkcs11_pal.o)
    0x000309ee   0x00000002   PAD
    0x000309f0   0x00000141   Data   RO         6697    .conststring        afr_3rdparty_mbedtls.a(ecp.o)
    0x00030b31   0x00000003   PAD
    0x00030b34   0x0000088f   Data   RO         7171    .conststring        afr_3rdparty_mbedtls.a(oid.o)
    0x000313c3   0x00000001   PAD
    0x000313c4   0x0000001c   Data   RO         7352    .conststring        afr_3rdparty_mbedtls.a(pk_wrap.o)
    0x000313e0   0x00000137   Data   RO         7786    .conststring        afr_3rdparty_mbedtls.a(ssl_ciphersuites.o)
    0x00031517   0x00000001   PAD
    0x00031518   0x000000c0   Data   RO         9059    .conststring        afr_3rdparty_mbedtls.a(cipher_wrap.o)
    0x000315d8   0x00000020   Data   RO        10316    Region$$Table       anon$$obj.o


    Execution Region RW_IRAM1 (Base: 0x20000000, Size: 0x00016070, Max: 0x00028000, ABSOLUTE, COMPRESSED[0x000000cc])

    Base Addr    Size         Type   Attr      Idx    E Section Name        Object

    0x20000000   0x00000015   Data   RW          179    .data               aws_iot_network_manager.o
    0x20000015   0x00000003   PAD
    0x20000018   0x0000002c   Data   RW          346    .data               system_M480.o
    0x20000044   0x0000000c   Data   RW          653    .data               main.o
    0x20000050   0x00000004   Data   RW          807    .data               aws_wifi.o
    0x20000054   0x00000004   Data   RW          963    .data               aws_secure_sockets.o
    0x20000058   0x00000028   Data   RW         1377    .data               iot_demo_afr.o
    0x20000080   0x00000010   Data   RW         1438    .data               iot_demo_runner.o
    0x20000090   0x00000008   Data   RW         2237    .data               afr_common.a(aws_logging_task_dynamic_buffers.o)
    0x20000098   0x00000004   Data   RW         2777    .data               afr_provisioning.a(aws_dev_mode_key_provisioning.o)
    0x2000009c   0x00000114   Data   RW         2850    .data               afr_pkcs11.a(aws_pkcs11_mbedtls.o)
    0x200001b0   0x00000027   Data   RW         3315    .data               afr_3rdparty_mbedtls.a(ssl_tls.o)
    0x200001d7   0x00000001   PAD
    0x200001d8   0x0000003c   Data   RW         4506    .data               afr_kernel.a(tasks.o)
    0x20000214   0x00000004   Data   RW         4842    .data               afr_kernel.a(esp8266_wifi.o)
    0x20000218   0x00000018   Data   RW         5423    .data               afr_kernel.a(heap_4.o)
    0x20000230   0x0000001c   Data   RW         5939    .data               afr_mqtt.a(iot_mqtt_serialize.o)
    0x2000024c   0x00000010   Data   RW         6132    .data               afr_pkcs11.a(aws_pkcs11_pal.o)
    0x2000025c   0x00000014   Data   RW         6698    .data               afr_3rdparty_mbedtls.a(ecp.o)
    0x20000270   0x00000008   Data   RW         7605    .data               afr_3rdparty_mbedtls.a(platform.o)
    0x20000278   0x00000004   Data   RW         7639    .data               afr_3rdparty_mbedtls.a(platform_util.o)
    0x2000027c   0x00000004   Data   RW         7787    .data               afr_3rdparty_mbedtls.a(ssl_ciphersuites.o)
    0x20000280   0x00000010   Data   RW         8014    .data               afr_3rdparty_mbedtls.a(threading.o)
    0x20000290   0x00000014   Data   RW         8311    .data               afr_kernel.a(timers.o)
    0x200002a4   0x0000000c   Data   RW         8442    .data               afr_kernel.a(port.o)
    0x200002b0   0x00000004   Data   RW         9192    .data               afr_3rdparty_mbedtls.a(ecp_curves.o)
    0x200002b4   0x00000004   Data   RW         9825    .data               mc_w.l(strtok_r.o)
    0x200002b8   0x00000008   Data   RW        10151    .data               afr_kernel.a(retarget.o)
    0x200002c0   0x00000004   Data   RW        10275    .data               mc_w.l(mvars.o)
    0x200002c4   0x00000004   Data   RW        10276    .data               mc_w.l(mvars.o)
    0x200002c8   0x00000004   Data   RW        10280    .data               mc_w.l(errno.o)
    0x200002cc   0x000000c4   Zero   RW          176    .bss                aws_iot_network_manager.o
    0x20000390   0x00000c88   Zero   RW          806    .bss                aws_wifi.o
    0x20001018   0x00000034   Zero   RW          962    .bss                aws_secure_sockets.o
    0x2000104c   0x000007c0   Zero   RW         1346    .bss                aws_demo.o
    0x2000180c   0x00000050   Zero   RW         1374    .bss                iot_demo_afr.o
    0x2000185c   0x00000164   Zero   RW         2552    .bss                afr_common.a(iot_taskpool.o)
    0x200019c0   0x00000358   Zero   RW         2849    .bss                afr_pkcs11.a(aws_pkcs11_mbedtls.o)
    0x20001d18   0x00000040   Zero   RW         4228    .bss                afr_kernel.a(queue.o)
    0x20001d58   0x000000f0   Zero   RW         4505    .bss                afr_kernel.a(tasks.o)
    0x20001e48   0x00004006   Zero   RW         4840    .bss                afr_kernel.a(esp8266_wifi.o)
    0x20005e4e   0x0000f000   Zero   RW         5422    .bss                afr_kernel.a(heap_4.o)
    0x20014e4e   0x00000002   PAD
    0x20014e50   0x00000808   Zero   RW         6130    .bss                afr_pkcs11.a(aws_pkcs11_pal.o)
    0x20015658   0x00000024   Zero   RW         7784    .bss                afr_3rdparty_mbedtls.a(ssl_ciphersuites.o)
    0x2001567c   0x000000f0   Zero   RW         8310    .bss                afr_kernel.a(timers.o)
    0x2001576c   0x00000004   PAD
    0x20015770   0x00000100   Zero   RW          334    HEAP                startup_M480.o
    0x20015870   0x00000800   Zero   RW          333    STACK               startup_M480.o


==============================================================================

Image component sizes


      Code (inc. data)   RO Data    RW Data    ZI Data      Debug   Object Name

        48         18          0          0       1984       2109   aws_demo.o
         0          0          0          0          0      44916   aws_iot_demo_network.o
      1282        148        293         21        196      46119   aws_iot_network_manager.o
      2376        370          0          4         52      27550   aws_secure_sockets.o
        16          0          0          0          0        650   aws_system_init.o
      2094        468       7785          0          0      56573   aws_tls.o
       390         56          0          4       3208       6637   aws_wifi.o
      1338        606        261         40         80       9477   iot_demo_afr.o
      2804       1100        303          0          0       9506   iot_demo_mqtt.o
        28         10          0         16          0        607   iot_demo_runner.o
       912        368          0         12          0     143249   main.o
       104         20        440          0       2304       1044   startup_M480.o
       300         46          0         44          0      16611   system_M480.o

    ----------------------------------------------------------------------
     11702       3210       9124        144       7824     365048   Object Totals
         0          0         32          0          0          0   (incl. Generated)
        10          0         10          3          0          0   (incl. Padding)

    ----------------------------------------------------------------------

      Code (inc. data)   RO Data    RW Data    ZI Data      Debug   Library Member Name

      3786         72       9700          0          0      22297   aes.o
       996          0          0          0          0       9289   asn1parse.o
       736          0          0          0          0       6313   asn1write.o
       356          6        345          0          0       2376   base64.o
      9442          6        708          0          0      44671   bignum.o
      2284        150          0          0          0      29139   cipher.o
       298          0        812          0          0      16698   cipher_wrap.o
      1210         20          0          0          0      10227   ctr_drbg.o
       506         16          0          0          0       6873   ecdh.o
      1528         26          0          0          0       9694   ecdsa.o
      8606        172        369         20          0      40787   ecp.o
      1550         32        160          4          0       8437   ecp_curves.o
       890         36          0          0          0       6370   entropy.o
      2258          4       3080          0          0      19109   gcm.o
       796         58          0          0          0      14086   md.o
       304          0        144          0          0      14128   md_wrap.o
       466         28       3343          0          0      12056   oid.o
       392         38          0          0          0       3496   pem.o
       502         42          0          0          0      13278   pk.o
      1174         58        268          0          0      29015   pk_wrap.o
      3214        384          0          0          0      15766   pkparse.o
       972          6          0          0          0       4235   pkwrite.o
        68         22          0          8          0       3023   platform.o
        24          4          0          4          0       1647   platform_util.o
      4578        140          0          0          0      28541   rsa.o
      1848         72          0          0          0       6612   rsa_internal.o
      6194         36          0          0          0       9150   sha1.o
      4378         80        632          0          0       9290   sha256.o
       198         38       1431          4         36      27514   ssl_ciphersuites.o
      5630        162          0          0          0      57556   ssl_cli.o
     10930        416          0         39          0     128248   ssl_tls.o
        46         16          0         16          0       3132   threading.o
      1410         70          0          0          0      12764   x509.o
      4686        158       1246          0          0      50373   x509_crt.o
       384         60          0          8          0       3662   aws_logging_task_dynamic_buffers.o
       794        146          0          0          0       7412   iot_clock_afr.o
       216        110         16          0          0       1339   iot_init.o
       416         20         53          0          0       3313   iot_logging.o
      2194        778         64          0          0      13229   iot_network_afr.o
      4936       1110         81          0        356      44920   iot_taskpool.o
      1456        482          0          0          0      11694   iot_threads_afr.o
      1048         86          0          0          0       7249   clk.o
      5000       1126         50          4      16390      51868   esp8266_wifi.o
       762          6          0          0          0       7040   event_groups.o
       252         28          0          0          0       3156   fmc.o
       704         64          0         24      61440      13731   heap_4.o
       148          0          0          0          0       3578   list.o
      1014         92          0         12          0      12181   port.o
      2928         30          0          0         64      45645   queue.o
       316        132          0          8          0       5727   retarget.o
        40          4          0          0          0        662   sys.o
      4296        486          0         60        240      36895   tasks.o
      1584        124          0         20        240      17034   timers.o
       406         36         48          0          0       3595   uart.o
      6948       2308        332          0          0      40700   iot_mqtt_api.o
      2978        882        384          0          0      24715   iot_mqtt_network.o
      5296       1096       1440          0          0      34221   iot_mqtt_operation.o
      5190       1618        766         28          0      46766   iot_mqtt_serialize.o
      1684         36         16          0          0      26382   iot_mqtt_subscription.o
      2316       1186        650          0          0      11507   iot_mqtt_validate.o
        52          8          0          0          0       5391   aws_crypto.o
      2958        356          0        276        856      31917   aws_pkcs11_mbedtls.o
      1178        462         70         16       2056      10631   aws_pkcs11_pal.o
      1032        272       7776          4          0       8637   aws_dev_mode_key_provisioning.o
        56          8          0          0          0         84   __0sscanf.o
        86          0          0          0          0          0   __dczerorl2.o
        28          0          0          0          0         68   _chval.o
       812          4          0          0          0        112   _scanf.o
       332          0          0          0          0         96   _scanf_int.o
       224          0          0          0          0         96   _scanf_str.o
        64          0          0          0          0         84   _sgetc.o
       158          0          0          0          0         92   _strtoul.o
        26          0          0          0          0         80   atoi.o
        28          0          0          0          0         76   calloc.o
         8          4        133          0          0         68   ctype_o.o
         0          0          0          0          0          0   entry.o
         0          0          0          0          0          0   entry10a.o
         0          0          0          0          0          0   entry11a.o
         8          4          0          0          0          0   entry2.o
         4          0          0          0          0          0   entry5.o
         0          0          0          0          0          0   entry7b.o
         0          0          0          0          0          0   entry8b.o
         8          4          0          0          0          0   entry9a.o
         8          4          0          4          0         68   errno.o
        30          0          0          0          0          0   handlers.o
        36          8          0          0          0         68   init.o
        18          0          0          0          0         76   isspace_o.o
         0          0          0          0          0          0   iusefp.o
        30          0          0          0          0         68   llshl.o
        36          0          0          0          0         68   llsshr.o
        32          0          0          0          0         68   llushr.o
       188         20          0          0          0        160   malloc.o
        26          0          0          0          0         80   memcmp.o
        64          0          0          0          0         76   memmovea.o
        36          0          0          0          0        108   memseta.o
         0          0          0          8          0          0   mvars.o
      2422        104          0          0          0        836   printfa.o
        40          8          0          0          0         84   scanf_char.o
        28          0          0          0          0         76   strcmp.o
        14          0          0          0          0         68   strlen.o
        30          0          0          0          0         80   strncmp.o
        24          0          0          0          0         76   strncpy.o
        36          0          0          0          0         80   strstr.o
        68          4          0          4          0         96   strtok_r.o
       112          0          0          0          0         88   strtol.o
        44          0          0          0          0         80   uidiv.o
        98          0          0          0          0         92   uldiv.o
        48          0          0          0          0         68   cdrcmple.o
       334          0          0          0          0        148   dadd.o
       222          0          0          0          0        100   ddiv.o
       186          0          0          0          0        176   depilogue.o
        48          0          0          0          0         68   dfixul.o
       228          0          0          0          0         96   dmul.o

    ----------------------------------------------------------------------
    147266      15684      34140        572      81684    1214995   Library Totals
       156          0         23          1          6          0   (incl. Padding)

    ----------------------------------------------------------------------

      Code (inc. data)   RO Data    RW Data    ZI Data      Debug   Library Name

     82256       2368      22238         95         36     676190   afr_3rdparty_mbedtls.a
     10396       2706        214          8        356      85569   afr_common.a
     18498       2214         98        128      78374     208361   afr_kernel.a
     24412       7126       3588         28          0     184291   afr_mqtt.a
      4188        826         70        292       2912      47939   afr_pkcs11.a
      1032        272       7776          4          0       8637   afr_provisioning.a
      5262        172        133         16          0       3352   mc_w.l
      1066          0          0          0          0        656   mf_w.l

    ----------------------------------------------------------------------
    147266      15684      34140        572      81684    1214995   Library Totals

    ----------------------------------------------------------------------

==============================================================================


      Code (inc. data)   RO Data    RW Data    ZI Data      Debug   

    158968      18894      43264        716      89508    1483891   Grand Totals
    158968      18894      43264        204      89508    1483891   ELF Image Totals (compressed)
    158968      18894      43264        204          0          0   ROM Totals

==============================================================================

    Total RO  Size (Code + RO Data)               202232 ( 197.49kB)
    Total RW  Size (RW Data + ZI Data)             90224 (  88.11kB)
    Total ROM Size (Code + RO Data + RW Data)     202436 ( 197.69kB)

==============================================================================

