Component: ARM Compiler 5.06 update 6 (build 750) Tool: armlink [4d35ed]

==============================================================================

Section Cross References

    system_m480.o(.text) refers to clk.o(.text) for CLK_GetPLLClockFreq
    system_m480.o(.text) refers to sys.o(.text) for SYS_ResetModule
    system_m480.o(.text) refers to system_m480.o(.data) for PllClock
    startup_m480.o(RESET) refers to startup_m480.o(STACK) for __initial_sp
    startup_m480.o(RESET) refers to startup_m480.o(.text) for Reset_Handler
    startup_m480.o(RESET) refers to retarget.o(.emb_text) for HardFault_Handler
    startup_m480.o(RESET) refers to port.o(.emb_text) for SVC_Handler
    startup_m480.o(RESET) refers to port.o(.text) for SysTick_Handler
    startup_m480.o(RESET) refers to esp8266_wifi.o(.text) for UART1_IRQHandler
    startup_m480.o(RESET) refers to entropy_hardware_poll.o(.text) for CRYPTO_IRQHandler
    startup_m480.o(.text) refers to system_m480.o(.text) for SystemInit
    startup_m480.o(.text) refers to entry.o(.ARM.Collect$$$$00000000) for __main
    entropy_hardware_poll.o(.text) refers to clk.o(.text) for CLK_EnableModuleClock
    entropy_hardware_poll.o(.text) refers to tasks.o(.text) for xTaskGetTickCount
    entropy_hardware_poll.o(.text) refers to crypto.o(.text) for PRNG_Open
    entropy_hardware_poll.o(.text) refers to memmovea.o(.text) for __aeabi_memcpy
    entropy_hardware_poll.o(.text) refers to entropy_hardware_poll.o(.data) for g_PRNG_done
    main.o(.text) refers to tasks.o(.text) for xTaskGetTickCount
    main.o(.text) refers to printfa.o(i.__0printf) for __2printf
    main.o(.text) refers to clk.o(.text) for CLK_EnableXtalRC
    main.o(.text) refers to system_m480.o(.text) for SystemCoreClockUpdate
    main.o(.text) refers to uart.o(.text) for UART_Open
    main.o(.text) refers to aws_logging_task_dynamic_buffers.o(.text) for xLoggingTaskInitialize
    main.o(.text) refers to aws_wifi.o(.text) for WIFI_On
    main.o(.text) refers to aws_system_init.o(.text) for SYSTEM_Init
    main.o(.text) refers to aws_demo_runner.o(.text) for DEMO_RUNNER_RunDemos
    main.o(.text) refers to strcmp.o(.text) for strcmp
    main.o(.text) refers to main.o(.bss) for xIdleTaskTCB
    main.o(.text) refers to main.o(.data) for xTimeNow
    queue.o(.text) refers to port.o(.text) for vPortEnterCritical
    queue.o(.text) refers to tasks.o(.text) for xTaskRemoveFromEventList
    queue.o(.text) refers to list.o(.text) for vListInitialise
    queue.o(.text) refers to heap_4.o(.text) for pvPortMalloc
    queue.o(.text) refers to memmovea.o(.text) for __aeabi_memcpy
    queue.o(.text) refers to queue.o(.bss) for xQueueRegistry
    tasks.o(.text) refers to list.o(.text) for vListInitialise
    tasks.o(.text) refers to port.o(.text) for vPortEnterCritical
    tasks.o(.text) refers to memseta.o(.text) for __aeabi_memset
    tasks.o(.text) refers to heap_4.o(.text) for pvPortMalloc
    tasks.o(.text) refers to tasks.o(.bss) for pxReadyTasksLists
    tasks.o(.text) refers to tasks.o(.data) for pxDelayedTaskList
    tasks.o(.text) refers to main.o(.text) for vApplicationTickHook
    tasks.o(.text) refers to timers.o(.text) for xTimerCreateTimerTask
    timers.o(.text) refers to list.o(.text) for vListInsert
    timers.o(.text) refers to tasks.o(.text) for xTaskGetSchedulerState
    timers.o(.text) refers to queue.o(.text) for xQueueGenericSend
    timers.o(.text) refers to heap_4.o(.text) for vPortFree
    timers.o(.text) refers to main.o(.text) for vApplicationDaemonTaskStartupHook
    timers.o(.text) refers to port.o(.text) for vPortEnterCritical
    timers.o(.text) refers to timers.o(.data) for pxOverflowTimerList
    timers.o(.text) refers to timers.o(.bss) for xActiveTimerList1
    port.o(.emb_text) refers to tasks.o(.text) for vTaskSwitchContext
    port.o(.emb_text) refers to tasks.o(.data) for pxCurrentTCB
    port.o(.text) refers to port.o(.emb_text) for __asm___6_port_c_39a90d8d__prvEnableVFP
    port.o(.text) refers to tasks.o(.text) for xTaskIncrementTick
    port.o(.text) refers to port.o(.data) for uxCriticalNesting
    port.o(.text) refers to system_m480.o(.data) for SystemCoreClock
    event_groups.o(.text) refers to list.o(.text) for vListInitialise
    event_groups.o(.text) refers to heap_4.o(.text) for pvPortMalloc
    event_groups.o(.text) refers to tasks.o(.text) for vTaskSuspendAll
    event_groups.o(.text) refers to port.o(.text) for vPortEnterCritical
    stream_buffer.o(.text) refers to memseta.o(.text) for memset
    stream_buffer.o(.text) refers to heap_4.o(.text) for pvPortMalloc
    stream_buffer.o(.text) refers to memmovea.o(.text) for __aeabi_memcpy
    stream_buffer.o(.text) refers to tasks.o(.text) for vTaskSetTimeOutState
    stream_buffer.o(.text) refers to port.o(.text) for vPortEnterCritical
    heap_4.o(.text) refers to tasks.o(.text) for vTaskSuspendAll
    heap_4.o(.text) refers to main.o(.text) for vApplicationMallocFailedHook
[...]
    CLK_SetPowerDownMode                     0x00005231   Thumb Code    58  clk.o(.text)
    CLK_EnableDPDWKPin                       0x0000526b   Thumb Code    22  clk.o(.text)
    CLK_GetPMUWKSrc                          0x00005281   Thumb Code     8  clk.o(.text)
    CLK_EnableSPDWKPin                       0x00005289   Thumb Code    44  clk.o(.text)
    CLK_GetModuleClockSource                 0x000052b5   Thumb Code   134  clk.o(.text)
    CLK_GetModuleClockDivider                0x0000533b   Thumb Code    64  clk.o(.text)
    Hard_Fault_Handler                       0x000053ef   Thumb Code    18  retarget.o(.text)
    kbhit                                    0x0000544f   Thumb Code    10  retarget.o(.text)
    IsDebugFifoEmpty                         0x00005459   Thumb Code    10  retarget.o(.text)
    _ttywrch                                 0x00005463   Thumb Code    12  retarget.o(.text)
    fputc                                    0x0000546f   Thumb Code    16  retarget.o(.text)
    fgetc                                    0x0000547f   Thumb Code    10  retarget.o(.text)
    ferror                                   0x00005489   Thumb Code     8  retarget.o(.text)
    SYS_ClearResetSrc                        0x0000550d   Thumb Code    16  sys.o(.text)
    SYS_GetBODStatus                         0x0000551d   Thumb Code    12  sys.o(.text)
    SYS_GetResetSrc                          0x00005529   Thumb Code     8  sys.o(.text)
    SYS_IsRegLocked                          0x00005531   Thumb Code    14  sys.o(.text)
    SYS_ReadPDID                             0x0000553f   Thumb Code     8  sys.o(.text)
    SYS_ResetChip                            0x00005547   Thumb Code    18  sys.o(.text)
    SYS_ResetCPU                             0x00005559   Thumb Code    18  sys.o(.text)
    SYS_ResetModule                          0x0000556b   Thumb Code    38  sys.o(.text)
    SYS_EnableBOD                            0x00005591   Thumb Code    42  sys.o(.text)
    SYS_DisableBOD                           0x000055bb   Thumb Code    18  sys.o(.text)
    SYS_SetPowerLevel                        0x000055cd   Thumb Code    22  sys.o(.text)
    UART_ClearIntFlag                        0x000055e9   Thumb Code    66  uart.o(.text)
    UART_Close                               0x0000562b   Thumb Code     6  uart.o(.text)
    UART_DisableFlowCtrl                     0x00005631   Thumb Code    10  uart.o(.text)
    UART_DisableInt                          0x0000563b   Thumb Code     8  uart.o(.text)
    UART_EnableFlowCtrl                      0x00005643   Thumb Code    26  uart.o(.text)
    UART_EnableInt                           0x0000565d   Thumb Code     8  uart.o(.text)
    UART_Open                                0x00005665   Thumb Code   284  uart.o(.text)
    UART_Read                                0x00005781   Thumb Code    58  uart.o(.text)
    UART_SetLineConfig                       0x000057bb   Thumb Code   290  uart.o(.text)
    UART_SetTimeoutCnt                       0x000058dd   Thumb Code    20  uart.o(.text)
    UART_SelectIrDAMode                      0x000058f1   Thumb Code   328  uart.o(.text)
    UART_SelectRS485Mode                     0x00005a39   Thumb Code    26  uart.o(.text)
    UART_SelectLINMode                       0x00005a53   Thumb Code    26  uart.o(.text)
    UART_Write                               0x00005a6d   Thumb Code    58  uart.o(.text)
    PRNG_Open                                0x00005aad   Thumb Code    16  crypto.o(.text)
    PRNG_Start                               0x00005abd   Thumb Code    10  crypto.o(.text)
    PRNG_Read                                0x00005ac7   Thumb Code    46  crypto.o(.text)
    AES_Open                                 0x00005af5   Thumb Code    40  crypto.o(.text)
    AES_Start                                0x00005b1d   Thumb Code    30  crypto.o(.text)
    AES_SetKey                               0x00005b3b   Thumb Code    42  crypto.o(.text)
    AES_SetInitVect                          0x00005b65   Thumb Code    36  crypto.o(.text)
    AES_SetDMATransfer                       0x00005b89   Thumb Code    46  crypto.o(.text)
    TDES_Open                                0x00005bb7   Thumb Code    64  crypto.o(.text)
    TDES_Start                               0x00005bf7   Thumb Code    34  crypto.o(.text)
    TDES_SetKey                              0x00005c19   Thumb Code    46  crypto.o(.text)
    TDES_SetInitVect                         0x00005c47   Thumb Code    22  crypto.o(.text)
    TDES_SetDMATransfer                      0x00005c5d   Thumb Code    34  crypto.o(.text)
    SHA_Open                                 0x00005c7f   Thumb Code    32  crypto.o(.text)
    SHA_Start                                0x00005c9f   Thumb Code    30  crypto.o(.text)
    SHA_SetDMATransfer                       0x00005cbd   Thumb Code    10  crypto.o(.text)
    SHA_Read                                 0x00005cc7   Thumb Code    70  crypto.o(.text)
    ECC_Complete                             0x0000615f   Thumb Code    38  crypto.o(.text)
    ECC_IsPrivateKeyValid                    0x00006185   Thumb Code   168  crypto.o(.text)
    ECC_GeneratePublicKey                    0x0000622d   Thumb Code   300  crypto.o(.text)
    ECC_Mutiply                              0x00006359   Thumb Code   222  crypto.o(.text)
    ECC_GenerateSecretZ                      0x00006437   Thumb Code   274  crypto.o(.text)
    ECC_GenerateSignature                    0x000065bd   Thumb Code   616  crypto.o(.text)
    ECC_VerifySignature                      0x00006825   Thumb Code   884  crypto.o(.text)
    FMC_Close                                0x00006ba1   Thumb Code    14  fmc.o(.text)
    FMC_Erase_SPROM                          0x00006baf   Thumb Code    64  fmc.o(.text)
    FMC_Erase                                0x00006bef   Thumb Code    78  fmc.o(.text)
    FMC_Erase_Block                          0x00006c3d   Thumb Code    60  fmc.o(.text)
    FMC_Erase_Bank                           0x00006c79   Thumb Code    60  fmc.o(.text)
    FMC_GetBootSource                        0x00006cb5   Thumb Code    16  fmc.o(.text)
    FMC_Open                                 0x00006cc5   Thumb Code    14  fmc.o(.text)
    FMC_Read                                 0x00006cd3   Thumb Code    36  fmc.o(.text)
    FMC_Read_64                              0x00006cf7   Thumb Code    84  fmc.o(.text)
    FMC_ReadDataFlashBaseAddr                0x00006d4b   Thumb Code     6  fmc.o(.text)
    FMC_SetBootSource                        0x00006d51   Thumb Code    30  fmc.o(.text)
    FMC_Write                                0x00006d6f   Thumb Code    32  fmc.o(.text)
    FMC_Write8Bytes                          0x00006d8f   Thumb Code    74  fmc.o(.text)
    FMC_WriteMultiple                        0x00006dd9   Thumb Code   306  fmc.o(.text)
    FMC_Write_OTP                            0x00006f0b   Thumb Code   160  fmc.o(.text)
    FMC_Read_OTP                             0x00006fab   Thumb Code    98  fmc.o(.text)
    FMC_Lock_OTP                             0x0000700d   Thumb Code    76  fmc.o(.text)
    FMC_Is_OTP_Locked                        0x00007059   Thumb Code    84  fmc.o(.text)
    FMC_ReadConfig                           0x000070ad   Thumb Code    38  fmc.o(.text)
    FMC_WriteConfig                          0x000070d3   Thumb Code    58  fmc.o(.text)
    FMC_GetChkSum                            0x0000710d   Thumb Code    86  fmc.o(.text)
    FMC_CheckAllOne                          0x00007163   Thumb Code   110  fmc.o(.text)
    FMC_SetSPKey                             0x000071d1   Thumb Code   262  fmc.o(.text)
    FMC_CompareSPKey                         0x000072d7   Thumb Code    94  fmc.o(.text)
    xLoggingTaskInitialize                   0x00007379   Thumb Code    78  aws_logging_task_dynamic_buffers.o(.text)
    vLoggingPrintf                           0x000073c7   Thumb Code   206  aws_logging_task_dynamic_buffers.o(.text)
    vLoggingPrint                            0x00007495   Thumb Code    94  aws_logging_task_dynamic_buffers.o(.text)
    DEMO_RUNNER_RunDemos                     0x00007525   Thumb Code     8  aws_demo_runner.o(.text)
    vStartMQTTEchoDemo                       0x0000786d   Thumb Code    72  aws_hello_world.o(.text)
    WIFI_On                                  0x00007b6d   Thumb Code   102  aws_wifi.o(.text)
    WIFI_Off                                 0x00007bd3   Thumb Code     4  aws_wifi.o(.text)
    WIFI_ConnectAP                           0x00007bd7   Thumb Code   152  aws_wifi.o(.text)
    WIFI_Disconnect                          0x00007c6f   Thumb Code    56  aws_wifi.o(.text)
    WIFI_Reset                               0x00007ca7   Thumb Code    56  aws_wifi.o(.text)
    WIFI_Scan                                0x00007cdf   Thumb Code    70  aws_wifi.o(.text)
    WIFI_SetMode                             0x00007d25   Thumb Code     6  aws_wifi.o(.text)
    WIFI_GetMode                             0x00007d2b   Thumb Code     6  aws_wifi.o(.text)
    WIFI_NetworkAdd                          0x00007d31   Thumb Code     6  aws_wifi.o(.text)
    WIFI_NetworkGet                          0x00007d37   Thumb Code     6  aws_wifi.o(.text)
    WIFI_NetworkDelete                       0x00007d3d   Thumb Code     6  aws_wifi.o(.text)
    WIFI_Ping                                0x00007d43   Thumb Code   118  aws_wifi.o(.text)
    WIFI_GetIP                               0x00007db9   Thumb Code    74  aws_wifi.o(.text)
    WIFI_GetMAC                              0x00007e03   Thumb Code    76  aws_wifi.o(.text)
    WIFI_GetHostIP                           0x00007e4f   Thumb Code    72  aws_wifi.o(.text)
    WIFI_StartAP                             0x00007e97   Thumb Code     4  aws_wifi.o(.text)
    WIFI_StopAP                              0x00007e9b   Thumb Code     4  aws_wifi.o(.text)
    WIFI_ConfigureAP                         0x00007e9f   Thumb Code     6  aws_wifi.o(.text)
    WIFI_SetPMMode                           0x00007ea5   Thumb Code     6  aws_wifi.o(.text)
    WIFI_GetPMMode                           0x00007eab   Thumb Code     6  aws_wifi.o(.text)
    WIFI_IsConnected                         0x00007eb1   Thumb Code    54  aws_wifi.o(.text)
    RX_BUF_PUSH                              0x00007f19   Thumb Code    34  esp8266_wifi.o(.text)
    RX_BUF_POP                               0x00007f3b   Thumb Code    34  esp8266_wifi.o(.text)
    RX_BUF_FULL                              0x00007f5d   Thumb Code    44  esp8266_wifi.o(.text)
    RX_BUF_COUNT                             0x00007f89   Thumb Code    44  esp8266_wifi.o(.text)
    ESP_Platform_Init                        0x00008203   Thumb Code   136  esp8266_wifi.o(.text)
    ESP_IO_Send                              0x0000828b   Thumb Code    22  esp8266_wifi.o(.text)
    UART1_IRQHandler                         0x000082a1   Thumb Code    44  esp8266_wifi.o(.text)
    ESP_IO_Recv                              0x000082cd   Thumb Code   888  esp8266_wifi.o(.text)
    ESP_WIFI_Reset                           0x000086c5   Thumb Code    78  esp8266_wifi.o(.text)
    ESP_WIFI_Init                            0x00008713   Thumb Code    28  esp8266_wifi.o(.text)
    ESP_WIFI_SetMultiConn                    0x0000872f   Thumb Code    50  esp8266_wifi.o(.text)
    ESP_WIFI_Connect                         0x00008761   Thumb Code   488  esp8266_wifi.o(.text)
    ESP_WIFI_Disconnect                      0x00008949   Thumb Code    28  esp8266_wifi.o(.text)
    ESP_WIFI_Scan                            0x00008965   Thumb Code    40  esp8266_wifi.o(.text)
    ESP_WIFI_IsConnected                     0x0000898d   Thumb Code     8  esp8266_wifi.o(.text)
    ESP_WIFI_GetNetStatus                    0x00008995   Thumb Code    28  esp8266_wifi.o(.text)
    ESP_WIFI_Reset_Ipd                       0x000089b1   Thumb Code    22  esp8266_wifi.o(.text)
    ESP_WIFI_Get_Ipd_Size                    0x000089c7   Thumb Code    22  esp8266_wifi.o(.text)
    ESP_WIFI_GetConnStatus                   0x000089dd   Thumb Code   144  esp8266_wifi.o(.text)
    ESP_WIFI_Ping                            0x00008a6d   Thumb Code    42  esp8266_wifi.o(.text)
    ESP_WIFI_GetHostIP                       0x00008a97   Thumb Code   120  esp8266_wifi.o(.text)
    ESP_WIFI_StartClient                     0x00008b0f   Thumb Code   414  esp8266_wifi.o(.text)
    ESP_WIFI_StopClient                      0x00008cad   Thumb Code    52  esp8266_wifi.o(.text)
    ESP_WIFI_Send                            0x00008ce1   Thumb Code   792  esp8266_wifi.o(.text)
    ESP_WIFI_Recv                            0x00008ff9   Thumb Code   748  esp8266_wifi.o(.text)
    SOCKETS_Socket                           0x000094f9   Thumb Code   258  aws_secure_sockets.o(.text)
    SOCKETS_Accept                           0x000095fb   Thumb Code     8  aws_secure_sockets.o(.text)
    SOCKETS_Connect                          0x00009603   Thumb Code   294  aws_secure_sockets.o(.text)
    SOCKETS_Recv                             0x00009729   Thumb Code   160  aws_secure_sockets.o(.text)
    SOCKETS_Send                             0x000097c9   Thumb Code   130  aws_secure_sockets.o(.text)
    SOCKETS_Shutdown                         0x0000984b   Thumb Code   118  aws_secure_sockets.o(.text)
    SOCKETS_Close                            0x000098c1   Thumb Code   180  aws_secure_sockets.o(.text)
    SOCKETS_SetSockOpt                       0x00009975   Thumb Code   264  aws_secure_sockets.o(.text)
    SOCKETS_GetHostByName                    0x00009a7d   Thumb Code    88  aws_secure_sockets.o(.text)
    SOCKETS_Init                             0x00009ad5   Thumb Code    64  aws_secure_sockets.o(.text)
    ulRand                                   0x00009b15   Thumb Code     4  aws_secure_sockets.o(.text)
    SYSTEM_Init                              0x00009b5d   Thumb Code    34  aws_system_init.o(.text)
    BUFFERPOOL_Init                          0x00009b81   Thumb Code    42  aws_bufferpool_static_thread_safe.o(.text)
    BUFFERPOOL_GetFreeBuffer                 0x00009bab   Thumb Code   124  aws_bufferpool_static_thread_safe.o(.text)
    BUFFERPOOL_ReturnBuffer                  0x00009c27   Thumb Code    20  aws_bufferpool_static_thread_safe.o(.text)
    MQTT_AGENT_Init                          0x0000a6b9   Thumb Code   336  aws_mqtt_agent.o(.text)
    MQTT_AGENT_Create                        0x0000a809   Thumb Code    30  aws_mqtt_agent.o(.text)
    MQTT_AGENT_Delete                        0x0000a827   Thumb Code    16  aws_mqtt_agent.o(.text)
    MQTT_AGENT_Connect                       0x0000a837   Thumb Code   110  aws_mqtt_agent.o(.text)
    MQTT_AGENT_Disconnect                    0x0000a8a5   Thumb Code    34  aws_mqtt_agent.o(.text)
    MQTT_AGENT_Subscribe                     0x0000a8c7   Thumb Code    38  aws_mqtt_agent.o(.text)
    MQTT_AGENT_Unsubscribe                   0x0000a8ed   Thumb Code    38  aws_mqtt_agent.o(.text)
    MQTT_AGENT_Publish                       0x0000a913   Thumb Code    38  aws_mqtt_agent.o(.text)
    MQTT_AGENT_ReturnBuffer                  0x0000a939   Thumb Code    16  aws_mqtt_agent.o(.text)
    MQTT_Init                                0x0000b5df   Thumb Code    88  aws_mqtt_lib.o(.text)
    MQTT_Connect                             0x0000b637   Thumb Code   376  aws_mqtt_lib.o(.text)
    MQTT_Disconnect                          0x0000b7af   Thumb Code    70  aws_mqtt_lib.o(.text)
    MQTT_Subscribe                           0x0000b7f5   Thumb Code   292  aws_mqtt_lib.o(.text)
    MQTT_Unsubscribe                         0x0000b919   Thumb Code   248  aws_mqtt_lib.o(.text)
    MQTT_Publish                             0x0000ba11   Thumb Code   300  aws_mqtt_lib.o(.text)
    MQTT_ParseReceivedData                   0x0000bb3d   Thumb Code   444  aws_mqtt_lib.o(.text)
    MQTT_ReturnBuffer                        0x0000bcf9   Thumb Code    18  aws_mqtt_lib.o(.text)
    MQTT_Periodic                            0x0000bd0b   Thumb Code   268  aws_mqtt_lib.o(.text)
    CRYPTO_ConfigureHeap                     0x0000bead   Thumb Code    12  aws_crypto.o(.text)
    CRYPTO_SignatureVerificationStart        0x0000beb9   Thumb Code    88  aws_crypto.o(.text)
    CRYPTO_SignatureVerificationUpdate       0x0000bf11   Thumb Code    48  aws_crypto.o(.text)
    CRYPTO_SignatureVerificationFinal        0x0000bf41   Thumb Code   110  aws_crypto.o(.text)
    prvSessionPointerFromHandle              0x0000bfb9   Thumb Code     2  aws_pkcs11_mbedtls.o(.text)
    C_Sign                                   0x0000bfbb   Thumb Code    96  aws_pkcs11_mbedtls.o(.text)
    C_SignInit                               0x0000c01b   Thumb Code    12  aws_pkcs11_mbedtls.o(.text)
    C_Initialize                             0x0000c1e1   Thumb Code    12  aws_pkcs11_mbedtls.o(.text)
    C_Finalize                               0x0000c1ed   Thumb Code    10  aws_pkcs11_mbedtls.o(.text)
    C_GetFunctionList                        0x0000c1f7   Thumb Code    16  aws_pkcs11_mbedtls.o(.text)
    C_GetSlotList                            0x0000c207   Thumb Code    38  aws_pkcs11_mbedtls.o(.text)
    C_OpenSession                            0x0000c22d   Thumb Code   144  aws_pkcs11_mbedtls.o(.text)
    C_CloseSession                           0x0000c2bd   Thumb Code    64  aws_pkcs11_mbedtls.o(.text)
    C_CreateObject                           0x0000c2fd   Thumb Code   452  aws_pkcs11_mbedtls.o(.text)
    C_DestroyObject                          0x0000c4c1   Thumb Code    32  aws_pkcs11_mbedtls.o(.text)
    C_GetAttributeValue                      0x0000c4e1   Thumb Code   326  aws_pkcs11_mbedtls.o(.text)
    C_FindObjectsInit                        0x0000c627   Thumb Code    40  aws_pkcs11_mbedtls.o(.text)
    C_FindObjects                            0x0000c64f   Thumb Code   162  aws_pkcs11_mbedtls.o(.text)
    C_FindObjectsFinal                       0x0000c6f1   Thumb Code    34  aws_pkcs11_mbedtls.o(.text)
    C_DigestInit                             0x0000c713   Thumb Code    68  aws_pkcs11_mbedtls.o(.text)
    C_DigestUpdate                           0x0000c757   Thumb Code    64  aws_pkcs11_mbedtls.o(.text)
    C_DigestFinal                            0x0000c797   Thumb Code    90  aws_pkcs11_mbedtls.o(.text)
    C_VerifyInit                             0x0000c7f1   Thumb Code    12  aws_pkcs11_mbedtls.o(.text)
    C_Verify                                 0x0000c7fd   Thumb Code   106  aws_pkcs11_mbedtls.o(.text)
    C_GenerateKeyPair                        0x0000c867   Thumb Code   222  aws_pkcs11_mbedtls.o(.text)
    C_GenerateRandom                         0x0000c945   Thumb Code    50  aws_pkcs11_mbedtls.o(.text)
    PKCS11_PAL_SaveFile                      0x0000ca07   Thumb Code   200  aws_pkcs11_pal.o(.text)
    PKCS11_PAL_ReadFile                      0x0000cacf   Thumb Code   118  aws_pkcs11_pal.o(.text)
    PKCS11_PAL_ReleaseFileData               0x0000cb45   Thumb Code     2  aws_pkcs11_pal.o(.text)
    mbedtls_aes_init                         0x0000cbef   Thumb Code    16  aes.o(.text)
    mbedtls_aes_free                         0x0000cbff   Thumb Code    22  aes.o(.text)
    mbedtls_aes_setkey_enc                   0x0000cc15   Thumb Code   496  aes.o(.text)
    mbedtls_aes_setkey_dec                   0x0000ce05   Thumb Code   204  aes.o(.text)
    mbedtls_internal_aes_encrypt             0x0000ced1   Thumb Code  1304  aes.o(.text)
    mbedtls_internal_aes_decrypt             0x0000d3e9   Thumb Code  1262  aes.o(.text)
    mbedtls_aes_crypt_ecb                    0x0000d8d7   Thumb Code    38  aes.o(.text)
    mbedtls_aes_crypt_cbc                    0x0000d8fd   Thumb Code   162  aes.o(.text)
    mbedtls_aes_crypt_cfb128                 0x0000d99f   Thumb Code   134  aes.o(.text)
    mbedtls_aes_crypt_cfb8                   0x0000da25   Thumb Code   100  aes.o(.text)
    mbedtls_aes_crypt_ctr                    0x0000da89   Thumb Code   106  aes.o(.text)
    mbedtls_aes_self_test                    0x0000daf3   Thumb Code   954  aes.o(.text)
    mbedtls_asn1_get_len                     0x0000dfa7   Thumb Code   254  asn1parse.o(.text)
    mbedtls_asn1_get_tag                     0x0000e0a5   Thumb Code    56  asn1parse.o(.text)
    mbedtls_asn1_get_bool                    0x0000e0dd   Thumb Code    64  asn1parse.o(.text)
    mbedtls_asn1_get_int                     0x0000e11d   Thumb Code    92  asn1parse.o(.text)
    mbedtls_asn1_get_mpi                     0x0000e179   Thumb Code    52  asn1parse.o(.text)
    mbedtls_asn1_get_bitstring               0x0000e1ad   Thumb Code    96  asn1parse.o(.text)
    mbedtls_asn1_get_bitstring_null          0x0000e20d   Thumb Code    58  asn1parse.o(.text)
    mbedtls_asn1_get_sequence_of             0x0000e247   Thumb Code   152  asn1parse.o(.text)
    mbedtls_asn1_get_alg                     0x0000e2df   Thumb Code   174  asn1parse.o(.text)
    mbedtls_asn1_get_alg_null                0x0000e38d   Thumb Code    60  asn1parse.o(.text)
    mbedtls_asn1_free_named_data             0x0000e3c9   Thumb Code    36  asn1parse.o(.text)
    mbedtls_asn1_free_named_data_list        0x0000e3ed   Thumb Code    32  asn1parse.o(.text)
    mbedtls_asn1_find_named_data             0x0000e40d   Thumb Code    42  asn1parse.o(.text)
    mbedtls_asn1_write_len                   0x0000e441   Thumb Code   254  asn1write.o(.text)
    mbedtls_asn1_write_tag                   0x0000e53f   Thumb Code    28  asn1write.o(.text)
    mbedtls_asn1_write_raw_buffer            0x0000e55b   Thumb Code    58  asn1write.o(.text)
    mbedtls_asn1_write_mpi                   0x0000e595   Thumb Code   168  asn1write.o(.text)
    mbedtls_asn1_write_null                  0x0000e63d   Thumb Code    60  asn1write.o(.text)
    mbedtls_asn1_write_oid                   0x0000e679   Thumb Code    94  asn1write.o(.text)
    mbedtls_asn1_write_algorithm_identifier  0x0000e6d7   Thumb Code   122  asn1write.o(.text)
    mbedtls_asn1_write_bool                  0x0000e751   Thumb Code   102  asn1write.o(.text)
    mbedtls_asn1_write_int                   0x0000e7b7   Thumb Code   134  asn1write.o(.text)
    mbedtls_asn1_write_printable_string      0x0000e83d   Thumb Code    94  asn1write.o(.text)
    mbedtls_asn1_write_ia5_string            0x0000e89b   Thumb Code    94  asn1write.o(.text)
    mbedtls_asn1_write_bitstring             0x0000e8f9   Thumb Code   144  asn1write.o(.text)
    mbedtls_asn1_write_octet_string          0x0000e989   Thumb Code    94  asn1write.o(.text)
    mbedtls_asn1_store_named_data            0x0000e9e7   Thumb Code   198  asn1write.o(.text)
    mbedtls_base64_encode                    0x0000eab5   Thumb Code   312  base64.o(.text)
    mbedtls_base64_decode                    0x0000ebed   Thumb Code   350  base64.o(.text)
    mbedtls_base64_self_test                 0x0000ed4b   Thumb Code   124  base64.o(.text)
    mbedtls_mpi_init                         0x0000ee53   Thumb Code    18  bignum.o(.text)
    mbedtls_mpi_free                         0x0000ee65   Thumb Code    42  bignum.o(.text)
    mbedtls_mpi_grow                         0x0000ee8f   Thumb Code    86  bignum.o(.text)
    mbedtls_mpi_shrink                       0x0000eee5   Thumb Code   116  bignum.o(.text)
    mbedtls_mpi_copy                         0x0000ef59   Thumb Code   120  bignum.o(.text)
    mbedtls_mpi_swap                         0x0000efd1   Thumb Code    28  bignum.o(.text)
    mbedtls_mpi_safe_cond_assign             0x0000efed   Thumb Code   134  bignum.o(.text)
    mbedtls_mpi_safe_cond_swap               0x0000f073   Thumb Code   176  bignum.o(.text)
    mbedtls_mpi_lset                         0x0000f123   Thumb Code    68  bignum.o(.text)
    mbedtls_mpi_get_bit                      0x0000f167   Thumb Code    34  bignum.o(.text)
    mbedtls_mpi_set_bit                      0x0000f189   Thumb Code   112  bignum.o(.text)
    mbedtls_mpi_lsb                          0x0000f1f9   Thumb Code    52  bignum.o(.text)
    mbedtls_mpi_bitlen                       0x0000f24b   Thumb Code    66  bignum.o(.text)
    mbedtls_mpi_size                         0x0000f28d   Thumb Code    16  bignum.o(.text)
    mbedtls_mpi_add_abs                      0x0000f2dd   Thumb Code   242  bignum.o(.text)
    mbedtls_mpi_cmp_abs                      0x0000f431   Thumb Code   138  bignum.o(.text)
    mbedtls_mpi_sub_abs                      0x0000f4bb   Thumb Code   140  bignum.o(.text)
    mbedtls_mpi_sub_mpi                      0x0000f547   Thumb Code   120  bignum.o(.text)
    mbedtls_mpi_sub_int                      0x0000f5bf   Thumb Code    56  bignum.o(.text)
    mbedtls_mpi_add_mpi                      0x0000f5f7   Thumb Code   120  bignum.o(.text)
    mbedtls_mpi_add_int                      0x0000f66f   Thumb Code    56  bignum.o(.text)
    mbedtls_mpi_mul_mpi                      0x0000fcd7   Thumb Code   232  bignum.o(.text)
    mbedtls_mpi_mul_int                      0x0000fdbf   Thumb Code    34  bignum.o(.text)
    mbedtls_mpi_read_string                  0x0000fde1   Thumb Code   374  bignum.o(.text)
    mbedtls_mpi_cmp_mpi                      0x0000ff57   Thumb Code   172  bignum.o(.text)
    mbedtls_mpi_cmp_int                      0x00010003   Thumb Code    52  bignum.o(.text)
    mbedtls_mpi_shift_r                      0x00010037   Thumb Code   166  bignum.o(.text)
    mbedtls_mpi_shift_l                      0x000100dd   Thumb Code   194  bignum.o(.text)
    mbedtls_mpi_div_mpi                      0x00010207   Thumb Code   980  bignum.o(.text)
    mbedtls_mpi_div_int                      0x000105db   Thumb Code    64  bignum.o(.text)
    mbedtls_mpi_mod_int                      0x0001061b   Thumb Code   120  bignum.o(.text)
    mbedtls_mpi_write_string                 0x0001071b   Thumb Code   354  bignum.o(.text)
    mbedtls_mpi_read_binary                  0x0001087d   Thumb Code   136  bignum.o(.text)
    mbedtls_mpi_write_binary                 0x00010905   Thumb Code    80  bignum.o(.text)
    mbedtls_mpi_mod_mpi                      0x00010955   Thumb Code   126  bignum.o(.text)
    mbedtls_mpi_exp_mod                      0x00010afd   Thumb Code  1380  bignum.o(.text)
    mbedtls_mpi_gcd                          0x00011061   Thumb Code   348  bignum.o(.text)
    mbedtls_mpi_fill_random                  0x000111bd   Thumb Code    92  bignum.o(.text)
    mbedtls_mpi_inv_mod                      0x00011219   Thumb Code   816  bignum.o(.text)
    mbedtls_mpi_is_prime                     0x0001180b   Thumb Code    94  bignum.o(.text)
    mbedtls_mpi_gen_prime                    0x00011869   Thumb Code   422  bignum.o(.text)
    mbedtls_mpi_self_test                    0x00011a0f   Thumb Code   662  bignum.o(.text)
    mbedtls_cipher_list                      0x00011dd7   Thumb Code    36  cipher.o(.text)
    mbedtls_cipher_info_from_type            0x00011dfb   Thumb Code    28  cipher.o(.text)
    mbedtls_cipher_info_from_string          0x00011e17   Thumb Code    42  cipher.o(.text)
    mbedtls_cipher_info_from_values          0x00011e41   Thumb Code    52  cipher.o(.text)
    mbedtls_cipher_init                      0x00011e75   Thumb Code    14  cipher.o(.text)
    mbedtls_cipher_free                      0x00011e83   Thumb Code    34  cipher.o(.text)
    mbedtls_cipher_set_padding_mode          0x000120ab   Thumb Code    92  cipher.o(.text)
    mbedtls_cipher_setup                     0x00012107   Thumb Code    52  cipher.o(.text)
    mbedtls_cipher_setkey                    0x0001213b   Thumb Code   108  cipher.o(.text)
    mbedtls_cipher_set_iv                    0x000121a7   Thumb Code   138  cipher.o(.text)
    mbedtls_cipher_reset                     0x00012231   Thumb Code    22  cipher.o(.text)
    mbedtls_cipher_update_ad                 0x00012247   Thumb Code    54  cipher.o(.text)
    mbedtls_cipher_update                    0x0001227d   Thumb Code   540  cipher.o(.text)
    mbedtls_cipher_finish                    0x00012499   Thumb Code   270  cipher.o(.text)
    mbedtls_cipher_write_tag                 0x000125a7   Thumb Code    70  cipher.o(.text)
    mbedtls_cipher_check_tag                 0x000125ed   Thumb Code   102  cipher.o(.text)
    mbedtls_cipher_crypt                     0x00012653   Thumb Code   114  cipher.o(.text)
    mbedtls_cipher_auth_encrypt              0x000126c5   Thumb Code    72  cipher.o(.text)
    mbedtls_cipher_auth_decrypt              0x0001270d   Thumb Code    92  cipher.o(.text)
    mbedtls_ctr_drbg_init                    0x000128d7   Thumb Code    16  ctr_drbg.o(.text)
    mbedtls_ctr_drbg_reseed                  0x00012af1   Thumb Code   142  ctr_drbg.o(.text)
    mbedtls_ctr_drbg_seed_entropy_len        0x00012b7f   Thumb Code   104  ctr_drbg.o(.text)
    mbedtls_ctr_drbg_seed                    0x00012be7   Thumb Code    38  ctr_drbg.o(.text)
    mbedtls_ctr_drbg_free                    0x00012c0d   Thumb Code    30  ctr_drbg.o(.text)
    mbedtls_ctr_drbg_set_prediction_resistance 0x00012c2b   Thumb Code     4  ctr_drbg.o(.text)
    mbedtls_ctr_drbg_set_entropy_len         0x00012c2f   Thumb Code     4  ctr_drbg.o(.text)
    mbedtls_ctr_drbg_set_reseed_interval     0x00012c33   Thumb Code     4  ctr_drbg.o(.text)
    mbedtls_ctr_drbg_update                  0x00012c37   Thumb Code    44  ctr_drbg.o(.text)
    mbedtls_ctr_drbg_random_with_add         0x00012c63   Thumb Code   244  ctr_drbg.o(.text)
    mbedtls_ctr_drbg_random                  0x00012d57   Thumb Code    36  ctr_drbg.o(.text)
    mbedtls_ctr_drbg_self_test               0x00012da5   Thumb Code   332  ctr_drbg.o(.text)
    mbedtls_ecdh_gen_public                  0x00012f5d   Thumb Code    36  ecdh.o(.text)
    mbedtls_ecdh_compute_shared              0x00012f81   Thumb Code   114  ecdh.o(.text)
    mbedtls_ecdh_init                        0x00012ff3   Thumb Code    16  ecdh.o(.text)
    mbedtls_ecdh_free                        0x00013003   Thumb Code    74  ecdh.o(.text)
    mbedtls_ecdh_make_params                 0x0001304d   Thumb Code   132  ecdh.o(.text)
    mbedtls_ecdh_read_params                 0x000130d1   Thumb Code    60  ecdh.o(.text)
    mbedtls_ecdh_get_params                  0x0001310d   Thumb Code    92  ecdh.o(.text)
    mbedtls_ecdh_make_public                 0x00013169   Thumb Code    80  ecdh.o(.text)
    mbedtls_ecdh_read_public                 0x000131b9   Thumb Code    54  ecdh.o(.text)
    mbedtls_ecdh_calc_secret                 0x000131ef   Thumb Code   110  ecdh.o(.text)
    mbedtls_ecdsa_sign                       0x000132e5   Thumb Code   502  ecdsa.o(.text)
    mbedtls_ecdsa_sign_det                   0x000134db   Thumb Code   182  ecdsa.o(.text)
    mbedtls_ecdsa_verify                     0x00013591   Thumb Code   392  ecdsa.o(.text)
    mbedtls_ecdsa_write_signature            0x000137a5   Thumb Code   112  ecdsa.o(.text)
    mbedtls_ecdsa_read_signature             0x00013815   Thumb Code   164  ecdsa.o(.text)
    mbedtls_ecdsa_genkey                     0x000138b9   Thumb Code    48  ecdsa.o(.text)
    mbedtls_ecdsa_free                       0x000138e9   Thumb Code    12  ecdsa.o(.text)
    mbedtls_ecdsa_from_keypair               0x000138f5   Thumb Code    60  ecdsa.o(.text)
    mbedtls_ecdsa_init                       0x00013931   Thumb Code    12  ecdsa.o(.text)
    mbedtls_ecp_curve_list                   0x0001395b   Thumb Code     4  ecp.o(.text)
    mbedtls_ecp_grp_id_list                  0x0001395f   Thumb Code    52  ecp.o(.text)
    mbedtls_ecp_curve_info_from_grp_id       0x00013993   Thumb Code    34  ecp.o(.text)
    mbedtls_ecp_curve_info_from_tls_id       0x000139b5   Thumb Code    34  ecp.o(.text)
    mbedtls_ecp_curve_info_from_name         0x000139d7   Thumb Code    38  ecp.o(.text)
    mbedtls_ecp_point_init                   0x00013a13   Thumb Code    34  ecp.o(.text)
    mbedtls_ecp_group_init                   0x00013a35   Thumb Code    20  ecp.o(.text)
    mbedtls_ecp_keypair_init                 0x00013a49   Thumb Code    34  ecp.o(.text)
    mbedtls_ecp_point_free                   0x00013a6b   Thumb Code    34  ecp.o(.text)
    mbedtls_ecp_group_free                   0x00013a8d   Thumb Code   102  ecp.o(.text)
    mbedtls_ecp_keypair_free                 0x00013af3   Thumb Code    34  ecp.o(.text)
    mbedtls_ecp_copy                         0x00013b15   Thumb Code    74  ecp.o(.text)
    mbedtls_ecp_group_copy                   0x00013b5f   Thumb Code    16  ecp.o(.text)
    mbedtls_ecp_set_zero                     0x00013b6f   Thumb Code    68  ecp.o(.text)
    mbedtls_ecp_is_zero                      0x00013bb3   Thumb Code    24  ecp.o(.text)
    mbedtls_ecp_point_cmp                    0x00013bcb   Thumb Code    52  ecp.o(.text)
    mbedtls_ecp_point_read_string            0x00013bff   Thumb Code    82  ecp.o(.text)
    mbedtls_ecp_point_write_binary           0x00013c51   Thumb Code   224  ecp.o(.text)
    mbedtls_ecp_point_read_binary            0x00013d31   Thumb Code   168  ecp.o(.text)
    mbedtls_ecp_tls_read_point               0x00013dd9   Thumb Code    66  ecp.o(.text)
    mbedtls_ecp_tls_write_point              0x00013e1b   Thumb Code    66  ecp.o(.text)
    mbedtls_ecp_tls_read_group               0x00013e5d   Thumb Code    86  ecp.o(.text)
    mbedtls_ecp_tls_write_group              0x00013eb3   Thumb Code    58  ecp.o(.text)
    mbedtls_ecp_check_pubkey                 0x000157fb   Thumb Code    46  ecp.o(.text)
    mbedtls_ecp_check_privkey                0x00015829   Thumb Code    80  ecp.o(.text)
    mbedtls_ecp_mul                          0x00015879   Thumb Code   102  ecp.o(.text)
    mbedtls_ecp_muladd                       0x0001596b   Thumb Code   146  ecp.o(.text)
    mbedtls_ecp_gen_keypair_base             0x000159fd   Thumb Code   166  ecp.o(.text)
    mbedtls_ecp_gen_keypair                  0x00015aa3   Thumb Code    38  ecp.o(.text)
    mbedtls_ecp_gen_key                      0x00015ac9   Thumb Code    52  ecp.o(.text)
    mbedtls_ecp_check_pub_priv               0x00015afd   Thumb Code   178  ecp.o(.text)
    mbedtls_ecp_self_test                    0x00015baf   Thumb Code   666  ecp.o(.text)
    mbedtls_ecp_group_load                   0x00016461   Thumb Code    80  ecp_curves.o(.text)
    mbedtls_entropy_add_source               0x000164ef   Thumb Code    82  entropy.o(.text)
    mbedtls_entropy_init                     0x00016541   Thumb Code    48  entropy.o(.text)
    mbedtls_entropy_free                     0x00016571   Thumb Code    32  entropy.o(.text)
    mbedtls_entropy_update_manual            0x00016617   Thumb Code    30  entropy.o(.text)
    mbedtls_entropy_gather                   0x000166e1   Thumb Code    16  entropy.o(.text)
    mbedtls_entropy_func                     0x000166f1   Thumb Code   272  entropy.o(.text)
    mbedtls_entropy_source_self_test         0x0001688f   Thumb Code   148  entropy.o(.text)
    mbedtls_entropy_self_test                0x00016923   Thumb Code   294  entropy.o(.text)
    mbedtls_gcm_init                         0x00016a63   Thumb Code    16  gcm.o(.text)
    mbedtls_gcm_setkey                       0x00016c07   Thumb Code   112  gcm.o(.text)
    mbedtls_gcm_starts                       0x00016e37   Thumb Code   378  gcm.o(.text)
    mbedtls_gcm_update                       0x00016fb1   Thumb Code   296  gcm.o(.text)
    mbedtls_gcm_finish                       0x000170d9   Thumb Code   378  gcm.o(.text)
    mbedtls_gcm_crypt_and_tag                0x00017253   Thumb Code    88  gcm.o(.text)
    mbedtls_gcm_auth_decrypt                 0x000172ab   Thumb Code   112  gcm.o(.text)
    mbedtls_gcm_free                         0x0001731b   Thumb Code    22  gcm.o(.text)
    mbedtls_gcm_self_test                    0x00017331   Thumb Code  1272  gcm.o(.text)
    mbedtls_hmac_drbg_init                   0x0001785b   Thumb Code    14  hmac_drbg.o(.text)
    mbedtls_hmac_drbg_update                 0x00017869   Thumb Code   144  hmac_drbg.o(.text)
    mbedtls_hmac_drbg_seed_buf               0x000178f9   Thumb Code    88  hmac_drbg.o(.text)
    mbedtls_hmac_drbg_reseed                 0x00017951   Thumb Code   100  hmac_drbg.o(.text)
    mbedtls_hmac_drbg_seed                   0x000179b5   Thumb Code   134  hmac_drbg.o(.text)
    mbedtls_hmac_drbg_set_prediction_resistance 0x00017a3b   Thumb Code     4  hmac_drbg.o(.text)
    mbedtls_hmac_drbg_set_entropy_len        0x00017a3f   Thumb Code     4  hmac_drbg.o(.text)
    mbedtls_hmac_drbg_set_reseed_interval    0x00017a43   Thumb Code     4  hmac_drbg.o(.text)
    mbedtls_hmac_drbg_random_with_add        0x00017a47   Thumb Code   212  hmac_drbg.o(.text)
    mbedtls_hmac_drbg_random                 0x00017b1b   Thumb Code    36  hmac_drbg.o(.text)
    mbedtls_hmac_drbg_free                   0x00017b3f   Thumb Code    26  hmac_drbg.o(.text)
    mbedtls_hmac_drbg_self_test              0x00017b83   Thumb Code   344  hmac_drbg.o(.text)
    mbedtls_md_list                          0x00017d57   Thumb Code     4  md.o(.text)
    mbedtls_md_info_from_type                0x00017d5b   Thumb Code    32  md.o(.text)
    mbedtls_md_info_from_string              0x00017d7b   Thumb Code    78  md.o(.text)
    mbedtls_md_init                          0x00017dc9   Thumb Code    10  md.o(.text)
    mbedtls_md_free                          0x00017dd3   Thumb Code    60  md.o(.text)
    mbedtls_md_clone                         0x00017e0f   Thumb Code    44  md.o(.text)
    mbedtls_md_setup                         0x00017e3b   Thumb Code    66  md.o(.text)
    mbedtls_md_starts                        0x00017e7d   Thumb Code    24  md.o(.text)
    mbedtls_md_update                        0x00017e95   Thumb Code    32  md.o(.text)
    mbedtls_md_finish                        0x00017eb5   Thumb Code    28  md.o(.text)
    mbedtls_md                               0x00017ed1   Thumb Code    32  md.o(.text)
    mbedtls_md_hmac_starts                   0x00017ef1   Thumb Code   214  md.o(.text)
    mbedtls_md_hmac_update                   0x00017fc7   Thumb Code    36  md.o(.text)
    mbedtls_md_hmac_finish                   0x00017feb   Thumb Code   118  md.o(.text)
    mbedtls_md_hmac_reset                    0x00018061   Thumb Code    50  md.o(.text)
    mbedtls_md_hmac                          0x00018093   Thumb Code   112  md.o(.text)
    mbedtls_md_process                       0x00018103   Thumb Code    28  md.o(.text)
    mbedtls_md_get_size                      0x0001811f   Thumb Code    12  md.o(.text)
    mbedtls_md_get_type                      0x0001812b   Thumb Code    70  md.o(.text)
    mbedtls_md_get_name                      0x00018171   Thumb Code    12  md.o(.text)
    mbedtls_oid_get_attr_short_name          0x000182f5   Thumb Code    30  oid.o(.text)
    mbedtls_oid_get_x509_ext_type            0x0001834b   Thumb Code    30  oid.o(.text)
    mbedtls_oid_get_extended_key_usage       0x000183a1   Thumb Code    30  oid.o(.text)
    mbedtls_oid_get_sig_alg_desc             0x000183f7   Thumb Code    30  oid.o(.text)
    mbedtls_oid_get_sig_alg                  0x00018415   Thumb Code    40  oid.o(.text)
    mbedtls_oid_get_oid_by_sig_alg           0x0001843d   Thumb Code    48  oid.o(.text)
    mbedtls_oid_get_pk_alg                   0x000184a5   Thumb Code    30  oid.o(.text)
    mbedtls_oid_get_oid_by_pk_alg            0x000184c3   Thumb Code    42  oid.o(.text)
    mbedtls_oid_get_ec_grp                   0x00018525   Thumb Code    30  oid.o(.text)
    mbedtls_oid_get_oid_by_ec_grp            0x00018543   Thumb Code    42  oid.o(.text)
    mbedtls_oid_get_cipher_alg               0x000185a5   Thumb Code    30  oid.o(.text)
    mbedtls_oid_get_md_alg                   0x000185fb   Thumb Code    30  oid.o(.text)
    mbedtls_oid_get_oid_by_md                0x00018619   Thumb Code    42  oid.o(.text)
    mbedtls_oid_get_md_hmac                  0x0001867b   Thumb Code    30  oid.o(.text)
    mbedtls_oid_get_numeric_string           0x00018699   Thumb Code   228  oid.o(.text)
    mbedtls_pem_init                         0x0001879f   Thumb Code    10  pem.o(.text)
    mbedtls_pem_read_buffer                  0x000187a9   Thumb Code   312  pem.o(.text)
    mbedtls_pem_free                         0x000188e1   Thumb Code    42  pem.o(.text)
    mbedtls_pk_init                          0x0001894f   Thumb Code    14  pk.o(.text)
    mbedtls_pk_free                          0x0001895d   Thumb Code    32  pk.o(.text)
    mbedtls_pk_info_from_type                0x0001897d   Thumb Code    40  pk.o(.text)
    mbedtls_pk_setup                         0x000189a5   Thumb Code    36  pk.o(.text)
    mbedtls_pk_setup_rsa_alt                 0x000189c9   Thumb Code    68  pk.o(.text)
    mbedtls_pk_can_do                        0x00018a0d   Thumb Code    26  pk.o(.text)
    mbedtls_pk_verify                        0x00018a4f   Thumb Code    74  pk.o(.text)
    mbedtls_pk_verify_ext                    0x00018a99   Thumb Code    80  pk.o(.text)
    mbedtls_pk_sign                          0x00018ae9   Thumb Code    76  pk.o(.text)
    mbedtls_pk_decrypt                       0x00018b35   Thumb Code    68  pk.o(.text)
    mbedtls_pk_encrypt                       0x00018b79   Thumb Code    68  pk.o(.text)
    mbedtls_pk_check_pair                    0x00018bbd   Thumb Code    76  pk.o(.text)
    mbedtls_pk_get_bitlen                    0x00018c09   Thumb Code    24  pk.o(.text)
    mbedtls_pk_debug                         0x00018c21   Thumb Code    42  pk.o(.text)
    mbedtls_pk_get_name                      0x00018c4b   Thumb Code    18  pk.o(.text)
    mbedtls_pk_get_type                      0x00018c5d   Thumb Code    18  pk.o(.text)
    mbedtls_pk_parse_subpubkey               0x0001936f   Thumb Code   264  pkparse.o(.text)
    mbedtls_pk_parse_key                     0x00019935   Thumb Code   644  pkparse.o(.text)
    mbedtls_pk_parse_public_key              0x00019bb9   Thumb Code   356  pkparse.o(.text)
    mbedtls_platform_set_calloc_free         0x00019dd9   Thumb Code    14  platform.o(.text)
    mbedtls_platform_setup                   0x00019de7   Thumb Code     6  platform.o(.text)
    mbedtls_platform_teardown                0x00019ded   Thumb Code     2  platform.o(.text)
    mbedtls_rsa_import                       0x00019e33   Thumb Code   138  rsa.o(.text)
    mbedtls_rsa_import_raw                   0x00019ebd   Thumb Code   194  rsa.o(.text)
    mbedtls_rsa_complete                     0x0001a045   Thumb Code   430  rsa.o(.text)
    mbedtls_rsa_export_raw                   0x0001a1f3   Thumb Code   244  rsa.o(.text)
    mbedtls_rsa_export                       0x0001a2e7   Thumb Code   218  rsa.o(.text)
    mbedtls_rsa_export_crt                   0x0001a3c1   Thumb Code   156  rsa.o(.text)
    mbedtls_rsa_set_padding                  0x0001a45d   Thumb Code    10  rsa.o(.text)
    mbedtls_rsa_init                         0x0001a467   Thumb Code    28  rsa.o(.text)
    mbedtls_rsa_get_len                      0x0001a483   Thumb Code     6  rsa.o(.text)
    mbedtls_rsa_free                         0x0001a489   Thumb Code   110  rsa.o(.text)
    mbedtls_rsa_check_pubkey                 0x0001a4f7   Thumb Code    84  rsa.o(.text)
    mbedtls_rsa_check_privkey                0x0001a54b   Thumb Code   102  rsa.o(.text)
    mbedtls_rsa_gen_key                      0x0001a5b1   Thumb Code   490  rsa.o(.text)
    mbedtls_rsa_check_pub_priv               0x0001a79b   Thumb Code    62  rsa.o(.text)
    mbedtls_rsa_public                       0x0001a7d9   Thumb Code   160  rsa.o(.text)
    mbedtls_rsa_private                      0x0001a983   Thumb Code   784  rsa.o(.text)
    mbedtls_rsa_rsaes_pkcs1_v15_encrypt      0x0001ac93   Thumb Code   246  rsa.o(.text)
    mbedtls_rsa_pkcs1_encrypt                0x0001ad89   Thumb Code    50  rsa.o(.text)
    mbedtls_rsa_rsaes_pkcs1_v15_decrypt      0x0001adbb   Thumb Code   356  rsa.o(.text)
    mbedtls_rsa_pkcs1_decrypt                0x0001af1f   Thumb Code    52  rsa.o(.text)
    mbedtls_rsa_rsassa_pkcs1_v15_sign        0x0001b0a1   Thumb Code   222  rsa.o(.text)
    mbedtls_rsa_pkcs1_sign                   0x0001b17f   Thumb Code    74  rsa.o(.text)
    mbedtls_rsa_rsassa_pkcs1_v15_verify      0x0001b1c9   Thumb Code   204  rsa.o(.text)
    mbedtls_rsa_pkcs1_verify                 0x0001b295   Thumb Code    52  rsa.o(.text)
    mbedtls_rsa_copy                         0x0001b2c9   Thumb Code   330  rsa.o(.text)
    mbedtls_rsa_self_test                    0x0001b437   Thumb Code   762  rsa.o(.text)
    mbedtls_rsa_deduce_primes                0x0001b799   Thumb Code   530  rsa_internal.o(.text)
    mbedtls_rsa_deduce_private_exponent      0x0001b9ab   Thumb Code   244  rsa_internal.o(.text)
    mbedtls_rsa_validate_crt                 0x0001ba9f   Thumb Code   394  rsa_internal.o(.text)
    mbedtls_rsa_validate_params              0x0001bc29   Thumb Code   514  rsa_internal.o(.text)
    mbedtls_rsa_deduce_crt                   0x0001be2b   Thumb Code   160  rsa_internal.o(.text)
    mbedtls_sha1_init                        0x0001bee7   Thumb Code    14  sha1.o(.text)
    mbedtls_sha1_free                        0x0001bef5   Thumb Code    20  sha1.o(.text)
    mbedtls_sha1_clone                       0x0001bf09   Thumb Code    18  sha1.o(.text)
    mbedtls_sha1_starts_ret                  0x0001bf1b   Thumb Code    34  sha1.o(.text)
    mbedtls_internal_sha1_process            0x0001bf3d   Thumb Code  5598  sha1.o(.text)
    mbedtls_sha1_update_ret                  0x0001d51b   Thumb Code   146  sha1.o(.text)
    mbedtls_sha1_finish_ret                  0x0001d5ad   Thumb Code   250  sha1.o(.text)
    mbedtls_sha1_ret                         0x0001d6a7   Thumb Code    72  sha1.o(.text)
    mbedtls_sha1_self_test                   0x0001d6ef   Thumb Code   210  sha1.o(.text)
    mbedtls_sha256_init                      0x0001d813   Thumb Code    14  sha256.o(.text)
    mbedtls_sha256_free                      0x0001d821   Thumb Code    20  sha256.o(.text)
    mbedtls_sha256_clone                     0x0001d835   Thumb Code    18  sha256.o(.text)
    mbedtls_sha256_starts_ret                0x0001d847   Thumb Code    82  sha256.o(.text)
    mbedtls_internal_sha256_process          0x0001d899   Thumb Code  3602  sha256.o(.text)
    mbedtls_sha256_update_ret                0x0001e6ab   Thumb Code   146  sha256.o(.text)
    mbedtls_sha256_finish_ret                0x0001e73d   Thumb Code   372  sha256.o(.text)
    mbedtls_sha256_ret                       0x0001e8b1   Thumb Code    86  sha256.o(.text)
    mbedtls_sha256_self_test                 0x0001e907   Thumb Code   292  sha256.o(.text)
    mbedtls_ssl_ciphersuite_from_id          0x0001ea89   Thumb Code    28  ssl_ciphersuites.o(.text)
    mbedtls_ssl_list_ciphersuites            0x0001eaa5   Thumb Code    56  ssl_ciphersuites.o(.text)
    mbedtls_ssl_ciphersuite_from_string      0x0001eadd   Thumb Code    40  ssl_ciphersuites.o(.text)
    mbedtls_ssl_get_ciphersuite_name         0x0001eb05   Thumb Code    22  ssl_ciphersuites.o(.text)
    mbedtls_ssl_get_ciphersuite_id           0x0001eb1b   Thumb Code    22  ssl_ciphersuites.o(.text)
    mbedtls_ssl_get_ciphersuite_sig_pk_alg   0x0001eb31   Thumb Code    48  ssl_ciphersuites.o(.text)
    mbedtls_ssl_get_ciphersuite_sig_alg      0x0001eb61   Thumb Code    38  ssl_ciphersuites.o(.text)
    mbedtls_ssl_ciphersuite_uses_ec          0x0001eb87   Thumb Code    38  ssl_ciphersuites.o(.text)
    mbedtls_ssl_handshake_client_step        0x00020039   Thumb Code   258  ssl_cli.o(.text)
    mbedtls_ssl_sig_hash_set_const_hash      0x00020141   Thumb Code     6  ssl_tls.o(.text)
    mbedtls_ssl_session_free                 0x000201c9   Thumb Code    38  ssl_tls.o(.text)
    mbedtls_ssl_derive_keys                  0x00020439   Thumb Code  1044  ssl_tls.o(.text)
    mbedtls_ssl_write_version                0x0002084d   Thumb Code     8  ssl_tls.o(.text)
    mbedtls_ssl_fetch_input                  0x000210a7   Thumb Code   186  ssl_tls.o(.text)
    mbedtls_ssl_flush_output                 0x00021161   Thumb Code   198  ssl_tls.o(.text)
    mbedtls_ssl_write_record                 0x00021227   Thumb Code   238  ssl_tls.o(.text)
    mbedtls_ssl_prepare_handshake_record     0x00021315   Thumb Code    92  ssl_tls.o(.text)
    mbedtls_ssl_update_handshake_status      0x00021371   Thumb Code    30  ssl_tls.o(.text)
    mbedtls_ssl_send_alert_message           0x0002138f   Thumb Code    78  ssl_tls.o(.text)
    mbedtls_ssl_read_version                 0x000213dd   Thumb Code    12  ssl_tls.o(.text)
    mbedtls_ssl_handle_message_type          0x0002150b   Thumb Code   104  ssl_tls.o(.text)
    mbedtls_ssl_read_record_layer            0x00021573   Thumb Code   190  ssl_tls.o(.text)
    mbedtls_ssl_read_record                  0x00021631   Thumb Code   104  ssl_tls.o(.text)
    mbedtls_ssl_send_fatal_handshake_failure 0x00021699   Thumb Code    26  ssl_tls.o(.text)
    mbedtls_ssl_write_certificate            0x000216b3   Thumb Code   322  ssl_tls.o(.text)
    mbedtls_ssl_check_cert_usage             0x000217f5   Thumb Code   158  ssl_tls.o(.text)
    mbedtls_ssl_check_curve                  0x00021893   Thumb Code    44  ssl_tls.o(.text)
    mbedtls_ssl_parse_certificate            0x000218bf   Thumb Code   884  ssl_tls.o(.text)
    mbedtls_ssl_write_change_cipher_spec     0x00021c33   Thumb Code   108  ssl_tls.o(.text)
    mbedtls_ssl_parse_change_cipher_spec     0x00021c9f   Thumb Code   144  ssl_tls.o(.text)
    mbedtls_ssl_optimize_checksum            0x00021d47   Thumb Code    26  ssl_tls.o(.text)
    mbedtls_ssl_reset_checksum               0x00021d61   Thumb Code    18  ssl_tls.o(.text)
    mbedtls_ssl_transform_free               0x00021d8b   Thumb Code    52  ssl_tls.o(.text)
    mbedtls_ssl_handshake_free               0x00021dbf   Thumb Code    76  ssl_tls.o(.text)
    mbedtls_ssl_handshake_wrapup             0x00021e45   Thumb Code    96  ssl_tls.o(.text)
    mbedtls_ssl_write_finished               0x00021ea5   Thumb Code   180  ssl_tls.o(.text)
    mbedtls_ssl_parse_finished               0x00021f59   Thumb Code   198  ssl_tls.o(.text)
    mbedtls_ssl_session_init                 0x0002208d   Thumb Code    14  ssl_tls.o(.text)
    mbedtls_ssl_init                         0x00022153   Thumb Code    14  ssl_tls.o(.text)
    mbedtls_ssl_setup                        0x00022161   Thumb Code   144  ssl_tls.o(.text)
    mbedtls_ssl_session_reset                0x00022293   Thumb Code    14  ssl_tls.o(.text)
    mbedtls_ssl_conf_endpoint                0x000222a1   Thumb Code    10  ssl_tls.o(.text)
    mbedtls_ssl_conf_transport               0x000222ab   Thumb Code    10  ssl_tls.o(.text)
    mbedtls_ssl_conf_authmode                0x000222b5   Thumb Code    10  ssl_tls.o(.text)
    mbedtls_ssl_conf_verify                  0x000222bf   Thumb Code     6  ssl_tls.o(.text)
    mbedtls_ssl_conf_rng                     0x000222c5   Thumb Code     6  ssl_tls.o(.text)
    mbedtls_ssl_conf_dbg                     0x000222cb   Thumb Code     6  ssl_tls.o(.text)
    mbedtls_ssl_set_bio                      0x000222d1   Thumb Code    14  ssl_tls.o(.text)
    mbedtls_ssl_conf_read_timeout            0x000222df   Thumb Code     4  ssl_tls.o(.text)
    mbedtls_ssl_set_timer_cb                 0x000222e3   Thumb Code    30  ssl_tls.o(.text)
    mbedtls_ssl_set_session                  0x00022301   Thumb Code    58  ssl_tls.o(.text)
    mbedtls_ssl_conf_ciphersuites            0x0002233b   Thumb Code    10  ssl_tls.o(.text)
    mbedtls_ssl_conf_ciphersuites_for_version 0x00022345   Thumb Code    24  ssl_tls.o(.text)
    mbedtls_ssl_conf_cert_profile            0x0002235d   Thumb Code     4  ssl_tls.o(.text)
    mbedtls_ssl_conf_own_cert                0x000223a3   Thumb Code    22  ssl_tls.o(.text)
    mbedtls_ssl_conf_ca_chain                0x000223b9   Thumb Code     6  ssl_tls.o(.text)
    mbedtls_ssl_set_hs_own_cert              0x000223bf   Thumb Code    24  ssl_tls.o(.text)
    mbedtls_ssl_set_hs_ca_chain              0x000223d7   Thumb Code    14  ssl_tls.o(.text)
    mbedtls_ssl_set_hs_authmode              0x000223e5   Thumb Code     8  ssl_tls.o(.text)
    mbedtls_ssl_conf_sig_hashes              0x000223ed   Thumb Code     4  ssl_tls.o(.text)
    mbedtls_ssl_conf_curves                  0x000223f1   Thumb Code     4  ssl_tls.o(.text)
    mbedtls_ssl_set_hostname                 0x000223f5   Thumb Code   122  ssl_tls.o(.text)
    mbedtls_ssl_conf_sni                     0x0002246f   Thumb Code     6  ssl_tls.o(.text)
    mbedtls_ssl_conf_alpn_protocols          0x00022475   Thumb Code    58  ssl_tls.o(.text)
    mbedtls_ssl_get_alpn_protocol            0x000224af   Thumb Code     8  ssl_tls.o(.text)
    mbedtls_ssl_conf_max_version             0x000224b7   Thumb Code    10  ssl_tls.o(.text)
    mbedtls_ssl_conf_min_version             0x000224c1   Thumb Code    28  ssl_tls.o(.text)
    mbedtls_ssl_conf_encrypt_then_mac        0x000224dd   Thumb Code    10  ssl_tls.o(.text)
    mbedtls_ssl_conf_extended_master_secret  0x000224e7   Thumb Code    10  ssl_tls.o(.text)
    mbedtls_ssl_conf_max_frag_len            0x000224f1   Thumb Code    34  ssl_tls.o(.text)
    mbedtls_ssl_conf_legacy_renegotiation    0x00022513   Thumb Code    10  ssl_tls.o(.text)
    mbedtls_ssl_get_bytes_avail              0x0002251d   Thumb Code    14  ssl_tls.o(.text)
    mbedtls_ssl_check_pending                0x0002252b   Thumb Code    56  ssl_tls.o(.text)
    mbedtls_ssl_get_verify_result            0x00022563   Thumb Code    28  ssl_tls.o(.text)
    mbedtls_ssl_get_ciphersuite              0x0002257f   Thumb Code    24  ssl_tls.o(.text)
    mbedtls_ssl_get_version                  0x00022597   Thumb Code    40  ssl_tls.o(.text)
    mbedtls_ssl_get_record_expansion         0x000225bf   Thumb Code    90  ssl_tls.o(.text)
    mbedtls_ssl_get_max_frag_len             0x00022619   Thumb Code    48  ssl_tls.o(.text)
    mbedtls_ssl_get_peer_cert                0x00022649   Thumb Code    18  ssl_tls.o(.text)
    mbedtls_ssl_get_session                  0x0002265b   Thumb Code    40  ssl_tls.o(.text)
    mbedtls_ssl_handshake_step               0x00022683   Thumb Code    42  ssl_tls.o(.text)
    mbedtls_ssl_handshake                    0x000226ad   Thumb Code    50  ssl_tls.o(.text)
    mbedtls_ssl_read                         0x000226df   Thumb Code   344  ssl_tls.o(.text)
    mbedtls_ssl_write                        0x00022897   Thumb Code   130  ssl_tls.o(.text)
    mbedtls_ssl_close_notify                 0x00022919   Thumb Code    68  ssl_tls.o(.text)
    mbedtls_ssl_free                         0x00022977   Thumb Code   194  ssl_tls.o(.text)
    mbedtls_ssl_config_init                  0x00022a39   Thumb Code    14  ssl_tls.o(.text)
    mbedtls_ssl_config_defaults              0x00022a47   Thumb Code   164  ssl_tls.o(.text)
    mbedtls_ssl_config_free                  0x00022aeb   Thumb Code    20  ssl_tls.o(.text)
    mbedtls_ssl_sig_from_pk                  0x00022aff   Thumb Code    36  ssl_tls.o(.text)
    mbedtls_ssl_sig_from_pk_alg              0x00022b23   Thumb Code    30  ssl_tls.o(.text)
    mbedtls_ssl_pk_alg_from_sig              0x00022b41   Thumb Code    24  ssl_tls.o(.text)
    mbedtls_ssl_sig_hash_set_find            0x00022b59   Thumb Code    24  ssl_tls.o(.text)
    mbedtls_ssl_sig_hash_set_add             0x00022b71   Thumb Code    32  ssl_tls.o(.text)
    mbedtls_ssl_md_alg_from_hash             0x00022b91   Thumb Code    32  ssl_tls.o(.text)
    mbedtls_ssl_hash_from_md_alg             0x00022bb1   Thumb Code    32  ssl_tls.o(.text)
    mbedtls_ssl_check_sig_hash               0x00022bd1   Thumb Code    44  ssl_tls.o(.text)
    mbedtls_ssl_set_calc_verify_md           0x00022bfd   Thumb Code    36  ssl_tls.o(.text)
    mbedtls_ssl_get_key_exchange_md_tls1_2   0x00022c21   Thumb Code   156  ssl_tls.o(.text)
    mbedtls_x509_get_serial                  0x00022cf9   Thumb Code    92  x509.o(.text)
    mbedtls_x509_get_alg_null                0x00022d55   Thumb Code    36  x509.o(.text)
    mbedtls_x509_get_alg                     0x00022d79   Thumb Code    42  x509.o(.text)
    mbedtls_x509_get_name                    0x00022e85   Thumb Code   136  x509.o(.text)
    mbedtls_x509_get_time                    0x00023127   Thumb Code    94  x509.o(.text)
    mbedtls_x509_get_sig                     0x00023185   Thumb Code    76  x509.o(.text)
    mbedtls_x509_get_sig_alg                 0x000231d1   Thumb Code    70  x509.o(.text)
    mbedtls_x509_get_ext                     0x00023217   Thumb Code   102  x509.o(.text)
    mbedtls_x509_dn_gets                     0x0002327d   Thumb Code   274  x509.o(.text)
    mbedtls_x509_serial_gets                 0x0002338f   Thumb Code   154  x509.o(.text)
    mbedtls_x509_sig_alg_gets                0x00023429   Thumb Code    88  x509.o(.text)
    mbedtls_x509_key_size_helper             0x00023481   Thumb Code    54  x509.o(.text)
    mbedtls_x509_time_is_past                0x000234b7   Thumb Code     6  x509.o(.text)
    mbedtls_x509_time_is_future              0x000234bd   Thumb Code     6  x509.o(.text)
    mbedtls_x509_self_test                   0x000234c3   Thumb Code     6  x509.o(.text)
    mbedtls_x509_crt_free                    0x00023ac1   Thumb Code   212  x509_crt.o(.text)
    mbedtls_x509_crt_init                    0x00023ecf   Thumb Code    16  x509_crt.o(.text)
    mbedtls_x509_crt_parse_der               0x00023edf   Thumb Code   140  x509_crt.o(.text)
    mbedtls_x509_crt_parse                   0x00023f6b   Thumb Code   248  x509_crt.o(.text)
    mbedtls_x509_crt_info                    0x0002455f   Thumb Code  1612  x509_crt.o(.text)
    mbedtls_x509_crt_verify_info             0x00024bab   Thumb Code   124  x509_crt.o(.text)
    mbedtls_x509_crt_check_key_usage         0x00024c27   Thumb Code    68  x509_crt.o(.text)
    mbedtls_x509_crt_check_extended_key_usage 0x00024c6b   Thumb Code    96  x509_crt.o(.text)
    mbedtls_x509_crt_verify_with_profile     0x00025329   Thumb Code   192  x509_crt.o(.text)
    mbedtls_x509_crt_verify                  0x000253e9   Thumb Code    42  x509_crt.o(.text)
    TLS_Init                                 0x00025723   Thumb Code    78  aws_tls.o(.text)
    TLS_Connect                              0x00025771   Thumb Code   386  aws_tls.o(.text)
    TLS_Recv                                 0x000258f3   Thumb Code    76  aws_tls.o(.text)
    TLS_Send                                 0x0002593f   Thumb Code    76  aws_tls.o(.text)
    TLS_Cleanup                              0x0002598b   Thumb Code    76  aws_tls.o(.text)
    __aeabi_uldivmod                         0x000259d7   Thumb Code    98  uldiv.o(.text)
    rand                                     0x00025a39   Thumb Code    20  rand.o(.text)
    srand                                    0x00025a4d   Thumb Code     6  rand.o(.text)
    ___aeabi_memcpy8$move                    0x00025a5d   Thumb Code     0  memmovea.o(.text)
    __aeabi_memcpy                           0x00025a5d   Thumb Code    64  memmovea.o(.text)
    __aeabi_memcpy4                          0x00025a5d   Thumb Code     0  memmovea.o(.text)
    __aeabi_memmove                          0x00025a5d   Thumb Code     0  memmovea.o(.text)
    __aeabi_memmove4                         0x00025a5d   Thumb Code     0  memmovea.o(.text)
    __aeabi_memmove8                         0x00025a5d   Thumb Code     0  memmovea.o(.text)
    __aeabi_memset                           0x00025a9d   Thumb Code    14  memseta.o(.text)
    __aeabi_memset4                          0x00025a9d   Thumb Code     0  memseta.o(.text)
    __aeabi_memset8                          0x00025a9d   Thumb Code     0  memseta.o(.text)
    __aeabi_memclr                           0x00025aab   Thumb Code     4  memseta.o(.text)
    __aeabi_memclr4                          0x00025aab   Thumb Code     0  memseta.o(.text)
    __aeabi_memclr8                          0x00025aab   Thumb Code     0  memseta.o(.text)
    memset                                   0x00025aaf   Thumb Code    18  memseta.o(.text)
    strcat                                   0x00025ac1   Thumb Code    24  strcat.o(.text)
    strstr                                   0x00025ad9   Thumb Code    36  strstr.o(.text)
    strncpy                                  0x00025afd   Thumb Code    24  strncpy.o(.text)
    strlen                                   0x00025b15   Thumb Code    14  strlen.o(.text)
    strcmp                                   0x00025b23   Thumb Code    28  strcmp.o(.text)
    memcmp                                   0x00025b3f   Thumb Code    26  memcmp.o(.text)
    strtok                                   0x00025b59   Thumb Code    62  strtok.o(.text)
    strlcpy                                  0x00025b9d   Thumb Code    48  strlcpy.o(.text)
    calloc                                   0x00025bcd   Thumb Code    28  calloc.o(.text)
    __0sscanf                                0x00025be9   Thumb Code    48  __0sscanf.o(.text)
    _scanf_int                               0x00025c21   Thumb Code   332  _scanf_int.o(.text)
    _scanf_string                            0x00025d6d   Thumb Code   224  _scanf_str.o(.text)
    strtol                                   0x00025e4d   Thumb Code   112  strtol.o(.text)
    atoi                                     0x00025ebd   Thumb Code    26  atoi.o(.text)
    __aeabi_uidiv                            0x00025ed7   Thumb Code     0  uidiv.o(.text)
    __aeabi_uidivmod                         0x00025ed7   Thumb Code    44  uidiv.o(.text)
    __aeabi_llsl                             0x00025f03   Thumb Code    30  llshl.o(.text)
    _ll_shift_l                              0x00025f03   Thumb Code     0  llshl.o(.text)
    __aeabi_llsr                             0x00025f21   Thumb Code    32  llushr.o(.text)
    _ll_ushift_r                             0x00025f21   Thumb Code     0  llushr.o(.text)
    __rt_ctype_table                         0x00025f41   Thumb Code     4  ctype_o.o(.text)
    isspace                                  0x00025f49   Thumb Code    18  isspace_o.o(.text)
    _chval                                   0x00025f5b   Thumb Code    28  _chval.o(.text)
    __vfscanf_char                           0x00025f85   Thumb Code    20  scanf_char.o(.text)
    _sgetc                                   0x00025fa1   Thumb Code    30  _sgetc.o(.text)
    _sbackspace                              0x00025fbf   Thumb Code    34  _sgetc.o(.text)
    _strtoul                                 0x00025fe1   Thumb Code   158  _strtoul.o(.text)
    __I$use$fp                               0x0002607f   Thumb Code     0  iusefp.o(.text)
    __aeabi_dadd                             0x0002607f   Thumb Code   322  dadd.o(.text)
    __aeabi_dsub                             0x000261c1   Thumb Code     6  dadd.o(.text)
    __aeabi_drsub                            0x000261c7   Thumb Code     6  dadd.o(.text)
    __aeabi_dmul                             0x000261cd   Thumb Code   228  dmul.o(.text)
    __aeabi_ddiv                             0x000262b1   Thumb Code   222  ddiv.o(.text)
    __aeabi_d2ulz                            0x0002638f   Thumb Code    48  dfixul.o(.text)
    __aeabi_cdrcmple                         0x000263c1   Thumb Code    48  cdrcmple.o(.text)
    __scatterload                            0x000263f1   Thumb Code    28  init.o(.text)
    __scatterload_rt2                        0x000263f1   Thumb Code     0  init.o(.text)
    __aeabi_lasr                             0x00026415   Thumb Code    36  llsshr.o(.text)
    _ll_sshift_r                             0x00026415   Thumb Code     0  llsshr.o(.text)
    __vfscanf                                0x00026439   Thumb Code   808  _scanf.o(.text)
    _double_round                            0x00026765   Thumb Code    30  depilogue.o(.text)
    _double_epilogue                         0x00026783   Thumb Code   156  depilogue.o(.text)
    __decompress                             0x0002681f   Thumb Code     0  __dczerorl.o(.text)
    __decompress0                            0x0002681f   Thumb Code    58  __dczerorl.o(.text)
    __0printf                                0x00026859   Thumb Code    22  printfa.o(i.__0printf)
    __1printf                                0x00026859   Thumb Code     0  printfa.o(i.__0printf)
    __2printf                                0x00026859   Thumb Code     0  printfa.o(i.__0printf)
    __c89printf                              0x00026859   Thumb Code     0  printfa.o(i.__0printf)
    printf                                   0x00026859   Thumb Code     0  printfa.o(i.__0printf)
    __0snprintf                              0x00026879   Thumb Code    44  printfa.o(i.__0snprintf)
    __1snprintf                              0x00026879   Thumb Code     0  printfa.o(i.__0snprintf)
    __2snprintf                              0x00026879   Thumb Code     0  printfa.o(i.__0snprintf)
    __c89snprintf                            0x00026879   Thumb Code     0  printfa.o(i.__0snprintf)
    snprintf                                 0x00026879   Thumb Code     0  printfa.o(i.__0snprintf)
    __0sprintf                               0x000268a9   Thumb Code    34  printfa.o(i.__0sprintf)
    __1sprintf                               0x000268a9   Thumb Code     0  printfa.o(i.__0sprintf)
    __2sprintf                               0x000268a9   Thumb Code     0  printfa.o(i.__0sprintf)
    __c89sprintf                             0x000268a9   Thumb Code     0  printfa.o(i.__0sprintf)
    sprintf                                  0x000268a9   Thumb Code     0  printfa.o(i.__0sprintf)
    __0vsnprintf                             0x000268d1   Thumb Code    40  printfa.o(i.__0vsnprintf)
    __1vsnprintf                             0x000268d1   Thumb Code     0  printfa.o(i.__0vsnprintf)
    __2vsnprintf                             0x000268d1   Thumb Code     0  printfa.o(i.__0vsnprintf)
    __c89vsnprintf                           0x000268d1   Thumb Code     0  printfa.o(i.__0vsnprintf)
    vsnprintf                                0x000268d1   Thumb Code     0  printfa.o(i.__0vsnprintf)
    __aeabi_errno_addr                       0x000268fd   Thumb Code     4  errno.o(i.__aeabi_errno_addr)
    __rt_errno_addr                          0x000268fd   Thumb Code     0  errno.o(i.__aeabi_errno_addr)
    __scatterload_copy                       0x00026905   Thumb Code    14  handlers.o(i.__scatterload_copy)
    __scatterload_null                       0x00026913   Thumb Code     2  handlers.o(i.__scatterload_null)
    __scatterload_zeroinit                   0x00026915   Thumb Code    14  handlers.o(i.__scatterload_zeroinit)
    free                                     0x000271f9   Thumb Code    76  malloc.o(i.free)
    malloc                                   0x00027249   Thumb Code    92  malloc.o(i.malloc)
    _Curve                                   0x00027304   Data       20244  crypto.o(.constdata)
    mbedtls_cipher_definitions               0x0002ef84   Data         128  cipher_wrap.o(.constdata)
    mbedtls_sha1_info                        0x0002fed0   Data          48  md_wrap.o(.constdata)
    mbedtls_sha224_info                      0x0002ff00   Data          48  md_wrap.o(.constdata)
    mbedtls_sha256_info                      0x0002ff30   Data          48  md_wrap.o(.constdata)
    mbedtls_rsa_info                         0x000303e0   Data          48  pk_wrap.o(.constdata)
    mbedtls_eckey_info                       0x00030410   Data          48  pk_wrap.o(.constdata)
    mbedtls_eckeydh_info                     0x00030440   Data          48  pk_wrap.o(.constdata)
    mbedtls_ecdsa_info                       0x00030470   Data          48  pk_wrap.o(.constdata)
    mbedtls_rsa_alt_info                     0x000304a0   Data          48  pk_wrap.o(.constdata)
    mbedtls_x509_crt_profile_default         0x00030c68   Data          16  x509_crt.o(.constdata)
    mbedtls_x509_crt_profile_next            0x00030c78   Data          16  x509_crt.o(.constdata)
    mbedtls_x509_crt_profile_suiteb          0x00030c88   Data          16  x509_crt.o(.constdata)
    __ctype_table                            0x000325db   Data         129  ctype_o.o(.constdata)
    Region$$Table$$Base                      0x00033dc4   Number         0  anon$$obj.o(Region$$Table)
    Region$$Table$$Limit                     0x00033de4   Number         0  anon$$obj.o(Region$$Table)
    SystemCoreClock                          0x20000000   Data           4  system_m480.o(.data)
    CyclesPerUs                              0x20000004   Data           4  system_m480.o(.data)
    PllClock                                 0x20000008   Data           4  system_m480.o(.data)
    gau32ClkSrcTbl                           0x2000000c   Data          32  system_m480.o(.data)
    g_AES_done                               0x20000030   Data           4  entropy_hardware_poll.o(.data)
    pxCurrentTCB                             0x20000044   Data           4  tasks.o(.data)
    __stdout                                 0x200000bc   Data           4  retarget.o(.data)
    __stdin                                  0x200000c0   Data           4  retarget.o(.data)
    g_ECC_done                               0x200000dc   Data           4  crypto.o(.data)
    g_ECCERR_done                            0x200000e0   Data           4  crypto.o(.data)
    mbedtls_calloc                           0x20000260   Data           4  platform.o(.data)
    mbedtls_free                             0x20000264   Data           4  platform.o(.data)
    __microlib_freelist                      0x200002b4   Data           4  mvars.o(.data)
    __microlib_freelist_initialised          0x200002b8   Data           4  mvars.o(.data)
    xQueueRegistry                           0x200007b0   Data          64  queue.o(.bss)
    xNuWiFi                                  0x2000fe54   Data        2104  aws_wifi.o(.bss)
    xWifiIpd                                 0x200106dc   Data        2054  esp8266_wifi.o(.bss)
    mbedtls_cipher_supported                 0x20016d6c   Data          64  cipher_wrap.o(.bss)
    __heap_base                              0x20016dd0   Data           0  startup_m480.o(HEAP)
    __heap_limit                             0x20016ed0   Data           0  startup_m480.o(HEAP)
    __initial_sp                             0x200176d0   Data           0  startup_m480.o(STACK)



==============================================================================

Memory Map of the image

  Image Entry point : 0x000001b9

  Load Region LR_IROM1 (Base: 0x00000000, Size: 0x000340a4, Max: 0x00080000, ABSOLUTE, COMPRESSED[0x00033e94])

    Execution Region ER_IROM1 (Exec base: 0x00000000, Load base: 0x00000000, Size: 0x00033de4, Max: 0x00080000, ABSOLUTE)

    Exec Addr    Load Addr    Size         Type   Attr      Idx    E Section Name        Object

    0x00000000   0x00000000   0x000001b8   Data   RO          302    RESET               startup_m480.o
    0x000001b8   0x000001b8   0x00000000   Code   RO         2276  * .ARM.Collect$$$$00000000  mc_w.l(entry.o)
    0x000001b8   0x000001b8   0x00000004   Code   RO         2619    .ARM.Collect$$$$00000001  mc_w.l(entry2.o)
    0x000001bc   0x000001bc   0x00000004   Code   RO         2622    .ARM.Collect$$$$00000004  mc_w.l(entry5.o)
    0x000001c0   0x000001c0   0x00000000   Code   RO         2624    .ARM.Collect$$$$00000008  mc_w.l(entry7b.o)
    0x000001c0   0x000001c0   0x00000000   Code   RO         2626    .ARM.Collect$$$$0000000A  mc_w.l(entry8b.o)
    0x000001c0   0x000001c0   0x00000008   Code   RO         2627    .ARM.Collect$$$$0000000B  mc_w.l(entry9a.o)
    0x000001c8   0x000001c8   0x00000000   Code   RO         2629    .ARM.Collect$$$$0000000D  mc_w.l(entry10a.o)
    0x000001c8   0x000001c8   0x00000000   Code   RO         2631    .ARM.Collect$$$$0000000F  mc_w.l(entry11a.o)
    0x000001c8   0x000001c8   0x00000004   Code   RO         2620    .ARM.Collect$$$$00002712  mc_w.l(entry2.o)
    0x000001cc   0x000001cc   0x000000be   Code   RO          590    .emb_text           port.o
    0x0000028a   0x0000028a   0x00000002   PAD
    0x0000028c   0x0000028c   0x0000001c   Code   RO          715    .emb_text           retarget.o
    0x000002a8   0x000002a8   0x00000128   Code   RO            4    .text               system_m480.o
    0x000003d0   0x000003d0   0x00000068   Code   RO          303    .text               startup_m480.o
    0x00000438   0x00000438   0x00000128   Code   RO          310    .text               entropy_hardware_poll.o
    0x00000560   0x00000560   0x000004c0   Code   RO          392    .text               main.o
    0x00000a20   0x00000a20   0x00000094   Code   RO          502    .text               list.o
    0x00000ab4   0x00000ab4   0x00001080   Code   RO          514    .text               queue.o
    0x00001b34   0x00001b34   0x00001a64   Code   RO          544    .text               tasks.o
    0x00003598   0x00003598   0x00000698   Code   RO          563    .text               timers.o
    0x00003c30   0x00003c30   0x00000340   Code   RO          591    .text               port.o
    0x00003f70   0x00003f70   0x000009de   Code   RO          641    .text               stream_buffer.o
    0x0000494e   0x0000494e   0x00000002   PAD
    0x00004950   0x00004950   0x000002a8   Code   RO          668    .text               heap_4.o
    0x00004bf8   0x00004bf8   0x000007b0   Code   RO          686    .text               clk.o
    0x000053a8   0x000053a8   0x00000164   Code   RO          716    .text               retarget.o
    0x0000550c   0x0000550c   0x000000dc   Code   RO          750    .text               sys.o
    0x000055e8   0x000055e8   0x000004c4   Code   RO          774    .text               uart.o
    0x00005aac   0x00005aac   0x000010f4   Code   RO          799    .text               crypto.o
    0x00006ba0   0x00006ba0   0x000007b0   Code   RO          831    .text               fmc.o
    0x00007350   0x00007350   0x000001d4   Code   RO          852    .text               aws_logging_task_dynamic_buffers.o
    0x00007524   0x00007524   0x00000008   Code   RO          879    .text               aws_demo_runner.o
    0x0000752c   0x0000752c   0x00000640   Code   RO          931    .text               aws_hello_world.o
    0x00007b6c   0x00007b6c   0x000003ac   Code   RO         1022    .text               aws_wifi.o
    0x00007f18   0x00007f18   0x000013d0   Code   RO         1060    .text               esp8266_wifi.o
    0x000092e8   0x000092e8   0x00000874   Code   RO         1089    .text               aws_secure_sockets.o
    0x00009b5c   0x00009b5c   0x00000022   Code   RO         1120    .text               aws_system_init.o
    0x00009b7e   0x00009b7e   0x00000002   PAD
    0x00009b80   0x00009b80   0x000000c0   Code   RO         1132    .text               aws_bufferpool_static_thread_safe.o
    0x00009c40   0x00009c40   0x00000d08   Code   RO         1152    .text               aws_mqtt_agent.o
    0x0000a948   0x0000a948   0x000014d4   Code   RO         1175    .text               aws_mqtt_lib.o
    0x0000be1c   0x0000be1c   0x0000019c   Code   RO         1189    .text               aws_crypto.o
    0x0000bfb8   0x0000bfb8   0x000009d8   Code   RO         1260    .text               aws_pkcs11_mbedtls.o
    0x0000c990   0x0000c990   0x00000248   Code   RO         1310    .text               aws_pkcs11_pal.o
    0x0000cbd8   0x0000cbd8   0x000013b8   Code   RO         1335    .text               aes.o
    0x0000df90   0x0000df90   0x000004b0   Code   RO         1374    .text               asn1parse.o
    0x0000e440   0x0000e440   0x00000674   Code   RO         1386    .text               asn1write.o
    0x0000eab4   0x0000eab4   0x00000374   Code   RO         1401    .text               base64.o
    0x0000ee28   0x0000ee28   0x00002f98   Code   RO         1415    .text               bignum.o
    0x00011dc0   0x00011dc0   0x000009c4   Code   RO         1461    .text               cipher.o
    0x00012784   0x00012784   0x0000013c   Code   RO         1485    .text               cipher_wrap.o
    0x000128c0   0x000128c0   0x0000069c   Code   RO         1516    .text               ctr_drbg.o
    0x00012f5c   0x00012f5c   0x00000304   Code   RO         1552    .text               ecdh.o
    0x00013260   0x00013260   0x000006e4   Code   RO         1567    .text               ecdsa.o
    0x00013944   0x00013944   0x00002584   Code   RO         1588    .text               ecp.o
    0x00015ec8   0x00015ec8   0x00000610   Code   RO         1610    .text               ecp_curves.o
    0x000164d8   0x000164d8   0x00000574   Code   RO         1625    .text               entropy.o
    0x00016a4c   0x00016a4c   0x00000df8   Code   RO         1659    .text               gcm.o
    0x00017844   0x00017844   0x000004fc   Code   RO         1685    .text               hmac_drbg.o
    0x00017d40   0x00017d40   0x0000043c   Code   RO         1700    .text               md.o
    0x0001817c   0x0001817c   0x00000140   Code   RO         1721    .text               md_wrap.o
    0x000182bc   0x000182bc   0x000004cc   Code   RO         1772    .text               oid.o
    0x00018788   0x00018788   0x000001b0   Code   RO         1799    .text               pem.o
    0x00018938   0x00018938   0x00000364   Code   RO         1820    .text               pk.o
    0x00018c9c   0x00018c9c   0x000004c0   Code   RO         1839    .text               pk_wrap.o
    0x0001915c   0x0001915c   0x00000c7c   Code   RO         1872    .text               pkparse.o
    0x00019dd8   0x00019dd8   0x00000020   Code   RO         1893    .text               platform.o
    0x00019df8   0x00019df8   0x000019a0   Code   RO         1917    .text               rsa.o
    0x0001b798   0x0001b798   0x00000738   Code   RO         1933    .text               rsa_internal.o
    0x0001bed0   0x0001bed0   0x0000192c   Code   RO         1945    .text               sha1.o
    0x0001d7fc   0x0001d7fc   0x0000128c   Code   RO         1959    .text               sha256.o
    0x0001ea88   0x0001ea88   0x0000013c   Code   RO         1985    .text               ssl_ciphersuites.o
    0x0001ebc4   0x0001ebc4   0x0000157c   Code   RO         2042    .text               ssl_cli.o
    0x00020140   0x00020140   0x00002bb8   Code   RO         2084    .text               ssl_tls.o
    0x00022cf8   0x00022cf8   0x00000820   Code   RO         2165    .text               x509.o
    0x00023518   0x00023518   0x00001f10   Code   RO         2189    .text               x509_crt.o
    0x00025428   0x00025428   0x000005ae   Code   RO         2238    .text               aws_tls.o
    0x000259d6   0x000259d6   0x00000062   Code   RO         2279    .text               mc_w.l(uldiv.o)
    0x00025a38   0x00025a38   0x00000024   Code   RO         2281    .text               mc_w.l(rand.o)
    0x00025a5c   0x00025a5c   0x00000040   Code   RO         2286    .text               mc_w.l(memmovea.o)
    0x00025a9c   0x00025a9c   0x00000024   Code   RO         2290    .text               mc_w.l(memseta.o)
    0x00025ac0   0x00025ac0   0x00000018   Code   RO         2292    .text               mc_w.l(strcat.o)
    0x00025ad8   0x00025ad8   0x00000024   Code   RO         2294    .text               mc_w.l(strstr.o)
    0x00025afc   0x00025afc   0x00000018   Code   RO         2296    .text               mc_w.l(strncpy.o)
    0x00025b14   0x00025b14   0x0000000e   Code   RO         2298    .text               mc_w.l(strlen.o)
    0x00025b22   0x00025b22   0x0000001c   Code   RO         2300    .text               mc_w.l(strcmp.o)
    0x00025b3e   0x00025b3e   0x0000001a   Code   RO         2302    .text               mc_w.l(memcmp.o)
    0x00025b58   0x00025b58   0x00000044   Code   RO         2306    .text               mc_w.l(strtok.o)
    0x00025b9c   0x00025b9c   0x00000030   Code   RO         2312    .text               mc_w.l(strlcpy.o)
    0x00025bcc   0x00025bcc   0x0000001c   Code   RO         2607    .text               mc_w.l(calloc.o)
    0x00025be8   0x00025be8   0x00000038   Code   RO         2609    .text               mc_w.l(__0sscanf.o)
    0x00025c20   0x00025c20   0x0000014c   Code   RO         2611    .text               mc_w.l(_scanf_int.o)
    0x00025d6c   0x00025d6c   0x000000e0   Code   RO         2613    .text               mc_w.l(_scanf_str.o)
    0x00025e4c   0x00025e4c   0x00000070   Code   RO         2615    .text               mc_w.l(strtol.o)
    0x00025ebc   0x00025ebc   0x0000001a   Code   RO         2617    .text               mc_w.l(atoi.o)
    0x00025ed6   0x00025ed6   0x0000002c   Code   RO         2633    .text               mc_w.l(uidiv.o)
    0x00025f02   0x00025f02   0x0000001e   Code   RO         2635    .text               mc_w.l(llshl.o)
    0x00025f20   0x00025f20   0x00000020   Code   RO         2637    .text               mc_w.l(llushr.o)
    0x00025f40   0x00025f40   0x00000008   Code   RO         2639    .text               mc_w.l(ctype_o.o)
    0x00025f48   0x00025f48   0x00000012   Code   RO         2661    .text               mc_w.l(isspace_o.o)
    0x00025f5a   0x00025f5a   0x0000001c   Code   RO         2676    .text               mc_w.l(_chval.o)
    0x00025f76   0x00025f76   0x00000002   PAD
    0x00025f78   0x00025f78   0x00000028   Code   RO         2678    .text               mc_w.l(scanf_char.o)
    0x00025fa0   0x00025fa0   0x00000040   Code   RO         2680    .text               mc_w.l(_sgetc.o)
    0x00025fe0   0x00025fe0   0x0000009e   Code   RO         2682    .text               mc_w.l(_strtoul.o)
    0x0002607e   0x0002607e   0x00000000   Code   RO         2684    .text               mc_w.l(iusefp.o)
    0x0002607e   0x0002607e   0x0000014e   Code   RO         2685    .text               mf_w.l(dadd.o)
    0x000261cc   0x000261cc   0x000000e4   Code   RO         2687    .text               mf_w.l(dmul.o)
    0x000262b0   0x000262b0   0x000000de   Code   RO         2689    .text               mf_w.l(ddiv.o)
    0x0002638e   0x0002638e   0x00000030   Code   RO         2691    .text               mf_w.l(dfixul.o)
    0x000263be   0x000263be   0x00000002   PAD
    0x000263c0   0x000263c0   0x00000030   Code   RO         2693    .text               mf_w.l(cdrcmple.o)
    0x000263f0   0x000263f0   0x00000024   Code   RO         2695    .text               mc_w.l(init.o)
    0x00026414   0x00026414   0x00000024   Code   RO         2697    .text               mc_w.l(llsshr.o)
    0x00026438   0x00026438   0x0000032c   Code   RO         2701    .text               mc_w.l(_scanf.o)
    0x00026764   0x00026764   0x000000ba   Code   RO         2703    .text               mf_w.l(depilogue.o)
    0x0002681e   0x0002681e   0x0000003a   Code   RO         2716    .text               mc_w.l(__dczerorl.o)
    0x00026858   0x00026858   0x00000020   Code   RO         2551    i.__0printf         mc_w.l(printfa.o)
    0x00026878   0x00026878   0x00000030   Code   RO         2552    i.__0snprintf       mc_w.l(printfa.o)
    0x000268a8   0x000268a8   0x00000028   Code   RO         2553    i.__0sprintf        mc_w.l(printfa.o)
    0x000268d0   0x000268d0   0x0000002c   Code   RO         2556    i.__0vsnprintf      mc_w.l(printfa.o)
    0x000268fc   0x000268fc   0x00000008   Code   RO         2669    i.__aeabi_errno_addr  mc_w.l(errno.o)
    0x00026904   0x00026904   0x0000000e   Code   RO         2710    i.__scatterload_copy  mc_w.l(handlers.o)
    0x00026912   0x00026912   0x00000002   Code   RO         2711    i.__scatterload_null  mc_w.l(handlers.o)
    0x00026914   0x00026914   0x0000000e   Code   RO         2712    i.__scatterload_zeroinit  mc_w.l(handlers.o)
    0x00026922   0x00026922   0x00000002   PAD
    0x00026924   0x00026924   0x00000184   Code   RO         2558    i._fp_digits        mc_w.l(printfa.o)
    0x00026aa8   0x00026aa8   0x000006dc   Code   RO         2559    i._printf_core      mc_w.l(printfa.o)
    0x00027184   0x00027184   0x00000024   Code   RO         2560    i._printf_post_padding  mc_w.l(printfa.o)
    0x000271a8   0x000271a8   0x0000002e   Code   RO         2561    i._printf_pre_padding  mc_w.l(printfa.o)
    0x000271d6   0x000271d6   0x00000016   Code   RO         2562    i._snputc           mc_w.l(printfa.o)
    0x000271ec   0x000271ec   0x0000000a   Code   RO         2563    i._sputc            mc_w.l(printfa.o)
    0x000271f6   0x000271f6   0x00000002   PAD
    0x000271f8   0x000271f8   0x00000050   Code   RO         2579    i.free              mc_w.l(malloc.o)
    0x00027248   0x00027248   0x0000006c   Code   RO         2580    i.malloc            mc_w.l(malloc.o)
    0x000272b4   0x000272b4   0x00000020   Data   RO          687    .constdata          clk.o
    0x000272d4   0x000272d4   0x00000030   Data   RO          775    .constdata          uart.o
    0x00027304   0x00027304   0x00004f14   Data   RO          801    .constdata          crypto.o
    0x0002c218   0x0002c218   0x00000090   Data   RO          932    .constdata          aws_hello_world.o
    0x0002c2a8   0x0002c2a8   0x00000032   Data   RO         1062    .constdata          esp8266_wifi.o
    0x0002c2da   0x0002c2da   0x00000002   PAD
    0x0002c2dc   0x0002c2dc   0x0000003c   Data   RO         1154    .constdata          aws_mqtt_agent.o
    0x0002c318   0x0002c318   0x00000018   Data   RO         1176    .constdata          aws_mqtt_lib.o
    0x0002c330   0x0002c330   0x00000062   Data   RO         1261    .constdata          aws_pkcs11_mbedtls.o
    0x0002c392   0x0002c392   0x00000002   PAD
    0x0002c394   0x0002c394   0x000025e4   Data   RO         1336    .constdata          aes.o
    0x0002e978   0x0002e978   0x00000159   Data   RO         1402    .constdata          base64.o
    0x0002ead1   0x0002ead1   0x00000003   PAD
    0x0002ead4   0x0002ead4   0x000002c4   Data   RO         1416    .constdata          bignum.o
    0x0002ed98   0x0002ed98   0x0000026c   Data   RO         1487    .constdata          cipher_wrap.o
    0x0002f004   0x0002f004   0x000000e0   Data   RO         1517    .constdata          ctr_drbg.o
    0x0002f0e4   0x0002f0e4   0x00000030   Data   RO         1589    .constdata          ecp.o
    0x0002f114   0x0002f114   0x000000a0   Data   RO         1611    .constdata          ecp_curves.o
    0x0002f1b4   0x0002f1b4   0x00000004   PAD
    0x0002f1b8   0x0002f1b8   0x00000c08   Data   RO         1660    .constdata          gcm.o
    0x0002fdc0   0x0002fdc0   0x00000100   Data   RO         1686    .constdata          hmac_drbg.o
    0x0002fec0   0x0002fec0   0x00000010   Data   RO         1701    .constdata          md.o
    0x0002fed0   0x0002fed0   0x00000090   Data   RO         1722    .constdata          md_wrap.o
    0x0002ff60   0x0002ff60   0x00000480   Data   RO         1773    .constdata          oid.o
    0x000303e0   0x000303e0   0x000000f0   Data   RO         1840    .constdata          pk_wrap.o
    0x000304d0   0x000304d0   0x00000134   Data   RO         1946    .constdata          sha1.o
    0x00030604   0x00030604   0x000002b8   Data   RO         1960    .constdata          sha256.o
    0x000308bc   0x000308bc   0x000003ac   Data   RO         1987    .constdata          ssl_ciphersuites.o
    0x00030c68   0x00030c68   0x000000d8   Data   RO         2190    .constdata          x509_crt.o
    0x00030d40   0x00030d40   0x0000189b   Data   RO         2239    .constdata          aws_tls.o
    0x000325db   0x000325db   0x00000081   Data   RO         2640    .constdata          mc_w.l(ctype_o.o)
    0x0003265c   0x0003265c   0x00000004   Data   RO         2641    .constdata          mc_w.l(ctype_o.o)
    0x00032660   0x00032660   0x00000095   Data   RO          933    .conststring        aws_hello_world.o
    0x000326f5   0x000326f5   0x00000003   PAD
    0x000326f8   0x000326f8   0x0000000f   Data   RO         1155    .conststring        aws_mqtt_agent.o
    0x00032707   0x00032707   0x00000001   PAD
    0x00032708   0x00032708   0x00000046   Data   RO         1312    .conststring        aws_pkcs11_pal.o
    0x0003274e   0x0003274e   0x00000002   PAD
    0x00032750   0x00032750   0x0000036d   Data   RO         1417    .conststring        bignum.o
    0x00032abd   0x00032abd   0x00000003   PAD
    0x00032ac0   0x00032ac0   0x000000c0   Data   RO         1488    .conststring        cipher_wrap.o
    0x00032b80   0x00032b80   0x00000141   Data   RO         1590    .conststring        ecp.o
    0x00032cc1   0x00032cc1   0x00000003   PAD
    0x00032cc4   0x00032cc4   0x0000088f   Data   RO         1774    .conststring        oid.o
    0x00033553   0x00033553   0x00000001   PAD
    0x00033554   0x00033554   0x0000001c   Data   RO         1841    .conststring        pk_wrap.o
    0x00033570   0x00033570   0x0000030d   Data   RO         1918    .conststring        rsa.o
    0x0003387d   0x0003387d   0x00000003   PAD
    0x00033880   0x00033880   0x00000139   Data   RO         1988    .conststring        ssl_ciphersuites.o
    0x000339b9   0x000339b9   0x00000003   PAD
    0x000339bc   0x000339bc   0x00000406   Data   RO         2191    .conststring        x509_crt.o
    0x00033dc2   0x00033dc2   0x00000002   PAD
    0x00033dc4   0x00033dc4   0x00000020   Data   RO         2708    Region$$Table       anon$$obj.o


    Execution Region RW_IRAM1 (Exec base: 0x20000000, Load base: 0x00033de4, Size: 0x000176d0, Max: 0x00028000, ABSOLUTE, COMPRESSED[0x000000b0])

    Exec Addr    Load Addr    Size         Type   Attr      Idx    E Section Name        Object

    0x20000000   COMPRESSED   0x0000002c   Data   RW            5    .data               system_m480.o
    0x2000002c   COMPRESSED   0x00000008   Data   RW          311    .data               entropy_hardware_poll.o
    0x20000034   COMPRESSED   0x00000010   Data   RW          395    .data               main.o
    0x20000044   COMPRESSED   0x00000040   Data   RW          546    .data               tasks.o
    0x20000084   COMPRESSED   0x00000014   Data   RW          565    .data               timers.o
    0x20000098   COMPRESSED   0x0000000c   Data   RW          592    .data               port.o
    0x200000a4   COMPRESSED   0x00000018   Data   RW          670    .data               heap_4.o
    0x200000bc   COMPRESSED   0x00000008   Data   RW          717    .data               retarget.o
    0x200000c4   COMPRESSED   0x00000020   Data   RW          802    .data               crypto.o
    0x200000e4   COMPRESSED   0x00000008   Data   RW          853    .data               aws_logging_task_dynamic_buffers.o
    0x200000ec   COMPRESSED   0x0000000c   Data   RW          934    .data               aws_hello_world.o
    0x200000f8   COMPRESSED   0x00000004   Data   RW         1024    .data               aws_wifi.o
    0x200000fc   COMPRESSED   0x00000004   Data   RW         1063    .data               esp8266_wifi.o
    0x20000100   COMPRESSED   0x00000004   Data   RW         1091    .data               aws_secure_sockets.o
    0x20000104   COMPRESSED   0x0000000c   Data   RW         1156    .data               aws_mqtt_agent.o
    0x20000110   COMPRESSED   0x00000004   Data   RW         1177    .data               aws_mqtt_lib.o
    0x20000114   COMPRESSED   0x00000118   Data   RW         1262    .data               aws_pkcs11_mbedtls.o
    0x2000022c   COMPRESSED   0x00000010   Data   RW         1313    .data               aws_pkcs11_pal.o
    0x2000023c   COMPRESSED   0x00000004   Data   RW         1462    .data               cipher.o
    0x20000240   COMPRESSED   0x00000004   Data   RW         1518    .data               ctr_drbg.o
    0x20000244   COMPRESSED   0x00000014   Data   RW         1591    .data               ecp.o
    0x20000258   COMPRESSED   0x00000004   Data   RW         1612    .data               ecp_curves.o
    0x2000025c   COMPRESSED   0x00000004   Data   RW         1687    .data               hmac_drbg.o
    0x20000260   COMPRESSED   0x00000008   Data   RW         1894    .data               platform.o
    0x20000268   COMPRESSED   0x00000004   Data   RW         1989    .data               ssl_ciphersuites.o
    0x2000026c   COMPRESSED   0x0000003b   Data   RW         2085    .data               ssl_tls.o
    0x200002a7   COMPRESSED   0x00000001   PAD
    0x200002a8   COMPRESSED   0x00000004   Data   RW         2240    .data               aws_tls.o
    0x200002ac   COMPRESSED   0x00000004   Data   RW         2282    .data               mc_w.l(rand.o)
    0x200002b0   COMPRESSED   0x00000004   Data   RW         2307    .data               mc_w.l(strtok.o)
    0x200002b4   COMPRESSED   0x00000004   Data   RW         2667    .data               mc_w.l(mvars.o)
    0x200002b8   COMPRESSED   0x00000004   Data   RW         2668    .data               mc_w.l(mvars.o)
    0x200002bc   COMPRESSED   0x00000004   Data   RW         2672    .data               mc_w.l(errno.o)
    0x200002c0        -       0x000004f0   Zero   RW          393    .bss                main.o
    0x200007b0        -       0x00000040   Zero   RW          515    .bss                queue.o
    0x200007f0        -       0x000000f0   Zero   RW          545    .bss                tasks.o
    0x200008e0        -       0x000000f0   Zero   RW          564    .bss                timers.o
    0x200009d0        -       0x0000f000   Zero   RW          669    .bss                heap_4.o
    0x2000f9d0        -       0x00000484   Zero   RW          800    .bss                crypto.o
    0x2000fe54        -       0x00000888   Zero   RW         1023    .bss                aws_wifi.o
    0x200106dc        -       0x00001806   Zero   RW         1061    .bss                esp8266_wifi.o
    0x20011ee2   COMPRESSED   0x00000002   PAD
    0x20011ee4        -       0x00000034   Zero   RW         1090    .bss                aws_secure_sockets.o
    0x20011f18        -       0x00001220   Zero   RW         1133    .bss                aws_bufferpool_static_thread_safe.o
    0x20013138        -       0x0000342c   Zero   RW         1153    .bss                aws_mqtt_agent.o
    0x20016564        -       0x00000808   Zero   RW         1311    .bss                aws_pkcs11_pal.o
    0x20016d6c        -       0x00000040   Zero   RW         1486    .bss                cipher_wrap.o
    0x20016dac        -       0x00000024   Zero   RW         1986    .bss                ssl_ciphersuites.o
    0x20016dd0        -       0x00000100   Zero   RW          301    HEAP                startup_m480.o
    0x20016ed0        -       0x00000800   Zero   RW          300    STACK               startup_m480.o

