Component: ARM Compiler 5.06 update 6 (build 750) Tool: armlink [4d35ed]

==============================================================================

Section Cross References

    system_m480.o(.text) refers to clk.o(.text) for CLK_GetPLLClockFreq
    system_m480.o(.text) refers to sys.o(.text) for SYS_ResetModule
    system_m480.o(.text) refers to system_m480.o(.data) for PllClock
    startup_m480.o(RESET) refers to startup_m480.o(STACK) for __initial_sp
    startup_m480.o(RESET) refers to startup_m480.o(.text) for Reset_Handler
    startup_m480.o(RESET) refers to retarget.o(.emb_text) for HardFault_Handler
    startup_m480.o(RESET) refers to port.o(.emb_text) for SVC_Handler
    startup_m480.o(RESET) refers to port.o(.text) for SysTick_Handler
    startup_m480.o(RESET) refers to esp8266_wifi.o(.text) for UART1_IRQHandler
    startup_m480.o(RESET) refers to entropy_hardware_poll.o(.text) for CRYPTO_IRQHandler
    startup_m480.o(.text) refers to system_m480.o(.text) for SystemInit
    startup_m480.o(.text) refers to entry.o(.ARM.Collect$$$$00000000) for __main
    entropy_hardware_poll.o(.text) refers to clk.o(.text) for CLK_EnableModuleClock
    entropy_hardware_poll.o(.text) refers to tasks.o(.text) for xTaskGetTickCount
    entropy_hardware_poll.o(.text) refers to crypto.o(.text) for PRNG_Open
    entropy_hardware_poll.o(.text) refers to memmovea.o(.text) for __aeabi_memcpy
    entropy_hardware_poll.o(.text) refers to entropy_hardware_poll.o(.data) for g_PRNG_done
    main.o(.text) refers to tasks.o(.text) for xTaskGetTickCount
    main.o(.text) refers to printfa.o(i.__0printf) for __2printf
    main.o(.text) refers to clk.o(.text) for CLK_EnableXtalRC
    main.o(.text) refers to system_m480.o(.text) for SystemCoreClockUpdate
    main.o(.text) refers to uart.o(.text) for UART_Open
    main.o(.text) refers to aws_logging_task_dynamic_buffers.o(.text) for xLoggingTaskInitialize
    main.o(.text) refers to aws_wifi.o(.text) for WIFI_On
    main.o(.text) refers to aws_system_init.o(.text) for SYSTEM_Init
    main.o(.text) refers to strcmp.o(.text) for strcmp
    main.o(.text) refers to heap_4.o(.text) for xPortGetMinimumEverFreeHeapSize
    main.o(.text) refers to aws_test_runner.o(.text) for TEST_RUNNER_RunTests_task
    main.o(.text) refers to main.o(.bss) for xIdleTaskTCB
    main.o(.text) refers to main.o(.data) for xTimeNow
    main.o(.text) refers to main.o(.constdata) for __FUNCTION__
    queue.o(.text) refers to setjmp.o(.text) for longjmp
    queue.o(.text) refers to port.o(.text) for vPortEnterCritical
    queue.o(.text) refers to tasks.o(.text) for xTaskRemoveFromEventList
    queue.o(.text) refers to list.o(.text) for vListInitialise
    queue.o(.text) refers to heap_4.o(.text) for pvPortMalloc
    queue.o(.text) refers to memmovea.o(.text) for __aeabi_memcpy
    queue.o(.text) refers to unity.o(.bss) for Unity
    queue.o(.text) refers to queue.o(.bss) for xQueueRegistry
    tasks.o(.text) refers to list.o(.text) for vListInitialise
    tasks.o(.text) refers to port.o(.text) for vPortEnterCritical
    tasks.o(.text) refers to memseta.o(.text) for __aeabi_memset
    tasks.o(.text) refers to setjmp.o(.text) for longjmp
    tasks.o(.text) refers to heap_4.o(.text) for pvPortMalloc
    tasks.o(.text) refers to tasks.o(.bss) for pxReadyTasksLists
    tasks.o(.text) refers to tasks.o(.data) for pxDelayedTaskList
    tasks.o(.text) refers to unity.o(.bss) for Unity
    tasks.o(.text) refers to main.o(.text) for vApplicationTickHook
    tasks.o(.text) refers to timers.o(.text) for xTimerCreateTimerTask
    timers.o(.text) refers to list.o(.text) for vListInsert
    timers.o(.text) refers to setjmp.o(.text) for longjmp
    timers.o(.text) refers to tasks.o(.text) for xTaskGetSchedulerState
    timers.o(.text) refers to queue.o(.text) for xQueueGenericSend
    timers.o(.text) refers to heap_4.o(.text) for vPortFree
    timers.o(.text) refers to main.o(.text) for vApplicationDaemonTaskStartupHook
    timers.o(.text) refers to port.o(.text) for vPortEnterCritical
    timers.o(.text) refers to timers.o(.data) for pxOverflowTimerList
    timers.o(.text) refers to unity.o(.bss) for Unity
    timers.o(.text) refers to timers.o(.bss) for xActiveTimerList1
    port.o(.emb_text) refers to tasks.o(.text) for vTaskSwitchContext
    port.o(.emb_text) refers to tasks.o(.data) for pxCurrentTCB
    port.o(.text) refers to setjmp.o(.text) for longjmp
    port.o(.text) refers to port.o(.emb_text) for __asm___6_port_c_39a90d8d__prvEnableVFP
    port.o(.text) refers to tasks.o(.text) for xTaskIncrementTick
    port.o(.text) refers to port.o(.data) for uxCriticalNesting
    port.o(.text) refers to unity.o(.bss) for Unity
    port.o(.text) refers to system_m480.o(.data) for SystemCoreClock
    event_groups.o(.text) refers to setjmp.o(.text) for longjmp
    event_groups.o(.text) refers to list.o(.text) for vListInitialise
    event_groups.o(.text) refers to heap_4.o(.text) for pvPortMalloc
[...]
    mbedtls_mpi_cmp_mpi                      0x00011ff5   Thumb Code   172  bignum.o(.text)
    mbedtls_mpi_cmp_int                      0x000120a1   Thumb Code    52  bignum.o(.text)
    mbedtls_mpi_shift_r                      0x000120d5   Thumb Code   166  bignum.o(.text)
    mbedtls_mpi_shift_l                      0x0001217b   Thumb Code   194  bignum.o(.text)
    mbedtls_mpi_div_mpi                      0x000122a5   Thumb Code   980  bignum.o(.text)
    mbedtls_mpi_div_int                      0x00012679   Thumb Code    64  bignum.o(.text)
    mbedtls_mpi_mod_int                      0x000126b9   Thumb Code   120  bignum.o(.text)
    mbedtls_mpi_write_string                 0x000127b9   Thumb Code   354  bignum.o(.text)
    mbedtls_mpi_read_binary                  0x0001291b   Thumb Code   136  bignum.o(.text)
    mbedtls_mpi_write_binary                 0x000129a3   Thumb Code    80  bignum.o(.text)
    mbedtls_mpi_mod_mpi                      0x000129f3   Thumb Code   126  bignum.o(.text)
    mbedtls_mpi_exp_mod                      0x00012b9b   Thumb Code  1146  bignum.o(.text)
    mbedtls_mpi_gcd                          0x00013015   Thumb Code   348  bignum.o(.text)
    mbedtls_mpi_fill_random                  0x00013171   Thumb Code    88  bignum.o(.text)
    mbedtls_mpi_inv_mod                      0x000131c9   Thumb Code   816  bignum.o(.text)
    mbedtls_mpi_is_prime                     0x000137a1   Thumb Code    94  bignum.o(.text)
    mbedtls_mpi_gen_prime                    0x000137ff   Thumb Code   456  bignum.o(.text)
    mbedtls_mpi_self_test                    0x000139c7   Thumb Code   950  bignum.o(.text)
    mbedtls_cipher_list                      0x00013da1   Thumb Code    36  cipher.o(.text)
    mbedtls_cipher_info_from_type            0x00013dc5   Thumb Code    28  cipher.o(.text)
    mbedtls_cipher_info_from_string          0x00013de1   Thumb Code    42  cipher.o(.text)
    mbedtls_cipher_info_from_values          0x00013e0b   Thumb Code    52  cipher.o(.text)
    mbedtls_cipher_init                      0x00013e3f   Thumb Code    14  cipher.o(.text)
    mbedtls_cipher_free                      0x00013e4d   Thumb Code    34  cipher.o(.text)
    mbedtls_cipher_set_padding_mode          0x00014075   Thumb Code    92  cipher.o(.text)
    mbedtls_cipher_setup                     0x000140d1   Thumb Code    52  cipher.o(.text)
    mbedtls_cipher_setkey                    0x00014105   Thumb Code   116  cipher.o(.text)
    mbedtls_cipher_set_iv                    0x00014179   Thumb Code   136  cipher.o(.text)
    mbedtls_cipher_reset                     0x00014201   Thumb Code    22  cipher.o(.text)
    mbedtls_cipher_update_ad                 0x00014217   Thumb Code    54  cipher.o(.text)
    mbedtls_cipher_update                    0x0001424d   Thumb Code   540  cipher.o(.text)
    mbedtls_cipher_finish                    0x00014469   Thumb Code   306  cipher.o(.text)
    mbedtls_cipher_write_tag                 0x0001459b   Thumb Code    68  cipher.o(.text)
    mbedtls_cipher_check_tag                 0x000145df   Thumb Code    86  cipher.o(.text)
    mbedtls_cipher_crypt                     0x00014635   Thumb Code   114  cipher.o(.text)
    mbedtls_cipher_auth_encrypt              0x000146a7   Thumb Code    72  cipher.o(.text)
    mbedtls_cipher_auth_decrypt              0x000146ef   Thumb Code    92  cipher.o(.text)
    mbedtls_ctr_drbg_init                    0x00014891   Thumb Code    26  ctr_drbg.o(.text)
    mbedtls_ctr_drbg_reseed                  0x00014ab5   Thumb Code   142  ctr_drbg.o(.text)
    mbedtls_ctr_drbg_seed_entropy_len        0x00014b43   Thumb Code   104  ctr_drbg.o(.text)
    mbedtls_ctr_drbg_seed                    0x00014bab   Thumb Code    38  ctr_drbg.o(.text)
    mbedtls_ctr_drbg_free                    0x00014bd1   Thumb Code    40  ctr_drbg.o(.text)
    mbedtls_ctr_drbg_set_prediction_resistance 0x00014bf9   Thumb Code     4  ctr_drbg.o(.text)
    mbedtls_ctr_drbg_set_entropy_len         0x00014bfd   Thumb Code     4  ctr_drbg.o(.text)
    mbedtls_ctr_drbg_set_reseed_interval     0x00014c01   Thumb Code     4  ctr_drbg.o(.text)
    mbedtls_ctr_drbg_update                  0x00014c05   Thumb Code    44  ctr_drbg.o(.text)
    mbedtls_ctr_drbg_random_with_add         0x00014c31   Thumb Code   252  ctr_drbg.o(.text)
    mbedtls_ctr_drbg_random                  0x00014d2d   Thumb Code    74  ctr_drbg.o(.text)
    mbedtls_ctr_drbg_self_test               0x00014da1   Thumb Code   332  ctr_drbg.o(.text)
    mbedtls_ecdh_gen_public                  0x00014f61   Thumb Code    36  ecdh.o(.text)
    mbedtls_ecdh_compute_shared              0x00014f85   Thumb Code   114  ecdh.o(.text)
    mbedtls_ecdh_init                        0x00014ff7   Thumb Code    16  ecdh.o(.text)
    mbedtls_ecdh_free                        0x00015007   Thumb Code    74  ecdh.o(.text)
    mbedtls_ecdh_make_params                 0x00015051   Thumb Code   132  ecdh.o(.text)
    mbedtls_ecdh_read_params                 0x000150d5   Thumb Code    60  ecdh.o(.text)
    mbedtls_ecdh_get_params                  0x00015111   Thumb Code    92  ecdh.o(.text)
    mbedtls_ecdh_make_public                 0x0001516d   Thumb Code    80  ecdh.o(.text)
    mbedtls_ecdh_read_public                 0x000151bd   Thumb Code    54  ecdh.o(.text)
    mbedtls_ecdh_calc_secret                 0x000151f3   Thumb Code   110  ecdh.o(.text)
    mbedtls_ecdsa_sign                       0x000152e9   Thumb Code   502  ecdsa.o(.text)
    mbedtls_ecdsa_verify                     0x000154df   Thumb Code   376  ecdsa.o(.text)
    mbedtls_ecdsa_write_signature            0x000156f1   Thumb Code   104  ecdsa.o(.text)
    mbedtls_ecdsa_read_signature             0x00015759   Thumb Code   164  ecdsa.o(.text)
    mbedtls_ecdsa_genkey                     0x000157fd   Thumb Code    48  ecdsa.o(.text)
    mbedtls_ecdsa_free                       0x0001582d   Thumb Code    12  ecdsa.o(.text)
    mbedtls_ecdsa_from_keypair               0x00015839   Thumb Code    60  ecdsa.o(.text)
    mbedtls_ecdsa_init                       0x00015875   Thumb Code    12  ecdsa.o(.text)
    mbedtls_ecp_curve_list                   0x00015889   Thumb Code     4  ecp.o(.text)
    mbedtls_ecp_grp_id_list                  0x0001588d   Thumb Code    52  ecp.o(.text)
    mbedtls_ecp_curve_info_from_grp_id       0x000158c1   Thumb Code    34  ecp.o(.text)
    mbedtls_ecp_curve_info_from_tls_id       0x000158e3   Thumb Code    34  ecp.o(.text)
    mbedtls_ecp_curve_info_from_name         0x00015905   Thumb Code    38  ecp.o(.text)
    mbedtls_ecp_point_init                   0x00015941   Thumb Code    34  ecp.o(.text)
    mbedtls_ecp_group_init                   0x00015963   Thumb Code    20  ecp.o(.text)
    mbedtls_ecp_keypair_init                 0x00015977   Thumb Code    34  ecp.o(.text)
    mbedtls_ecp_point_free                   0x00015999   Thumb Code    34  ecp.o(.text)
    mbedtls_ecp_group_free                   0x000159bb   Thumb Code   100  ecp.o(.text)
    mbedtls_ecp_keypair_free                 0x00015a1f   Thumb Code    34  ecp.o(.text)
    mbedtls_ecp_copy                         0x00015a41   Thumb Code    74  ecp.o(.text)
    mbedtls_ecp_group_copy                   0x00015a8b   Thumb Code    16  ecp.o(.text)
    mbedtls_ecp_set_zero                     0x00015a9b   Thumb Code    68  ecp.o(.text)
    mbedtls_ecp_is_zero                      0x00015adf   Thumb Code    24  ecp.o(.text)
    mbedtls_ecp_point_cmp                    0x00015af7   Thumb Code    52  ecp.o(.text)
    mbedtls_ecp_point_read_string            0x00015b2b   Thumb Code    82  ecp.o(.text)
    mbedtls_ecp_point_write_binary           0x00015b7d   Thumb Code   224  ecp.o(.text)
    mbedtls_ecp_point_read_binary            0x00015c5d   Thumb Code   164  ecp.o(.text)
    mbedtls_ecp_tls_read_point               0x00015d01   Thumb Code    66  ecp.o(.text)
    mbedtls_ecp_tls_write_point              0x00015d43   Thumb Code    66  ecp.o(.text)
    mbedtls_ecp_tls_read_group               0x00015d85   Thumb Code    86  ecp.o(.text)
    mbedtls_ecp_tls_write_group              0x00015ddb   Thumb Code    58  ecp.o(.text)
    mbedtls_ecp_check_pubkey                 0x0001770d   Thumb Code    46  ecp.o(.text)
    mbedtls_ecp_check_privkey                0x0001773b   Thumb Code    54  ecp.o(.text)
    mbedtls_ecp_mul                          0x00017771   Thumb Code   120  ecp.o(.text)
    mbedtls_ecp_muladd                       0x00017875   Thumb Code   146  ecp.o(.text)
    mbedtls_ecp_gen_keypair_base             0x00017907   Thumb Code   166  ecp.o(.text)
    mbedtls_ecp_gen_keypair                  0x000179ad   Thumb Code    38  ecp.o(.text)
    mbedtls_ecp_gen_key                      0x000179d3   Thumb Code    52  ecp.o(.text)
    mbedtls_ecp_check_pub_priv               0x00017a07   Thumb Code   178  ecp.o(.text)
    mbedtls_ecp_self_test                    0x00017ab9   Thumb Code   748  ecp.o(.text)
    mbedtls_ecp_group_load                   0x00018371   Thumb Code    80  ecp_curves.o(.text)
    mbedtls_entropy_add_source               0x000183e9   Thumb Code   138  entropy.o(.text)
    mbedtls_entropy_init                     0x00018473   Thumb Code    58  entropy.o(.text)
    mbedtls_entropy_free                     0x000184ad   Thumb Code    42  entropy.o(.text)
    mbedtls_entropy_update_manual            0x0001855d   Thumb Code    66  entropy.o(.text)
    mbedtls_entropy_gather                   0x0001864b   Thumb Code    52  entropy.o(.text)
    mbedtls_entropy_func                     0x0001867f   Thumb Code   310  entropy.o(.text)
    mbedtls_entropy_source_self_test         0x00018857   Thumb Code   148  entropy.o(.text)
    mbedtls_entropy_self_test                0x000188eb   Thumb Code   218  entropy.o(.text)
    mbedtls_gcm_init                         0x00018a09   Thumb Code    16  gcm.o(.text)
    mbedtls_gcm_setkey                       0x00018bad   Thumb Code   112  gcm.o(.text)
    mbedtls_gcm_starts                       0x00018ddd   Thumb Code   378  gcm.o(.text)
    mbedtls_gcm_update                       0x00018f57   Thumb Code   296  gcm.o(.text)
    mbedtls_gcm_finish                       0x0001907f   Thumb Code   378  gcm.o(.text)
    mbedtls_gcm_crypt_and_tag                0x000191f9   Thumb Code    88  gcm.o(.text)
    mbedtls_gcm_auth_decrypt                 0x00019251   Thumb Code   112  gcm.o(.text)
    mbedtls_gcm_free                         0x000192c1   Thumb Code    22  gcm.o(.text)
    mbedtls_gcm_self_test                    0x000192d7   Thumb Code  1274  gcm.o(.text)
    mbedtls_md_list                          0x000197ed   Thumb Code     4  md.o(.text)
    mbedtls_md_info_from_type                0x000197f1   Thumb Code    32  md.o(.text)
    mbedtls_md_info_from_string              0x00019811   Thumb Code    78  md.o(.text)
    mbedtls_md_init                          0x0001985f   Thumb Code    10  md.o(.text)
    mbedtls_md_free                          0x00019869   Thumb Code    58  md.o(.text)
    mbedtls_md_clone                         0x000198a3   Thumb Code    44  md.o(.text)
    mbedtls_md_setup                         0x000198cf   Thumb Code    64  md.o(.text)
    mbedtls_md_starts                        0x0001990f   Thumb Code    24  md.o(.text)
    mbedtls_md_update                        0x00019927   Thumb Code    32  md.o(.text)
    mbedtls_md_finish                        0x00019947   Thumb Code    28  md.o(.text)
    mbedtls_md                               0x00019963   Thumb Code    32  md.o(.text)
    mbedtls_md_hmac_starts                   0x00019983   Thumb Code   214  md.o(.text)
    mbedtls_md_hmac_update                   0x00019a59   Thumb Code    36  md.o(.text)
    mbedtls_md_hmac_finish                   0x00019a7d   Thumb Code   118  md.o(.text)
    mbedtls_md_hmac_reset                    0x00019af3   Thumb Code    50  md.o(.text)
    mbedtls_md_hmac                          0x00019b25   Thumb Code   112  md.o(.text)
    mbedtls_md_process                       0x00019b95   Thumb Code    28  md.o(.text)
    mbedtls_md_get_size                      0x00019bb1   Thumb Code    12  md.o(.text)
    mbedtls_md_get_type                      0x00019bbd   Thumb Code    60  md.o(.text)
    mbedtls_md_get_name                      0x00019bf9   Thumb Code    12  md.o(.text)
    mbedtls_oid_get_attr_short_name          0x00019d6d   Thumb Code    30  oid.o(.text)
    mbedtls_oid_get_x509_ext_type            0x00019dc3   Thumb Code    30  oid.o(.text)
    mbedtls_oid_get_extended_key_usage       0x00019e19   Thumb Code    30  oid.o(.text)
    mbedtls_oid_get_sig_alg_desc             0x00019e6f   Thumb Code    30  oid.o(.text)
    mbedtls_oid_get_sig_alg                  0x00019e8d   Thumb Code    40  oid.o(.text)
    mbedtls_oid_get_oid_by_sig_alg           0x00019eb5   Thumb Code    48  oid.o(.text)
    mbedtls_oid_get_pk_alg                   0x00019f1d   Thumb Code    30  oid.o(.text)
    mbedtls_oid_get_oid_by_pk_alg            0x00019f3b   Thumb Code    42  oid.o(.text)
    mbedtls_oid_get_ec_grp                   0x00019f9d   Thumb Code    30  oid.o(.text)
    mbedtls_oid_get_oid_by_ec_grp            0x00019fbb   Thumb Code    42  oid.o(.text)
    mbedtls_oid_get_cipher_alg               0x0001a01d   Thumb Code    30  oid.o(.text)
    mbedtls_oid_get_md_alg                   0x0001a073   Thumb Code    30  oid.o(.text)
    mbedtls_oid_get_oid_by_md                0x0001a091   Thumb Code    42  oid.o(.text)
    mbedtls_oid_get_md_hmac                  0x0001a0f3   Thumb Code    30  oid.o(.text)
    mbedtls_oid_get_numeric_string           0x0001a111   Thumb Code   228  oid.o(.text)
    mbedtls_pem_init                         0x0001a201   Thumb Code    10  pem.o(.text)
    mbedtls_pem_read_buffer                  0x0001a20b   Thumb Code   306  pem.o(.text)
    mbedtls_pem_free                         0x0001a33d   Thumb Code    38  pem.o(.text)
    mbedtls_pk_init                          0x0001a389   Thumb Code    14  pk.o(.text)
    mbedtls_pk_free                          0x0001a397   Thumb Code    32  pk.o(.text)
    mbedtls_pk_info_from_type                0x0001a3b7   Thumb Code    40  pk.o(.text)
    mbedtls_pk_setup                         0x0001a3df   Thumb Code    36  pk.o(.text)
    mbedtls_pk_setup_rsa_alt                 0x0001a403   Thumb Code    68  pk.o(.text)
    mbedtls_pk_can_do                        0x0001a447   Thumb Code    26  pk.o(.text)
    mbedtls_pk_verify                        0x0001a489   Thumb Code    74  pk.o(.text)
    mbedtls_pk_verify_ext                    0x0001a4d3   Thumb Code    80  pk.o(.text)
    mbedtls_pk_sign                          0x0001a523   Thumb Code    76  pk.o(.text)
    mbedtls_pk_decrypt                       0x0001a56f   Thumb Code    68  pk.o(.text)
    mbedtls_pk_encrypt                       0x0001a5b3   Thumb Code    68  pk.o(.text)
    mbedtls_pk_check_pair                    0x0001a5f7   Thumb Code    76  pk.o(.text)
    mbedtls_pk_get_bitlen                    0x0001a643   Thumb Code    24  pk.o(.text)
    mbedtls_pk_debug                         0x0001a65b   Thumb Code    42  pk.o(.text)
    mbedtls_pk_get_name                      0x0001a685   Thumb Code    18  pk.o(.text)
    mbedtls_pk_get_type                      0x0001a697   Thumb Code    18  pk.o(.text)
    mbedtls_pk_parse_subpubkey               0x0001ad6b   Thumb Code   264  pkparse.o(.text)
    mbedtls_pk_parse_key                     0x0001b331   Thumb Code   644  pkparse.o(.text)
    mbedtls_pk_parse_public_key              0x0001b5b5   Thumb Code   356  pkparse.o(.text)
    mbedtls_pk_write_pubkey                  0x0001b919   Thumb Code   114  pkwrite.o(.text)
    mbedtls_pk_write_pubkey_der              0x0001b98b   Thumb Code   276  pkwrite.o(.text)
    mbedtls_pk_write_key_der                 0x0001ba9f   Thumb Code   818  pkwrite.o(.text)
    mbedtls_calloc                           0x0001bdd5   Thumb Code    18  platform.o(.text)
    mbedtls_free                             0x0001bde7   Thumb Code    14  platform.o(.text)
    mbedtls_platform_set_calloc_free         0x0001bdf5   Thumb Code    14  platform.o(.text)
    mbedtls_platform_setup                   0x0001be03   Thumb Code     6  platform.o(.text)
    mbedtls_platform_teardown                0x0001be09   Thumb Code     2  platform.o(.text)
    mbedtls_platform_zeroize                 0x0001be15   Thumb Code    20  platform_util.o(.text)
    mbedtls_rsa_import                       0x0001be51   Thumb Code   138  rsa.o(.text)
    mbedtls_rsa_import_raw                   0x0001bedb   Thumb Code   194  rsa.o(.text)
    mbedtls_rsa_complete                     0x0001c063   Thumb Code   430  rsa.o(.text)
    mbedtls_rsa_export_raw                   0x0001c211   Thumb Code   244  rsa.o(.text)
    mbedtls_rsa_export                       0x0001c305   Thumb Code   220  rsa.o(.text)
    mbedtls_rsa_export_crt                   0x0001c3e1   Thumb Code   156  rsa.o(.text)
    mbedtls_rsa_set_padding                  0x0001c47d   Thumb Code    10  rsa.o(.text)
    mbedtls_rsa_init                         0x0001c487   Thumb Code    38  rsa.o(.text)
    mbedtls_rsa_get_len                      0x0001c4ad   Thumb Code     6  rsa.o(.text)
    mbedtls_rsa_free                         0x0001c4b3   Thumb Code   120  rsa.o(.text)
    mbedtls_rsa_check_pubkey                 0x0001c52b   Thumb Code    84  rsa.o(.text)
    mbedtls_rsa_check_privkey                0x0001c57f   Thumb Code   102  rsa.o(.text)
    mbedtls_rsa_gen_key                      0x0001c5e5   Thumb Code   596  rsa.o(.text)
    mbedtls_rsa_check_pub_priv               0x0001c839   Thumb Code    62  rsa.o(.text)
    mbedtls_rsa_public                       0x0001c877   Thumb Code   186  rsa.o(.text)
    mbedtls_rsa_private                      0x0001ca3b   Thumb Code   840  rsa.o(.text)
    mbedtls_rsa_rsaes_pkcs1_v15_encrypt      0x0001cd83   Thumb Code   234  rsa.o(.text)
    mbedtls_rsa_pkcs1_encrypt                0x0001ce6d   Thumb Code    52  rsa.o(.text)
    mbedtls_rsa_rsaes_pkcs1_v15_decrypt      0x0001cea1   Thumb Code   326  rsa.o(.text)
    mbedtls_rsa_pkcs1_decrypt                0x0001cfe7   Thumb Code    54  rsa.o(.text)
    mbedtls_rsa_rsassa_pkcs1_v15_sign        0x0001d16b   Thumb Code   210  rsa.o(.text)
    mbedtls_rsa_pkcs1_sign                   0x0001d23d   Thumb Code    54  rsa.o(.text)
    mbedtls_rsa_rsassa_pkcs1_v15_verify      0x0001d273   Thumb Code   198  rsa.o(.text)
    mbedtls_rsa_pkcs1_verify                 0x0001d339   Thumb Code    54  rsa.o(.text)
    mbedtls_rsa_copy                         0x0001d36f   Thumb Code   330  rsa.o(.text)
    mbedtls_rsa_self_test                    0x0001d4dd   Thumb Code   630  rsa.o(.text)
    mbedtls_rsa_deduce_primes                0x0001d829   Thumb Code   530  rsa_internal.o(.text)
    mbedtls_rsa_deduce_private_exponent      0x0001da3b   Thumb Code   244  rsa_internal.o(.text)
    mbedtls_rsa_validate_crt                 0x0001db2f   Thumb Code   394  rsa_internal.o(.text)
    mbedtls_rsa_validate_params              0x0001dcb9   Thumb Code   514  rsa_internal.o(.text)
    mbedtls_rsa_deduce_crt                   0x0001debb   Thumb Code   160  rsa_internal.o(.text)
    mbedtls_sha1_init                        0x0001df61   Thumb Code    14  sha1.o(.text)
    mbedtls_sha1_free                        0x0001df6f   Thumb Code    20  sha1.o(.text)
    mbedtls_sha1_clone                       0x0001df83   Thumb Code    18  sha1.o(.text)
    mbedtls_sha1_starts_ret                  0x0001df95   Thumb Code    34  sha1.o(.text)
    mbedtls_internal_sha1_process            0x0001dfb7   Thumb Code  5600  sha1.o(.text)
    mbedtls_sha1_update_ret                  0x0001f597   Thumb Code   146  sha1.o(.text)
    mbedtls_sha1_finish_ret                  0x0001f629   Thumb Code   292  sha1.o(.text)
    mbedtls_sha1_ret                         0x0001f74d   Thumb Code    72  sha1.o(.text)
    mbedtls_sha1_self_test                   0x0001f795   Thumb Code   210  sha1.o(.text)
    mbedtls_sha256_init                      0x0001f8a1   Thumb Code    14  sha256.o(.text)
    mbedtls_sha256_free                      0x0001f8af   Thumb Code    20  sha256.o(.text)
    mbedtls_sha256_clone                     0x0001f8c3   Thumb Code    18  sha256.o(.text)
    mbedtls_sha256_starts_ret                0x0001f8d5   Thumb Code    82  sha256.o(.text)
    mbedtls_internal_sha256_process          0x0001f927   Thumb Code  3600  sha256.o(.text)
    mbedtls_sha256_update_ret                0x00020737   Thumb Code   146  sha256.o(.text)
    mbedtls_sha256_finish_ret                0x000207c9   Thumb Code   406  sha256.o(.text)
    mbedtls_sha256_ret                       0x0002095f   Thumb Code    86  sha256.o(.text)
    mbedtls_sha256_self_test                 0x000209b5   Thumb Code   288  sha256.o(.text)
    mbedtls_ssl_ciphersuite_from_id          0x00020b25   Thumb Code    28  ssl_ciphersuites.o(.text)
    mbedtls_ssl_list_ciphersuites            0x00020b41   Thumb Code    64  ssl_ciphersuites.o(.text)
    mbedtls_ssl_ciphersuite_from_string      0x00020b81   Thumb Code    40  ssl_ciphersuites.o(.text)
    mbedtls_ssl_get_ciphersuite_name         0x00020ba9   Thumb Code    22  ssl_ciphersuites.o(.text)
    mbedtls_ssl_get_ciphersuite_id           0x00020bbf   Thumb Code    22  ssl_ciphersuites.o(.text)
    mbedtls_ssl_get_ciphersuite_sig_pk_alg   0x00020bd5   Thumb Code    48  ssl_ciphersuites.o(.text)
    mbedtls_ssl_get_ciphersuite_sig_alg      0x00020c05   Thumb Code    38  ssl_ciphersuites.o(.text)
    mbedtls_ssl_ciphersuite_uses_ec          0x00020c2b   Thumb Code    42  ssl_ciphersuites.o(.text)
    mbedtls_ssl_handshake_client_step        0x00022137   Thumb Code   260  ssl_cli.o(.text)
    mbedtls_ssl_sig_hash_set_const_hash      0x00022241   Thumb Code     6  ssl_tls.o(.text)
    mbedtls_ssl_session_free                 0x000222f1   Thumb Code    36  ssl_tls.o(.text)
    mbedtls_ssl_derive_keys                  0x0002255b   Thumb Code  1058  ssl_tls.o(.text)
    mbedtls_ssl_write_version                0x00022997   Thumb Code     8  ssl_tls.o(.text)
    mbedtls_ssl_fetch_input                  0x00023325   Thumb Code   186  ssl_tls.o(.text)
    mbedtls_ssl_flush_output                 0x00023419   Thumb Code   140  ssl_tls.o(.text)
    mbedtls_ssl_write_record                 0x000234a5   Thumb Code   288  ssl_tls.o(.text)
    mbedtls_ssl_write_handshake_msg          0x000235c5   Thumb Code   170  ssl_tls.o(.text)
    mbedtls_ssl_prepare_handshake_record     0x00023687   Thumb Code    60  ssl_tls.o(.text)
    mbedtls_ssl_update_handshake_status      0x000236c3   Thumb Code    30  ssl_tls.o(.text)
    mbedtls_ssl_send_alert_message           0x000236e1   Thumb Code    80  ssl_tls.o(.text)
    mbedtls_ssl_read_version                 0x00023731   Thumb Code    12  ssl_tls.o(.text)
    mbedtls_ssl_handle_message_type          0x0002385f   Thumb Code   154  ssl_tls.o(.text)
    mbedtls_ssl_read_record                  0x000239dd   Thumb Code   136  ssl_tls.o(.text)
    mbedtls_ssl_send_fatal_handshake_failure 0x00023a65   Thumb Code    26  ssl_tls.o(.text)
    mbedtls_ssl_write_certificate            0x00023a7f   Thumb Code   292  ssl_tls.o(.text)
    mbedtls_ssl_check_cert_usage             0x00023ba3   Thumb Code   158  ssl_tls.o(.text)
    mbedtls_ssl_check_curve                  0x00023c41   Thumb Code    44  ssl_tls.o(.text)
    mbedtls_ssl_parse_certificate            0x00023c6d   Thumb Code   956  ssl_tls.o(.text)
    mbedtls_ssl_write_change_cipher_spec     0x00024029   Thumb Code    58  ssl_tls.o(.text)
    mbedtls_ssl_parse_change_cipher_spec     0x00024091   Thumb Code    96  ssl_tls.o(.text)
    mbedtls_ssl_optimize_checksum            0x00024109   Thumb Code    26  ssl_tls.o(.text)
    mbedtls_ssl_reset_checksum               0x00024123   Thumb Code    18  ssl_tls.o(.text)
    mbedtls_ssl_transform_free               0x0002414d   Thumb Code    52  ssl_tls.o(.text)
    mbedtls_ssl_handshake_free               0x00024181   Thumb Code    92  ssl_tls.o(.text)
    mbedtls_ssl_handshake_wrapup             0x00024213   Thumb Code    94  ssl_tls.o(.text)
    mbedtls_ssl_write_finished               0x00024271   Thumb Code   152  ssl_tls.o(.text)
    mbedtls_ssl_parse_finished               0x00024309   Thumb Code   196  ssl_tls.o(.text)
    mbedtls_ssl_session_init                 0x0002443b   Thumb Code    14  ssl_tls.o(.text)
    mbedtls_ssl_init                         0x000244dd   Thumb Code    14  ssl_tls.o(.text)
    mbedtls_ssl_setup                        0x00024511   Thumb Code   142  ssl_tls.o(.text)
    mbedtls_ssl_session_reset                0x00024643   Thumb Code    14  ssl_tls.o(.text)
    mbedtls_ssl_conf_endpoint                0x00024651   Thumb Code    10  ssl_tls.o(.text)
    mbedtls_ssl_conf_transport               0x0002465b   Thumb Code    10  ssl_tls.o(.text)
    mbedtls_ssl_conf_authmode                0x00024665   Thumb Code    10  ssl_tls.o(.text)
    mbedtls_ssl_conf_verify                  0x0002466f   Thumb Code     6  ssl_tls.o(.text)
    mbedtls_ssl_conf_rng                     0x00024675   Thumb Code     6  ssl_tls.o(.text)
    mbedtls_ssl_conf_dbg                     0x0002467b   Thumb Code     6  ssl_tls.o(.text)
    mbedtls_ssl_set_bio                      0x00024681   Thumb Code    14  ssl_tls.o(.text)
    mbedtls_ssl_conf_read_timeout            0x0002468f   Thumb Code     4  ssl_tls.o(.text)
    mbedtls_ssl_set_timer_cb                 0x00024693   Thumb Code    30  ssl_tls.o(.text)
    mbedtls_ssl_set_session                  0x000246b1   Thumb Code    58  ssl_tls.o(.text)
    mbedtls_ssl_conf_ciphersuites            0x000246eb   Thumb Code    10  ssl_tls.o(.text)
    mbedtls_ssl_conf_ciphersuites_for_version 0x000246f5   Thumb Code    24  ssl_tls.o(.text)
    mbedtls_ssl_conf_cert_profile            0x0002470d   Thumb Code     4  ssl_tls.o(.text)
    mbedtls_ssl_conf_own_cert                0x00024765   Thumb Code    22  ssl_tls.o(.text)
    mbedtls_ssl_conf_ca_chain                0x0002477b   Thumb Code     6  ssl_tls.o(.text)
    mbedtls_ssl_set_hs_own_cert              0x00024781   Thumb Code    24  ssl_tls.o(.text)
    mbedtls_ssl_set_hs_ca_chain              0x00024799   Thumb Code    14  ssl_tls.o(.text)
    mbedtls_ssl_set_hs_authmode              0x000247a7   Thumb Code     8  ssl_tls.o(.text)
    mbedtls_ssl_conf_sig_hashes              0x000247af   Thumb Code     4  ssl_tls.o(.text)
    mbedtls_ssl_conf_curves                  0x000247b3   Thumb Code     4  ssl_tls.o(.text)
    mbedtls_ssl_set_hostname                 0x000247b7   Thumb Code   118  ssl_tls.o(.text)
    mbedtls_ssl_conf_sni                     0x0002482d   Thumb Code     6  ssl_tls.o(.text)
    mbedtls_ssl_conf_alpn_protocols          0x00024833   Thumb Code    58  ssl_tls.o(.text)
    mbedtls_ssl_get_alpn_protocol            0x0002486d   Thumb Code     8  ssl_tls.o(.text)
    mbedtls_ssl_conf_max_version             0x00024875   Thumb Code    10  ssl_tls.o(.text)
    mbedtls_ssl_conf_min_version             0x0002487f   Thumb Code    10  ssl_tls.o(.text)
    mbedtls_ssl_conf_encrypt_then_mac        0x00024889   Thumb Code    10  ssl_tls.o(.text)
    mbedtls_ssl_conf_extended_master_secret  0x00024893   Thumb Code    10  ssl_tls.o(.text)
    mbedtls_ssl_conf_max_frag_len            0x0002489d   Thumb Code    38  ssl_tls.o(.text)
    mbedtls_ssl_conf_legacy_renegotiation    0x000248c3   Thumb Code    10  ssl_tls.o(.text)
    mbedtls_ssl_get_bytes_avail              0x000248cd   Thumb Code    14  ssl_tls.o(.text)
    mbedtls_ssl_check_pending                0x000248db   Thumb Code    56  ssl_tls.o(.text)
    mbedtls_ssl_get_verify_result            0x00024913   Thumb Code    28  ssl_tls.o(.text)
    mbedtls_ssl_get_ciphersuite              0x0002492f   Thumb Code    24  ssl_tls.o(.text)
    mbedtls_ssl_get_version                  0x00024947   Thumb Code    40  ssl_tls.o(.text)
    mbedtls_ssl_get_record_expansion         0x0002496f   Thumb Code   112  ssl_tls.o(.text)
    mbedtls_ssl_get_max_frag_len             0x000249df   Thumb Code    84  ssl_tls.o(.text)
    mbedtls_ssl_get_max_out_record_payload   0x00024a33   Thumb Code    26  ssl_tls.o(.text)
    mbedtls_ssl_get_peer_cert                0x00024a4d   Thumb Code    18  ssl_tls.o(.text)
    mbedtls_ssl_get_session                  0x00024a5f   Thumb Code    40  ssl_tls.o(.text)
    mbedtls_ssl_handshake_step               0x00024a87   Thumb Code    42  ssl_tls.o(.text)
    mbedtls_ssl_handshake                    0x00024ab1   Thumb Code    50  ssl_tls.o(.text)
    mbedtls_ssl_read                         0x00024ae3   Thumb Code   406  ssl_tls.o(.text)
    mbedtls_ssl_write                        0x00024ce5   Thumb Code    70  ssl_tls.o(.text)
    mbedtls_ssl_close_notify                 0x00024d2b   Thumb Code    68  ssl_tls.o(.text)
    mbedtls_ssl_free                         0x00024d87   Thumb Code   178  ssl_tls.o(.text)
    mbedtls_ssl_config_init                  0x00024e39   Thumb Code    14  ssl_tls.o(.text)
    mbedtls_ssl_config_defaults              0x00024e47   Thumb Code   164  ssl_tls.o(.text)
    mbedtls_ssl_config_free                  0x00024eeb   Thumb Code    20  ssl_tls.o(.text)
    mbedtls_ssl_sig_from_pk                  0x00024eff   Thumb Code    36  ssl_tls.o(.text)
    mbedtls_ssl_sig_from_pk_alg              0x00024f23   Thumb Code    30  ssl_tls.o(.text)
    mbedtls_ssl_pk_alg_from_sig              0x00024f41   Thumb Code    24  ssl_tls.o(.text)
    mbedtls_ssl_sig_hash_set_find            0x00024f59   Thumb Code    24  ssl_tls.o(.text)
    mbedtls_ssl_sig_hash_set_add             0x00024f71   Thumb Code    32  ssl_tls.o(.text)
    mbedtls_ssl_md_alg_from_hash             0x00024f91   Thumb Code    32  ssl_tls.o(.text)
    mbedtls_ssl_hash_from_md_alg             0x00024fb1   Thumb Code    32  ssl_tls.o(.text)
    mbedtls_ssl_check_sig_hash               0x00024fd1   Thumb Code    84  ssl_tls.o(.text)
    mbedtls_ssl_set_calc_verify_md           0x00025025   Thumb Code    36  ssl_tls.o(.text)
    mbedtls_ssl_get_key_exchange_md_tls1_2   0x00025049   Thumb Code   164  ssl_tls.o(.text)
    mbedtls_threading_set_alt                0x00025113   Thumb Code    20  threading.o(.text)
    mbedtls_threading_free_alt               0x00025127   Thumb Code     2  threading.o(.text)
    mbedtls_x509_get_serial                  0x00025139   Thumb Code    92  x509.o(.text)
    mbedtls_x509_get_alg_null                0x00025195   Thumb Code    36  x509.o(.text)
    mbedtls_x509_get_alg                     0x000251b9   Thumb Code    42  x509.o(.text)
    mbedtls_x509_get_name                    0x000252c5   Thumb Code   132  x509.o(.text)
    mbedtls_x509_get_time                    0x00025561   Thumb Code    92  x509.o(.text)
    mbedtls_x509_get_sig                     0x000255bd   Thumb Code    76  x509.o(.text)
    mbedtls_x509_get_sig_alg                 0x00025609   Thumb Code    70  x509.o(.text)
    mbedtls_x509_get_ext                     0x0002564f   Thumb Code   102  x509.o(.text)
    mbedtls_x509_dn_gets                     0x000256b5   Thumb Code   274  x509.o(.text)
    mbedtls_x509_serial_gets                 0x000257c7   Thumb Code   154  x509.o(.text)
    mbedtls_x509_sig_alg_gets                0x00025861   Thumb Code    88  x509.o(.text)
    mbedtls_x509_key_size_helper             0x000258b9   Thumb Code    54  x509.o(.text)
    mbedtls_x509_time_is_past                0x000258ef   Thumb Code     6  x509.o(.text)
    mbedtls_x509_time_is_future              0x000258f5   Thumb Code     6  x509.o(.text)
    mbedtls_x509_self_test                   0x000258fb   Thumb Code     6  x509.o(.text)
    mbedtls_x509_crt_free                    0x00025ee1   Thumb Code   200  x509_crt.o(.text)
    mbedtls_x509_crt_init                    0x000262d9   Thumb Code    16  x509_crt.o(.text)
    mbedtls_x509_crt_parse_der               0x000262e9   Thumb Code   136  x509_crt.o(.text)
    mbedtls_x509_crt_parse                   0x00026371   Thumb Code   248  x509_crt.o(.text)
    mbedtls_x509_crt_info                    0x0002694b   Thumb Code  1608  x509_crt.o(.text)
    mbedtls_x509_crt_verify_info             0x00026f93   Thumb Code   124  x509_crt.o(.text)
    mbedtls_x509_crt_check_key_usage         0x0002700f   Thumb Code    68  x509_crt.o(.text)
    mbedtls_x509_crt_check_extended_key_usage 0x00027053   Thumb Code    96  x509_crt.o(.text)
    mbedtls_x509_crt_verify_with_profile     0x00027729   Thumb Code   192  x509_crt.o(.text)
    mbedtls_x509_crt_verify                  0x000277e9   Thumb Code    42  x509_crt.o(.text)
    TLS_Init                                 0x00027bad   Thumb Code   116  aws_tls.o(.text)
    TLS_Connect                              0x00027c21   Thumb Code   626  aws_tls.o(.text)
    TLS_Recv                                 0x00027e93   Thumb Code    90  aws_tls.o(.text)
    TLS_Send                                 0x00027eed   Thumb Code    90  aws_tls.o(.text)
    TLS_Cleanup                              0x00027f47   Thumb Code    28  aws_tls.o(.text)
    WIFI_On                                  0x00027fa9   Thumb Code   102  aws_wifi.o(.text)
    WIFI_Off                                 0x0002800f   Thumb Code     4  aws_wifi.o(.text)
    WIFI_ConnectAP                           0x00028013   Thumb Code   152  aws_wifi.o(.text)
    WIFI_Disconnect                          0x000280ab   Thumb Code    56  aws_wifi.o(.text)
    WIFI_Reset                               0x000280e3   Thumb Code    56  aws_wifi.o(.text)
    WIFI_Scan                                0x0002811b   Thumb Code    70  aws_wifi.o(.text)
    WIFI_SetMode                             0x00028161   Thumb Code     6  aws_wifi.o(.text)
    WIFI_GetMode                             0x00028167   Thumb Code     6  aws_wifi.o(.text)
    WIFI_NetworkAdd                          0x0002816d   Thumb Code     6  aws_wifi.o(.text)
    WIFI_NetworkGet                          0x00028173   Thumb Code     6  aws_wifi.o(.text)
    WIFI_NetworkDelete                       0x00028179   Thumb Code     6  aws_wifi.o(.text)
    WIFI_Ping                                0x0002817f   Thumb Code   118  aws_wifi.o(.text)
    WIFI_GetIP                               0x000281f5   Thumb Code    74  aws_wifi.o(.text)
    WIFI_GetMAC                              0x0002823f   Thumb Code    76  aws_wifi.o(.text)
    WIFI_GetHostIP                           0x0002828b   Thumb Code    72  aws_wifi.o(.text)
    WIFI_StartAP                             0x000282d3   Thumb Code     4  aws_wifi.o(.text)
    WIFI_StopAP                              0x000282d7   Thumb Code     4  aws_wifi.o(.text)
    WIFI_ConfigureAP                         0x000282db   Thumb Code     6  aws_wifi.o(.text)
    WIFI_SetPMMode                           0x000282e1   Thumb Code     6  aws_wifi.o(.text)
    WIFI_GetPMMode                           0x000282e7   Thumb Code     6  aws_wifi.o(.text)
    WIFI_IsConnected                         0x000282ed   Thumb Code    54  aws_wifi.o(.text)
    SOCKETS_Socket                           0x00028567   Thumb Code   224  aws_secure_sockets.o(.text)
    SOCKETS_Accept                           0x00028647   Thumb Code     8  aws_secure_sockets.o(.text)
    SOCKETS_Connect                          0x0002864f   Thumb Code   298  aws_secure_sockets.o(.text)
    SOCKETS_Recv                             0x00028779   Thumb Code   146  aws_secure_sockets.o(.text)
    SOCKETS_Send                             0x0002880b   Thumb Code   130  aws_secure_sockets.o(.text)
    SOCKETS_Shutdown                         0x0002888d   Thumb Code   118  aws_secure_sockets.o(.text)
    SOCKETS_Close                            0x00028903   Thumb Code   180  aws_secure_sockets.o(.text)
    SOCKETS_SetSockOpt                       0x000289b7   Thumb Code   264  aws_secure_sockets.o(.text)
    SOCKETS_GetHostByName                    0x00028abf   Thumb Code    74  aws_secure_sockets.o(.text)
    SOCKETS_Init                             0x00028b09   Thumb Code    64  aws_secure_sockets.o(.text)
    ulRand                                   0x00028b49   Thumb Code     4  aws_secure_sockets.o(.text)
    RX_BUF_PUSH                              0x00028b95   Thumb Code    34  esp8266_wifi.o(.text)
    RX_BUF_POP                               0x00028bb7   Thumb Code    34  esp8266_wifi.o(.text)
    RX_BUF_FULL                              0x00028bd9   Thumb Code    44  esp8266_wifi.o(.text)
    RX_BUF_COUNT                             0x00028c05   Thumb Code    44  esp8266_wifi.o(.text)
    ESP_Platform_Init                        0x00028e7f   Thumb Code   136  esp8266_wifi.o(.text)
    ESP_IO_Send                              0x00028f07   Thumb Code    22  esp8266_wifi.o(.text)
    UART1_IRQHandler                         0x00028f1d   Thumb Code    44  esp8266_wifi.o(.text)
    ESP_IO_Recv                              0x00028f49   Thumb Code   888  esp8266_wifi.o(.text)
    ESP_WIFI_Reset                           0x00029341   Thumb Code    78  esp8266_wifi.o(.text)
    ESP_WIFI_Init                            0x0002938f   Thumb Code    28  esp8266_wifi.o(.text)
    ESP_WIFI_SetMultiConn                    0x000293ab   Thumb Code    50  esp8266_wifi.o(.text)
    ESP_WIFI_Connect                         0x000293dd   Thumb Code   488  esp8266_wifi.o(.text)
    ESP_WIFI_Disconnect                      0x000295c5   Thumb Code    28  esp8266_wifi.o(.text)
    ESP_WIFI_Scan                            0x000295e1   Thumb Code    40  esp8266_wifi.o(.text)
    ESP_WIFI_IsConnected                     0x00029609   Thumb Code     8  esp8266_wifi.o(.text)
    ESP_WIFI_GetNetStatus                    0x00029611   Thumb Code    28  esp8266_wifi.o(.text)
    ESP_WIFI_Reset_Ipd                       0x0002962d   Thumb Code    22  esp8266_wifi.o(.text)
    ESP_WIFI_Get_Ipd_Size                    0x00029643   Thumb Code    22  esp8266_wifi.o(.text)
    ESP_WIFI_GetConnStatus                   0x00029659   Thumb Code   144  esp8266_wifi.o(.text)
    ESP_WIFI_Ping                            0x000296e9   Thumb Code    42  esp8266_wifi.o(.text)
    ESP_WIFI_GetHostIP                       0x00029713   Thumb Code   120  esp8266_wifi.o(.text)
    ESP_WIFI_StartClient                     0x0002978b   Thumb Code   414  esp8266_wifi.o(.text)
    ESP_WIFI_StopClient                      0x00029929   Thumb Code    52  esp8266_wifi.o(.text)
    ESP_WIFI_Send                            0x0002995d   Thumb Code   792  esp8266_wifi.o(.text)
    ESP_WIFI_Recv                            0x00029c75   Thumb Code   744  esp8266_wifi.o(.text)
    UnityPrintNumberHex                      0x00029f61   Thumb Code    70  unity.o(.text)
    UnityPrint                               0x00029fa7   Thumb Code   116  unity.o(.text)
    UnityPrintLen                            0x0002a01b   Thumb Code   122  unity.o(.text)
    UnityPrintNumberUnsigned                 0x0002a095   Thumb Code    62  unity.o(.text)
    UnityPrintNumber                         0x0002a0d3   Thumb Code    28  unity.o(.text)
    UnityPrintNumberByStyle                  0x0002a0ef   Thumb Code    66  unity.o(.text)
    UnityPrintMask                           0x0002a131   Thumb Code    68  unity.o(.text)
    UnityPrintFloat                          0x0002a175   Thumb Code   544  unity.o(.text)
    UnityConcludeTest                        0x0002a3e7   Thumb Code    72  unity.o(.text)
    UnityAssertBits                          0x0002a569   Thumb Code   104  unity.o(.text)
    UnityAssertEqualNumber                   0x0002a5d1   Thumb Code    96  unity.o(.text)
    UnityAssertGreaterNumber                 0x0002a631   Thumb Code    96  unity.o(.text)
    UnityAssertSmallerNumber                 0x0002a691   Thumb Code    96  unity.o(.text)
    UnityAssertEqualIntArray                 0x0002a6f1   Thumb Code   352  unity.o(.text)
    UnityAssertEqualFloatArray               0x0002a909   Thumb Code   260  unity.o(.text)
    UnityAssertFloatsWithin                  0x0002aa0d   Thumb Code   118  unity.o(.text)
    UnityAssertFloatSpecial                  0x0002aa83   Thumb Code   284  unity.o(.text)
    UnityAssertNumbersWithin                 0x0002ab9f   Thumb Code   234  unity.o(.text)
    UnityAssertEqualString                   0x0002ac89   Thumb Code   124  unity.o(.text)
    UnityAssertEqualStringLen                0x0002ad05   Thumb Code   134  unity.o(.text)
    UnityAssertEqualStringArray              0x0002ad8b   Thumb Code   260  unity.o(.text)
    UnityAssertEqualMemory                   0x0002ae8f   Thumb Code   274  unity.o(.text)
    UnityNumToPtr                            0x0002afa1   Thumb Code    40  unity.o(.text)
    UnityFloatToPtr                          0x0002afc9   Thumb Code     8  unity.o(.text)
    UnityFail                                0x0002afd1   Thumb Code   164  unity.o(.text)
    UnityIgnore                              0x0002b075   Thumb Code    76  unity.o(.text)
    UnityDefaultTestRun                      0x0002b0c1   Thumb Code    64  unity.o(.text)
    UnityBegin                               0x0002b101   Thumb Code    28  unity.o(.text)
    UnityEnd                                 0x0002b11d   Thumb Code   108  unity.o(.text)
    setUp                                    0x0002b1dd   Thumb Code     2  unity_fixture.o(.text)
    tearDown                                 0x0002b1df   Thumb Code     2  unity_fixture.o(.text)
    UnityGetCommandLineOptions               0x0002b209   Thumb Code   246  unity_fixture.o(.text)
    UnityMain                                0x0002b2ff   Thumb Code    80  unity_fixture.o(.text)
    UnityConcludeFixtureTest                 0x0002b38d   Thumb Code    84  unity_fixture.o(.text)
    UnityMalloc_EndTest                      0x0002b3e1   Thumb Code    28  unity_fixture.o(.text)
    UnityPointer_UndoAllSets                 0x0002b3fd   Thumb Code    44  unity_fixture.o(.text)
    UnityPointer_Init                        0x0002b429   Thumb Code     8  unity_fixture.o(.text)
    UnityMalloc_StartTest                    0x0002b431   Thumb Code    14  unity_fixture.o(.text)
    UnityTestRunner                          0x0002b43f   Thumb Code   156  unity_fixture.o(.text)
    UnityIgnoreTest                          0x0002b4db   Thumb Code    74  unity_fixture.o(.text)
    UnityMalloc_MakeMallocFailAfterCount     0x0002b525   Thumb Code     6  unity_fixture.o(.text)
    unity_malloc                             0x0002b52b   Thumb Code    92  unity_fixture.o(.text)
    unity_free                               0x0002b629   Thumb Code    38  unity_fixture.o(.text)
    unity_calloc                             0x0002b64f   Thumb Code    36  unity_fixture.o(.text)
    unity_realloc                            0x0002b673   Thumb Code   104  unity_fixture.o(.text)
    UnityPointer_Set                         0x0002b6db   Thumb Code    64  unity_fixture.o(.text)
    __aeabi_uldivmod                         0x0002b795   Thumb Code    98  uldiv.o(.text)
    rand                                     0x0002b7f9   Thumb Code    20  rand.o(.text)
    srand                                    0x0002b80d   Thumb Code     6  rand.o(.text)
    ___aeabi_memcpy8$move                    0x0002b81d   Thumb Code     0  memmovea.o(.text)
    __aeabi_memcpy                           0x0002b81d   Thumb Code    64  memmovea.o(.text)
    __aeabi_memcpy4                          0x0002b81d   Thumb Code     0  memmovea.o(.text)
    __aeabi_memmove                          0x0002b81d   Thumb Code     0  memmovea.o(.text)
    __aeabi_memmove4                         0x0002b81d   Thumb Code     0  memmovea.o(.text)
    __aeabi_memmove8                         0x0002b81d   Thumb Code     0  memmovea.o(.text)
    __aeabi_memset                           0x0002b85d   Thumb Code    14  memseta.o(.text)
    __aeabi_memset4                          0x0002b85d   Thumb Code     0  memseta.o(.text)
    __aeabi_memset8                          0x0002b85d   Thumb Code     0  memseta.o(.text)
    __aeabi_memclr                           0x0002b86b   Thumb Code     4  memseta.o(.text)
    __aeabi_memclr4                          0x0002b86b   Thumb Code     0  memseta.o(.text)
    __aeabi_memclr8                          0x0002b86b   Thumb Code     0  memseta.o(.text)
    memset                                   0x0002b86f   Thumb Code    18  memseta.o(.text)
    strstr                                   0x0002b881   Thumb Code    36  strstr.o(.text)
    strncpy                                  0x0002b8a5   Thumb Code    24  strncpy.o(.text)
    strlen                                   0x0002b8bd   Thumb Code    14  strlen.o(.text)
    strcmp                                   0x0002b8cb   Thumb Code    28  strcmp.o(.text)
    memcmp                                   0x0002b8e7   Thumb Code    26  memcmp.o(.text)
    strncmp                                  0x0002b901   Thumb Code    30  strncmp.o(.text)
    strtok                                   0x0002b921   Thumb Code    62  strtok.o(.text)
    strlcpy                                  0x0002b965   Thumb Code    48  strlcpy.o(.text)
    calloc                                   0x0002b995   Thumb Code    28  calloc.o(.text)
    __0sscanf                                0x0002b9b1   Thumb Code    48  __0sscanf.o(.text)
    _scanf_int                               0x0002b9e9   Thumb Code   332  _scanf_int.o(.text)
    _scanf_string                            0x0002bb35   Thumb Code   224  _scanf_str.o(.text)
    strtol                                   0x0002bc15   Thumb Code   112  strtol.o(.text)
    atoi                                     0x0002bc85   Thumb Code    26  atoi.o(.text)
    setjmp                                   0x0002bc9f   Thumb Code    26  setjmp.o(.text)
    longjmp                                  0x0002bcb9   Thumb Code    36  setjmp.o(.text)
    __aeabi_uidiv                            0x0002bcdd   Thumb Code     0  uidiv.o(.text)
    __aeabi_uidivmod                         0x0002bcdd   Thumb Code    44  uidiv.o(.text)
    __aeabi_llsl                             0x0002bd09   Thumb Code    30  llshl.o(.text)
    _ll_shift_l                              0x0002bd09   Thumb Code     0  llshl.o(.text)
    __aeabi_llsr                             0x0002bd27   Thumb Code    32  llushr.o(.text)
    _ll_ushift_r                             0x0002bd27   Thumb Code     0  llushr.o(.text)
    __rt_ctype_table                         0x0002bd49   Thumb Code     4  ctype_o.o(.text)
    isspace                                  0x0002bd51   Thumb Code    18  isspace_o.o(.text)
    _chval                                   0x0002bd63   Thumb Code    28  _chval.o(.text)
    __vfscanf_char                           0x0002bd8d   Thumb Code    20  scanf_char.o(.text)
    _sgetc                                   0x0002bda9   Thumb Code    30  _sgetc.o(.text)
    _sbackspace                              0x0002bdc7   Thumb Code    34  _sgetc.o(.text)
    _strtoul                                 0x0002bde9   Thumb Code   158  _strtoul.o(.text)
    __I$use$fp                               0x0002be87   Thumb Code     0  iusefp.o(.text)
    __aeabi_dadd                             0x0002be87   Thumb Code   322  dadd.o(.text)
    __aeabi_dsub                             0x0002bfc9   Thumb Code     6  dadd.o(.text)
    __aeabi_drsub                            0x0002bfcf   Thumb Code     6  dadd.o(.text)
    __aeabi_dmul                             0x0002bfd5   Thumb Code   228  dmul.o(.text)
    __aeabi_ddiv                             0x0002c0b9   Thumb Code   222  ddiv.o(.text)
    __aeabi_d2ulz                            0x0002c197   Thumb Code    48  dfixul.o(.text)
    __aeabi_cdrcmple                         0x0002c1c9   Thumb Code    48  cdrcmple.o(.text)
    __scatterload                            0x0002c1f9   Thumb Code    28  init.o(.text)
    __scatterload_rt2                        0x0002c1f9   Thumb Code     0  init.o(.text)
    __aeabi_lasr                             0x0002c21d   Thumb Code    36  llsshr.o(.text)
    _ll_sshift_r                             0x0002c21d   Thumb Code     0  llsshr.o(.text)
    __vfscanf                                0x0002c241   Thumb Code   808  _scanf.o(.text)
    _double_round                            0x0002c56d   Thumb Code    30  depilogue.o(.text)
    _double_epilogue                         0x0002c58b   Thumb Code   156  depilogue.o(.text)
    __decompress                             0x0002c627   Thumb Code     0  __dczerorl2.o(.text)
    __decompress1                            0x0002c627   Thumb Code    86  __dczerorl2.o(.text)
    __0printf                                0x0002c67d   Thumb Code    22  printfa.o(i.__0printf)
    __1printf                                0x0002c67d   Thumb Code     0  printfa.o(i.__0printf)
    __2printf                                0x0002c67d   Thumb Code     0  printfa.o(i.__0printf)
    __c89printf                              0x0002c67d   Thumb Code     0  printfa.o(i.__0printf)
    printf                                   0x0002c67d   Thumb Code     0  printfa.o(i.__0printf)
    __0snprintf                              0x0002c69d   Thumb Code    44  printfa.o(i.__0snprintf)
    __1snprintf                              0x0002c69d   Thumb Code     0  printfa.o(i.__0snprintf)
    __2snprintf                              0x0002c69d   Thumb Code     0  printfa.o(i.__0snprintf)
    __c89snprintf                            0x0002c69d   Thumb Code     0  printfa.o(i.__0snprintf)
    snprintf                                 0x0002c69d   Thumb Code     0  printfa.o(i.__0snprintf)
    __0sprintf                               0x0002c6cd   Thumb Code    34  printfa.o(i.__0sprintf)
    __1sprintf                               0x0002c6cd   Thumb Code     0  printfa.o(i.__0sprintf)
    __2sprintf                               0x0002c6cd   Thumb Code     0  printfa.o(i.__0sprintf)
    __c89sprintf                             0x0002c6cd   Thumb Code     0  printfa.o(i.__0sprintf)
    sprintf                                  0x0002c6cd   Thumb Code     0  printfa.o(i.__0sprintf)
    __0vsnprintf                             0x0002c6f5   Thumb Code    40  printfa.o(i.__0vsnprintf)
    __1vsnprintf                             0x0002c6f5   Thumb Code     0  printfa.o(i.__0vsnprintf)
    __2vsnprintf                             0x0002c6f5   Thumb Code     0  printfa.o(i.__0vsnprintf)
    __c89vsnprintf                           0x0002c6f5   Thumb Code     0  printfa.o(i.__0vsnprintf)
    vsnprintf                                0x0002c6f5   Thumb Code     0  printfa.o(i.__0vsnprintf)
    __aeabi_errno_addr                       0x0002c721   Thumb Code     4  errno.o(i.__aeabi_errno_addr)
    __rt_errno_addr                          0x0002c721   Thumb Code     0  errno.o(i.__aeabi_errno_addr)
    __scatterload_copy                       0x0002c729   Thumb Code    14  handlers.o(i.__scatterload_copy)
    __scatterload_null                       0x0002c737   Thumb Code     2  handlers.o(i.__scatterload_null)
    __scatterload_zeroinit                   0x0002c739   Thumb Code    14  handlers.o(i.__scatterload_zeroinit)
    free                                     0x0002d01d   Thumb Code    76  malloc.o(i.free)
    malloc                                   0x0002d06d   Thumb Code    92  malloc.o(i.malloc)
    putc                                     0x0002d0d9   Thumb Code     4  putc.o(i.putc)
    ucMACAddress                             0x0002d117   Data           6  main.o(.constdata)
    _Curve                                   0x0002d18c   Data       20244  crypto.o(.constdata)
    mbedtls_cipher_definitions               0x00036534   Data         128  cipher_wrap.o(.constdata)
    mbedtls_sha1_info                        0x00037380   Data          48  md_wrap.o(.constdata)
    mbedtls_sha224_info                      0x000373b0   Data          48  md_wrap.o(.constdata)
    mbedtls_sha256_info                      0x000373e0   Data          48  md_wrap.o(.constdata)
    mbedtls_rsa_info                         0x00037890   Data          48  pk_wrap.o(.constdata)
    mbedtls_eckey_info                       0x000378c0   Data          48  pk_wrap.o(.constdata)
    mbedtls_eckeydh_info                     0x000378f0   Data          48  pk_wrap.o(.constdata)
    mbedtls_ecdsa_info                       0x00037920   Data          48  pk_wrap.o(.constdata)
    mbedtls_rsa_alt_info                     0x00037950   Data          48  pk_wrap.o(.constdata)
    mbedtls_x509_crt_profile_default         0x0003814c   Data          16  x509_crt.o(.constdata)
    mbedtls_x509_crt_profile_next            0x0003815c   Data          16  x509_crt.o(.constdata)
    mbedtls_x509_crt_profile_suiteb          0x0003816c   Data          16  x509_crt.o(.constdata)
    UnityStrErrFloat                         0x0003a1ba   Data          30  unity.o(.constdata)
    UnityStrErrDouble                        0x0003a1d8   Data          32  unity.o(.constdata)
    UnityStrErr64                            0x0003a1f8   Data          30  unity.o(.constdata)
    __ctype_table                            0x0003a274   Data         129  ctype_o.o(.constdata)
    Region$$Table$$Base                      0x0003be88   Number         0  anon$$obj.o(Region$$Table)
    Region$$Table$$Limit                     0x0003bea8   Number         0  anon$$obj.o(Region$$Table)
    SystemCoreClock                          0x20000000   Data           4  system_m480.o(.data)
    CyclesPerUs                              0x20000004   Data           4  system_m480.o(.data)
    PllClock                                 0x20000008   Data           4  system_m480.o(.data)
    gau32ClkSrcTbl                           0x2000000c   Data          32  system_m480.o(.data)
    g_AES_done                               0x20000030   Data           4  entropy_hardware_poll.o(.data)
    pxCurrentTCB                             0x20000040   Data           4  tasks.o(.data)
    FreeRTOS_errno                           0x20000050   Data           4  tasks.o(.data)
    __stdout                                 0x200000bc   Data           4  retarget.o(.data)
    __stdin                                  0x200000c0   Data           4  retarget.o(.data)
    g_ECC_done                               0x200000dc   Data           4  crypto.o(.data)
    g_ECCERR_done                            0x200000e0   Data           4  crypto.o(.data)
    clientcredentialJITR_DEVICE_CERTIFICATE_AUTHORITY_PEM 0x200000e4   Data           4  aws_dev_mode_key_provisioning.o(.data)
    pcTxBuffer                               0x200000f0   Data           4  aws_test_tcp.o(.data)
    pcRxBuffer                               0x200000f4   Data           4  aws_test_tcp.o(.data)
    xSocket                                  0x200000f8   Data           4  aws_test_tcp.o(.data)
    xSocketOpen                              0x200000fc   Data           4  aws_test_tcp.o(.data)
    xHeapB                                   0x20000108   Data           4  aws_test_tcp.o(.data)
    xHeapA                                   0x2000010c   Data           4  aws_test_tcp.o(.data)
    mbedtls_mutex_init                       0x200002a0   Data           4  threading.o(.data)
    mbedtls_mutex_free                       0x200002a4   Data           4  threading.o(.data)
    mbedtls_mutex_lock                       0x200002a8   Data           4  threading.o(.data)
    mbedtls_mutex_unlock                     0x200002ac   Data           4  threading.o(.data)
    __microlib_freelist                      0x200002d4   Data           4  mvars.o(.data)
    __microlib_freelist_initialised          0x200002d8   Data           4  mvars.o(.data)
    xQueueRegistry                           0x20000ba8   Data          64  queue.o(.bss)
    cBuffer                                  0x2001ba4c   Data        4000  aws_test_runner.o(.bss)
    mbedtls_cipher_supported                 0x200213a4   Data          64  cipher_wrap.o(.bss)
    xNuWiFi                                  0x20021408   Data        3128  aws_wifi.o(.bss)
    xWifiIpd                                 0x200220f8   Data       12300  esp8266_wifi.o(.bss)
    Unity                                    0x20026108   Data         200  unity.o(.bss)
    UnityFixture                             0x200261d0   Data          16  unity_fixture.o(.bss)
    __heap_base                              0x20026208   Data           0  startup_m480.o(HEAP)
    __heap_limit                             0x20026308   Data           0  startup_m480.o(HEAP)
    __initial_sp                             0x20026b08   Data           0  startup_m480.o(STACK)



==============================================================================

Memory Map of the image

  Image Entry point : 0x000001b9

  Load Region LR_IROM1 (Base: 0x00000000, Size: 0x0003c188, Max: 0x00080000, ABSOLUTE, COMPRESSED[0x0003bf70])

    Execution Region ER_IROM1 (Exec base: 0x00000000, Load base: 0x00000000, Size: 0x0003bea8, Max: 0x00080000, ABSOLUTE)

    Exec Addr    Load Addr    Size         Type   Attr      Idx    E Section Name        Object

    0x00000000   0x00000000   0x000001b8   Data   RO          302    RESET               startup_m480.o
    0x000001b8   0x000001b8   0x00000000   Code   RO         3096  * .ARM.Collect$$$$00000000  mc_w.l(entry.o)
    0x000001b8   0x000001b8   0x00000004   Code   RO         3449    .ARM.Collect$$$$00000001  mc_w.l(entry2.o)
    0x000001bc   0x000001bc   0x00000004   Code   RO         3452    .ARM.Collect$$$$00000004  mc_w.l(entry5.o)
    0x000001c0   0x000001c0   0x00000000   Code   RO         3454    .ARM.Collect$$$$00000008  mc_w.l(entry7b.o)
    0x000001c0   0x000001c0   0x00000000   Code   RO         3456    .ARM.Collect$$$$0000000A  mc_w.l(entry8b.o)
    0x000001c0   0x000001c0   0x00000008   Code   RO         3457    .ARM.Collect$$$$0000000B  mc_w.l(entry9a.o)
    0x000001c8   0x000001c8   0x00000000   Code   RO         3459    .ARM.Collect$$$$0000000D  mc_w.l(entry10a.o)
    0x000001c8   0x000001c8   0x00000000   Code   RO         3461    .ARM.Collect$$$$0000000F  mc_w.l(entry11a.o)
    0x000001c8   0x000001c8   0x00000004   Code   RO         3450    .ARM.Collect$$$$00002712  mc_w.l(entry2.o)
    0x000001cc   0x000001cc   0x000000be   Code   RO          617    .emb_text           port.o
    0x0000028a   0x0000028a   0x00000002   PAD
    0x0000028c   0x0000028c   0x0000001c   Code   RO          750    .emb_text           retarget.o
    0x000002a8   0x000002a8   0x00000128   Code   RO            4    .text               system_m480.o
    0x000003d0   0x000003d0   0x00000068   Code   RO          303    .text               startup_m480.o
    0x00000438   0x00000438   0x00000128   Code   RO          310    .text               entropy_hardware_poll.o
    0x00000560   0x00000560   0x000004c8   Code   RO          407    .text               main.o
    0x00000a28   0x00000a28   0x00000094   Code   RO          529    .text               list.o
    0x00000abc   0x00000abc   0x00000e68   Code   RO          541    .text               queue.o
    0x00001924   0x00001924   0x000018a8   Code   RO          571    .text               tasks.o
    0x000031cc   0x000031cc   0x000005c8   Code   RO          602    .text               timers.o
    0x00003794   0x00003794   0x000002c0   Code   RO          618    .text               port.o
    0x00003a54   0x00003a54   0x00000416   Code   RO          657    .text               event_groups.o
    0x00003e6a   0x00003e6a   0x00000002   PAD
    0x00003e6c   0x00003e6c   0x00000264   Code   RO          703    .text               heap_4.o
    0x000040d0   0x000040d0   0x000007b0   Code   RO          721    .text               clk.o
    0x00004880   0x00004880   0x00000164   Code   RO          751    .text               retarget.o
    0x000049e4   0x000049e4   0x000000dc   Code   RO          785    .text               sys.o
    0x00004ac0   0x00004ac0   0x000004c4   Code   RO          809    .text               uart.o
    0x00004f84   0x00004f84   0x000010f4   Code   RO          834    .text               crypto.o
    0x00006078   0x00006078   0x000007b0   Code   RO          866    .text               fmc.o
    0x00006828   0x00006828   0x000001bc   Code   RO         1065    .text               aws_logging_task_dynamic_buffers.o
    0x000069e4   0x000069e4   0x00004cf8   Code   RO         1438    .text               aws_test_tcp.o
    0x0000b6dc   0x0000b6dc   0x00000070   Code   RO         1487    .text               aws_test_runner.o
    0x0000b74c   0x0000b74c   0x00000022   Code   RO         1551    .text               aws_system_init.o
    0x0000b76e   0x0000b76e   0x00000002   PAD
    0x0000b770   0x0000b770   0x000000c0   Code   RO         1563    .text               aws_bufferpool_static_thread_safe.o
    0x0000b830   0x0000b830   0x00000c98   Code   RO         1580    .text               aws_mqtt_agent.o
    0x0000c4c8   0x0000c4c8   0x0000196c   Code   RO         1600    .text               aws_mqtt_lib.o
    0x0000de34   0x0000de34   0x000001ac   Code   RO         1617    .text               aws_crypto.o
    0x0000dfe0   0x0000dfe0   0x00000aac   Code   RO         1672    .text               aws_pkcs11_mbedtls.o
    0x0000ea8c   0x0000ea8c   0x00000260   Code   RO         1716    .text               aws_pkcs11_pal.o
    0x0000ecec   0x0000ecec   0x000013b0   Code   RO         1741    .text               aes.o
    0x0001009c   0x0001009c   0x00000488   Code   RO         1776    .text               asn1parse.o
    0x00010524   0x00010524   0x0000065c   Code   RO         1788    .text               asn1write.o
    0x00010b80   0x00010b80   0x00000374   Code   RO         1803    .text               base64.o
    0x00010ef4   0x00010ef4   0x00002e88   Code   RO         1817    .text               bignum.o
    0x00013d7c   0x00013d7c   0x000009e8   Code   RO         1863    .text               cipher.o
    0x00014764   0x00014764   0x0000012a   Code   RO         1887    .text               cipher_wrap.o
    0x0001488e   0x0001488e   0x00000002   PAD
    0x00014890   0x00014890   0x000006d0   Code   RO         1918    .text               ctr_drbg.o
    0x00014f60   0x00014f60   0x00000304   Code   RO         1964    .text               ecdh.o
    0x00015264   0x00015264   0x00000624   Code   RO         1979    .text               ecdsa.o
    0x00015888   0x00015888   0x00002550   Code   RO         1997    .text               ecp.o
    0x00017dd8   0x00017dd8   0x00000610   Code   RO         2016    .text               ecp_curves.o
    0x000183e8   0x000183e8   0x00000620   Code   RO         2031    .text               entropy.o
    0x00018a08   0x00018a08   0x00000de4   Code   RO         2067    .text               gcm.o
    0x000197ec   0x000197ec   0x00000418   Code   RO         2099    .text               md.o
    0x00019c04   0x00019c04   0x00000130   Code   RO         2120    .text               md_wrap.o
    0x00019d34   0x00019d34   0x000004cc   Code   RO         2171    .text               oid.o
    0x0001a200   0x0001a200   0x00000188   Code   RO         2204    .text               pem.o
    0x0001a388   0x0001a388   0x0000034c   Code   RO         2225    .text               pk.o
    0x0001a6d4   0x0001a6d4   0x00000482   Code   RO         2244    .text               pk_wrap.o
    0x0001ab56   0x0001ab56   0x00000002   PAD
    0x0001ab58   0x0001ab58   0x00000c7c   Code   RO         2277    .text               pkparse.o
    0x0001b7d4   0x0001b7d4   0x00000600   Code   RO         2292    .text               pkwrite.o
    0x0001bdd4   0x0001bdd4   0x00000040   Code   RO         2304    .text               platform.o
    0x0001be14   0x0001be14   0x00000018   Code   RO         2318    .text               platform_util.o
    0x0001be2c   0x0001be2c   0x000019fc   Code   RO         2338    .text               rsa.o
    0x0001d828   0x0001d828   0x00000738   Code   RO         2354    .text               rsa_internal.o
    0x0001df60   0x0001df60   0x00001940   Code   RO         2366    .text               sha1.o
    0x0001f8a0   0x0001f8a0   0x00001284   Code   RO         2380    .text               sha256.o
    0x00020b24   0x00020b24   0x00000148   Code   RO         2406    .text               ssl_ciphersuites.o
    0x00020c6c   0x00020c6c   0x000015d4   Code   RO         2466    .text               ssl_cli.o
    0x00022240   0x00022240   0x00002ec8   Code   RO         2508    .text               ssl_tls.o
    0x00025108   0x00025108   0x00000030   Code   RO         2547    .text               threading.o
    0x00025138   0x00025138   0x00000818   Code   RO         2604    .text               x509.o
    0x00025950   0x00025950   0x00001ed8   Code   RO         2635    .text               x509_crt.o
    0x00027828   0x00027828   0x00000780   Code   RO         2684    .text               aws_tls.o
    0x00027fa8   0x00027fa8   0x000003ac   Code   RO         2812    .text               aws_wifi.o
    0x00028354   0x00028354   0x00000840   Code   RO         2843    .text               aws_secure_sockets.o
    0x00028b94   0x00028b94   0x000013cc   Code   RO         2871    .text               esp8266_wifi.o
    0x00029f60   0x00029f60   0x0000127c   Code   RO         2897    .text               unity.o
    0x0002b1dc   0x0002b1dc   0x000005b8   Code   RO         2921    .text               unity_fixture.o
    0x0002b794   0x0002b794   0x00000062   Code   RO         3101    .text               mc_w.l(uldiv.o)
    0x0002b7f6   0x0002b7f6   0x00000002   PAD
    0x0002b7f8   0x0002b7f8   0x00000024   Code   RO         3105    .text               mc_w.l(rand.o)
    0x0002b81c   0x0002b81c   0x00000040   Code   RO         3110    .text               mc_w.l(memmovea.o)
    0x0002b85c   0x0002b85c   0x00000024   Code   RO         3114    .text               mc_w.l(memseta.o)
    0x0002b880   0x0002b880   0x00000024   Code   RO         3116    .text               mc_w.l(strstr.o)
    0x0002b8a4   0x0002b8a4   0x00000018   Code   RO         3118    .text               mc_w.l(strncpy.o)
    0x0002b8bc   0x0002b8bc   0x0000000e   Code   RO         3120    .text               mc_w.l(strlen.o)
    0x0002b8ca   0x0002b8ca   0x0000001c   Code   RO         3122    .text               mc_w.l(strcmp.o)
    0x0002b8e6   0x0002b8e6   0x0000001a   Code   RO         3124    .text               mc_w.l(memcmp.o)
    0x0002b900   0x0002b900   0x0000001e   Code   RO         3128    .text               mc_w.l(strncmp.o)
    0x0002b91e   0x0002b91e   0x00000002   PAD
    0x0002b920   0x0002b920   0x00000044   Code   RO         3130    .text               mc_w.l(strtok.o)
    0x0002b964   0x0002b964   0x00000030   Code   RO         3138    .text               mc_w.l(strlcpy.o)
    0x0002b994   0x0002b994   0x0000001c   Code   RO         3433    .text               mc_w.l(calloc.o)
    0x0002b9b0   0x0002b9b0   0x00000038   Code   RO         3435    .text               mc_w.l(__0sscanf.o)
    0x0002b9e8   0x0002b9e8   0x0000014c   Code   RO         3437    .text               mc_w.l(_scanf_int.o)
    0x0002bb34   0x0002bb34   0x000000e0   Code   RO         3439    .text               mc_w.l(_scanf_str.o)
    0x0002bc14   0x0002bc14   0x00000070   Code   RO         3441    .text               mc_w.l(strtol.o)
    0x0002bc84   0x0002bc84   0x0000001a   Code   RO         3445    .text               mc_w.l(atoi.o)
    0x0002bc9e   0x0002bc9e   0x0000003e   Code   RO         3447    .text               mf_w.l(setjmp.o)
    0x0002bcdc   0x0002bcdc   0x0000002c   Code   RO         3463    .text               mc_w.l(uidiv.o)
    0x0002bd08   0x0002bd08   0x0000001e   Code   RO         3465    .text               mc_w.l(llshl.o)
    0x0002bd26   0x0002bd26   0x00000020   Code   RO         3467    .text               mc_w.l(llushr.o)
    0x0002bd46   0x0002bd46   0x00000002   PAD
    0x0002bd48   0x0002bd48   0x00000008   Code   RO         3469    .text               mc_w.l(ctype_o.o)
    0x0002bd50   0x0002bd50   0x00000012   Code   RO         3491    .text               mc_w.l(isspace_o.o)
    0x0002bd62   0x0002bd62   0x0000001c   Code   RO         3506    .text               mc_w.l(_chval.o)
    0x0002bd7e   0x0002bd7e   0x00000002   PAD
    0x0002bd80   0x0002bd80   0x00000028   Code   RO         3508    .text               mc_w.l(scanf_char.o)
    0x0002bda8   0x0002bda8   0x00000040   Code   RO         3510    .text               mc_w.l(_sgetc.o)
    0x0002bde8   0x0002bde8   0x0000009e   Code   RO         3512    .text               mc_w.l(_strtoul.o)
    0x0002be86   0x0002be86   0x00000000   Code   RO         3514    .text               mc_w.l(iusefp.o)
    0x0002be86   0x0002be86   0x0000014e   Code   RO         3515    .text               mf_w.l(dadd.o)
    0x0002bfd4   0x0002bfd4   0x000000e4   Code   RO         3517    .text               mf_w.l(dmul.o)
    0x0002c0b8   0x0002c0b8   0x000000de   Code   RO         3519    .text               mf_w.l(ddiv.o)
    0x0002c196   0x0002c196   0x00000030   Code   RO         3521    .text               mf_w.l(dfixul.o)
    0x0002c1c6   0x0002c1c6   0x00000002   PAD
    0x0002c1c8   0x0002c1c8   0x00000030   Code   RO         3523    .text               mf_w.l(cdrcmple.o)
    0x0002c1f8   0x0002c1f8   0x00000024   Code   RO         3525    .text               mc_w.l(init.o)
    0x0002c21c   0x0002c21c   0x00000024   Code   RO         3527    .text               mc_w.l(llsshr.o)
    0x0002c240   0x0002c240   0x0000032c   Code   RO         3531    .text               mc_w.l(_scanf.o)
    0x0002c56c   0x0002c56c   0x000000ba   Code   RO         3533    .text               mf_w.l(depilogue.o)
    0x0002c626   0x0002c626   0x00000056   Code   RO         3546    .text               mc_w.l(__dczerorl2.o)
    0x0002c67c   0x0002c67c   0x00000020   Code   RO         3377    i.__0printf         mc_w.l(printfa.o)
    0x0002c69c   0x0002c69c   0x00000030   Code   RO         3378    i.__0snprintf       mc_w.l(printfa.o)
    0x0002c6cc   0x0002c6cc   0x00000028   Code   RO         3379    i.__0sprintf        mc_w.l(printfa.o)
    0x0002c6f4   0x0002c6f4   0x0000002c   Code   RO         3382    i.__0vsnprintf      mc_w.l(printfa.o)
    0x0002c720   0x0002c720   0x00000008   Code   RO         3499    i.__aeabi_errno_addr  mc_w.l(errno.o)
    0x0002c728   0x0002c728   0x0000000e   Code   RO         3540    i.__scatterload_copy  mc_w.l(handlers.o)
    0x0002c736   0x0002c736   0x00000002   Code   RO         3541    i.__scatterload_null  mc_w.l(handlers.o)
    0x0002c738   0x0002c738   0x0000000e   Code   RO         3542    i.__scatterload_zeroinit  mc_w.l(handlers.o)
    0x0002c746   0x0002c746   0x00000002   PAD
    0x0002c748   0x0002c748   0x00000184   Code   RO         3384    i._fp_digits        mc_w.l(printfa.o)
    0x0002c8cc   0x0002c8cc   0x000006dc   Code   RO         3385    i._printf_core      mc_w.l(printfa.o)
    0x0002cfa8   0x0002cfa8   0x00000024   Code   RO         3386    i._printf_post_padding  mc_w.l(printfa.o)
    0x0002cfcc   0x0002cfcc   0x0000002e   Code   RO         3387    i._printf_pre_padding  mc_w.l(printfa.o)
    0x0002cffa   0x0002cffa   0x00000016   Code   RO         3388    i._snputc           mc_w.l(printfa.o)
    0x0002d010   0x0002d010   0x0000000a   Code   RO         3389    i._sputc            mc_w.l(printfa.o)
    0x0002d01a   0x0002d01a   0x00000002   PAD
    0x0002d01c   0x0002d01c   0x00000050   Code   RO         3405    i.free              mc_w.l(malloc.o)
    0x0002d06c   0x0002d06c   0x0000006c   Code   RO         3406    i.malloc            mc_w.l(malloc.o)
    0x0002d0d8   0x0002d0d8   0x00000004   Code   RO         3099    i.putc              mc_w.l(putc.o)
    0x0002d0dc   0x0002d0dc   0x0000005e   Data   RO          409    .constdata          main.o
    0x0002d13a   0x0002d13a   0x00000002   PAD
    0x0002d13c   0x0002d13c   0x00000020   Data   RO          722    .constdata          clk.o
    0x0002d15c   0x0002d15c   0x00000030   Data   RO          810    .constdata          uart.o
    0x0002d18c   0x0002d18c   0x00004f14   Data   RO          836    .constdata          crypto.o
    0x000320a0   0x000320a0   0x00001848   Data   RO         1439    .constdata          aws_test_tcp.o
    0x000338e8   0x000338e8   0x00000044   Data   RO         1582    .constdata          aws_mqtt_agent.o
    0x0003392c   0x0003392c   0x00000018   Data   RO         1601    .constdata          aws_mqtt_lib.o
    0x00033944   0x00033944   0x000025e4   Data   RO         1742    .constdata          aes.o
    0x00035f28   0x00035f28   0x00000159   Data   RO         1804    .constdata          base64.o
    0x00036081   0x00036081   0x00000003   PAD
    0x00036084   0x00036084   0x000002c4   Data   RO         1818    .constdata          bignum.o
    0x00036348   0x00036348   0x0000026c   Data   RO         1889    .constdata          cipher_wrap.o
    0x000365b4   0x000365b4   0x000000e0   Data   RO         1919    .constdata          ctr_drbg.o
    0x00036694   0x00036694   0x00000030   Data   RO         1998    .constdata          ecp.o
    0x000366c4   0x000366c4   0x000000a0   Data   RO         2017    .constdata          ecp_curves.o
    0x00036764   0x00036764   0x00000004   PAD
    0x00036768   0x00036768   0x00000c08   Data   RO         2068    .constdata          gcm.o
    0x00037370   0x00037370   0x00000010   Data   RO         2100    .constdata          md.o
    0x00037380   0x00037380   0x00000090   Data   RO         2121    .constdata          md_wrap.o
    0x00037410   0x00037410   0x00000480   Data   RO         2172    .constdata          oid.o
    0x00037890   0x00037890   0x000000f0   Data   RO         2245    .constdata          pk_wrap.o
    0x00037980   0x00037980   0x000000f4   Data   RO         2367    .constdata          sha1.o
    0x00037a74   0x00037a74   0x00000278   Data   RO         2381    .constdata          sha256.o
    0x00037cec   0x00037cec   0x00000460   Data   RO         2408    .constdata          ssl_ciphersuites.o
    0x0003814c   0x0003814c   0x000000d8   Data   RO         2636    .constdata          x509_crt.o
    0x00038224   0x00038224   0x00001e21   Data   RO         2685    .constdata          aws_tls.o
    0x0003a045   0x0003a045   0x00000032   Data   RO         2873    .constdata          esp8266_wifi.o
    0x0003a077   0x0003a077   0x00000001   PAD
    0x0003a078   0x0003a078   0x000001f8   Data   RO         2899    .constdata          unity.o
    0x0003a270   0x0003a270   0x00000004   Data   RO         2923    .constdata          unity_fixture.o
    0x0003a274   0x0003a274   0x00000081   Data   RO         3470    .constdata          mc_w.l(ctype_o.o)
    0x0003a2f5   0x0003a2f5   0x00000003   PAD
    0x0003a2f8   0x0003a2f8   0x00000004   Data   RO         3471    .constdata          mc_w.l(ctype_o.o)
    0x0003a2fc   0x0003a2fc   0x000004d0   Data   RO         1440    .conststring        aws_test_tcp.o
    0x0003a7cc   0x0003a7cc   0x00000046   Data   RO         1718    .conststring        aws_pkcs11_pal.o
    0x0003a812   0x0003a812   0x00000002   PAD
    0x0003a814   0x0003a814   0x0000036d   Data   RO         1819    .conststring        bignum.o
    0x0003ab81   0x0003ab81   0x00000003   PAD
    0x0003ab84   0x0003ab84   0x000000c0   Data   RO         1890    .conststring        cipher_wrap.o
    0x0003ac44   0x0003ac44   0x00000141   Data   RO         1999    .conststring        ecp.o
    0x0003ad85   0x0003ad85   0x00000003   PAD
    0x0003ad88   0x0003ad88   0x0000088f   Data   RO         2173    .conststring        oid.o
    0x0003b617   0x0003b617   0x00000001   PAD
    0x0003b618   0x0003b618   0x0000001c   Data   RO         2246    .conststring        pk_wrap.o
    0x0003b634   0x0003b634   0x0000030d   Data   RO         2339    .conststring        rsa.o
    0x0003b941   0x0003b941   0x00000003   PAD
    0x0003b944   0x0003b944   0x00000139   Data   RO         2409    .conststring        ssl_ciphersuites.o
    0x0003ba7d   0x0003ba7d   0x00000003   PAD
    0x0003ba80   0x0003ba80   0x00000406   Data   RO         2637    .conststring        x509_crt.o
    0x0003be86   0x0003be86   0x00000002   PAD
    0x0003be88   0x0003be88   0x00000020   Data   RO         3538    Region$$Table       anon$$obj.o


    Execution Region RW_IRAM1 (Exec base: 0x20000000, Load base: 0x0003bea8, Size: 0x00026b08, Max: 0x00028000, ABSOLUTE, COMPRESSED[0x000000c8])

    Exec Addr    Load Addr    Size         Type   Attr      Idx    E Section Name        Object

    0x20000000   COMPRESSED   0x0000002c   Data   RW            5    .data               system_m480.o
    0x2000002c   COMPRESSED   0x00000008   Data   RW          311    .data               entropy_hardware_poll.o
    0x20000034   COMPRESSED   0x0000000c   Data   RW          410    .data               main.o
    0x20000040   COMPRESSED   0x00000044   Data   RW          573    .data               tasks.o
    0x20000084   COMPRESSED   0x00000014   Data   RW          604    .data               timers.o
    0x20000098   COMPRESSED   0x0000000c   Data   RW          619    .data               port.o
    0x200000a4   COMPRESSED   0x00000018   Data   RW          705    .data               heap_4.o
    0x200000bc   COMPRESSED   0x00000008   Data   RW          752    .data               retarget.o
    0x200000c4   COMPRESSED   0x00000020   Data   RW          837    .data               crypto.o
    0x200000e4   COMPRESSED   0x00000004   Data   RW          913    .data               aws_dev_mode_key_provisioning.o
    0x200000e8   COMPRESSED   0x00000008   Data   RW         1066    .data               aws_logging_task_dynamic_buffers.o
    0x200000f0   COMPRESSED   0x00000024   Data   RW         1441    .data               aws_test_tcp.o
    0x20000114   COMPRESSED   0x0000000c   Data   RW         1584    .data               aws_mqtt_agent.o
    0x20000120   COMPRESSED   0x00000004   Data   RW         1602    .data               aws_mqtt_lib.o
    0x20000124   COMPRESSED   0x00000114   Data   RW         1674    .data               aws_pkcs11_mbedtls.o
    0x20000238   COMPRESSED   0x00000010   Data   RW         1719    .data               aws_pkcs11_pal.o
    0x20000248   COMPRESSED   0x00000004   Data   RW         1864    .data               cipher.o
    0x2000024c   COMPRESSED   0x00000004   Data   RW         1920    .data               ctr_drbg.o
    0x20000250   COMPRESSED   0x00000014   Data   RW         2000    .data               ecp.o
    0x20000264   COMPRESSED   0x00000004   Data   RW         2018    .data               ecp_curves.o
    0x20000268   COMPRESSED   0x00000008   Data   RW         2305    .data               platform.o
    0x20000270   COMPRESSED   0x00000004   Data   RW         2319    .data               platform_util.o
    0x20000274   COMPRESSED   0x00000004   Data   RW         2410    .data               ssl_ciphersuites.o
    0x20000278   COMPRESSED   0x00000027   Data   RW         2509    .data               ssl_tls.o
    0x2000029f   COMPRESSED   0x00000001   PAD
    0x200002a0   COMPRESSED   0x00000010   Data   RW         2548    .data               threading.o
    0x200002b0   COMPRESSED   0x00000004   Data   RW         2814    .data               aws_wifi.o
    0x200002b4   COMPRESSED   0x00000004   Data   RW         2845    .data               aws_secure_sockets.o
    0x200002b8   COMPRESSED   0x00000004   Data   RW         2874    .data               esp8266_wifi.o
    0x200002bc   COMPRESSED   0x00000004   Data   RW         2900    .data               unity.o
    0x200002c0   COMPRESSED   0x0000000c   Data   RW         2924    .data               unity_fixture.o
    0x200002cc   COMPRESSED   0x00000004   Data   RW         3106    .data               mc_w.l(rand.o)
    0x200002d0   COMPRESSED   0x00000004   Data   RW         3131    .data               mc_w.l(strtok.o)
    0x200002d4   COMPRESSED   0x00000004   Data   RW         3497    .data               mc_w.l(mvars.o)
    0x200002d8   COMPRESSED   0x00000004   Data   RW         3498    .data               mc_w.l(mvars.o)
    0x200002dc   COMPRESSED   0x00000004   Data   RW         3502    .data               mc_w.l(errno.o)
    0x200002e0        -       0x000008c8   Zero   RW          408    .bss                main.o
    0x20000ba8        -       0x00000040   Zero   RW          542    .bss                queue.o
    0x20000be8        -       0x000000f0   Zero   RW          572    .bss                tasks.o
    0x20000cd8        -       0x000000f0   Zero   RW          603    .bss                timers.o
    0x20000dc8        -       0x0001a800   Zero   RW          704    .bss                heap_4.o
    0x2001b5c8        -       0x00000484   Zero   RW          835    .bss                crypto.o
    0x2001ba4c        -       0x00000fa0   Zero   RW         1488    .bss                aws_test_runner.o
    0x2001c9ec        -       0x00001220   Zero   RW         1564    .bss                aws_bufferpool_static_thread_safe.o
    0x2001dc0c   COMPRESSED   0x00000004   PAD
    0x2001dc10        -       0x00002c34   Zero   RW         1581    .bss                aws_mqtt_agent.o
    0x20020844        -       0x00000358   Zero   RW         1673    .bss                aws_pkcs11_mbedtls.o
    0x20020b9c        -       0x00000808   Zero   RW         1717    .bss                aws_pkcs11_pal.o
    0x200213a4        -       0x00000040   Zero   RW         1888    .bss                cipher_wrap.o
    0x200213e4        -       0x00000024   Zero   RW         2407    .bss                ssl_ciphersuites.o
    0x20021408        -       0x00000c88   Zero   RW         2813    .bss                aws_wifi.o
    0x20022090        -       0x00000068   Zero   RW         2844    .bss                aws_secure_sockets.o
    0x200220f8        -       0x0000400c   Zero   RW         2872    .bss                esp8266_wifi.o
    0x20026104   COMPRESSED   0x00000004   PAD
    0x20026108        -       0x000000c8   Zero   RW         2898    .bss                unity.o
    0x200261d0        -       0x00000038   Zero   RW         2922    .bss                unity_fixture.o
    0x20026208        -       0x00000100   Zero   RW          301    HEAP                startup_m480.o
    0x20026308        -       0x00000800   Zero   RW          300    STACK               startup_m480.o


==============================================================================

Image component sizes


      Code (inc. data)   RO Data    RW Data    ZI Data      Debug   Object Name

      5040        270       9700          0          0      20432   aes.o
      1160          0          0          0          0       6367   asn1parse.o
      1628          0          0          0          0       7764   asn1write.o
       192          6          0          0       4640       2831   aws_bufferpool_static_thread_safe.o
       428          8          0          0          0      21719   aws_crypto.o
         0          0          0          4          0       5630   aws_dev_mode_key_provisioning.o
       444         54          0          8          0       2658   aws_logging_task_dynamic_buffers.o
      3224        128         68         12      11316      15826   aws_mqtt_agent.o
      6508         58         24          4          0      25091   aws_mqtt_lib.o
      2732        312          0        276        856      20621   aws_pkcs11_mbedtls.o
       608        146         70         16       2056       5404   aws_pkcs11_pal.o
      2112        144          0          4        104       8392   aws_secure_sockets.o
        34          0          0          0          0        594   aws_system_init.o
         0          0          0          0          0       8360   aws_test_crypto.o
         0          0          0          0          0       2856   aws_test_helper_secure_connect.o
         0          0          0          0          0      12984   aws_test_mqtt_agent.o
         0          0          0          0          0       1480   aws_test_pkcs11.o
       112         54          0          0       4000       2309   aws_test_runner.o
     19704       8152       7448         36          0      42015   aws_test_tcp.o
      1920        344       7713          0          0      26101   aws_tls.o
       940         50          0          4       3208       9055   aws_wifi.o
       884         98        345          0          0       3547   base64.o
     11912        312       1585          0          0      29702   bignum.o
      2536         82          0          4          0      20440   cipher.o
       298          0        812          0         64      11438   cipher_wrap.o
      1968         84         32          0          0       8255   clk.o
      4340        156      20244         32       1156      15588   crypto.o
      1744        124        224          4          0      10211   ctr_drbg.o
       772          4          0          0          0       5855   ecdh.o
      1572         22          0          0          0       6087   ecdsa.o
      9552        296        369         20          0      23662   ecp.o
      1552         32        160          4          0       5933   ecp_curves.o
      1568         88          0          0          0       8240   entropy.o
       296         16          0          8          0     164597   entropy_hardware_poll.o
      5068        950         50          4      16396      13451   esp8266_wifi.o
      1046          8          0          0          0       7375   event_groups.o
      1968         36          0          0          0       7914   fmc.o
      3556        174       3080          0          0      15473   gcm.o
       612         28          0         24     108544       3508   heap_4.o
       148          0          0          0          0       2074   list.o
      1224        486         94         12       2248      79070   main.o
      1048         48         16          0          0       9685   md.o
       304          0        144          0          0       6136   md_wrap.o
      1228         48       3343          0          0      31628   oid.o
       392         38          0          0          0       3460   pem.o
       844         44          0          0          0      11026   pk.o
      1154         40        268          0          0      14279   pk_wrap.o
      3196        342          0          0          0      10506   pkparse.o
      1536          8          0          0          0       4899   pkwrite.o
        64         10          0          8          0       2536   platform.o
        24          4          0          4          0       1527   platform_util.o
       894         58          0         12          0       9043   port.o
      3688         34          0          0         64      37139   queue.o
       384        128          0          8          0       5054   retarget.o
      6652        288        781          0          0      20330   rsa.o
      1848         72          0          0          0       4548   rsa_internal.o
      6464         94        244          0          0       6651   sha1.o
      4740        154        632          0          0       6565   sha256.o
       328         46       1433          4         36      38648   ssl_ciphersuites.o
      5588        116          0          0          0      43904   ssl_cli.o
     11976        382          0         39          0      84442   ssl_tls.o
       104         20        440          0       2304       1000   startup_m480.o
         0          0          0          0          0        392   stream_buffer.o
       220          6          0          0          0       2264   sys.o
       296         40          0         44          0      43765   system_m480.o
      6312        364          0         68        240      43506   tasks.o
        48         16          0         16          0       2391   threading.o
      1480         84          0         20        240       9293   timers.o
      1220         48         48          0          0       5616   uart.o
      4732        232        504          4        200      51720   unity.o
      1464        224          4         12         56       8400   unity_fixture.o
      2072        108          0          0          0       9982   x509.o
      7896        946       1246          0          0      28468   x509_crt.o

    ----------------------------------------------------------------------
    177608      16764      61180        716     157736    1249712   Object Totals
         0          0         32          0          0          0   (incl. Generated)
        10          0         27          1          8          0   (incl. Padding)

    ----------------------------------------------------------------------

      Code (inc. data)   RO Data    RW Data    ZI Data      Debug   Library Member Name

        56          8          0          0          0         84   __0sscanf.o
        86          0          0          0          0          0   __dczerorl2.o
        28          0          0          0          0         68   _chval.o
       812          4          0          0          0        112   _scanf.o
       332          0          0          0          0         96   _scanf_int.o
       224          0          0          0          0         96   _scanf_str.o
        64          0          0          0          0         84   _sgetc.o
       158          0          0          0          0         92   _strtoul.o
        26          0          0          0          0         80   atoi.o
        28          0          0          0          0         76   calloc.o
         8          4        133          0          0         68   ctype_o.o
         0          0          0          0          0          0   entry.o
         0          0          0          0          0          0   entry10a.o
         0          0          0          0          0          0   entry11a.o
         8          4          0          0          0          0   entry2.o
         4          0          0          0          0          0   entry5.o
         0          0          0          0          0          0   entry7b.o
         0          0          0          0          0          0   entry8b.o
         8          4          0          0          0          0   entry9a.o
         8          4          0          4          0         68   errno.o
        30          0          0          0          0          0   handlers.o
        36          8          0          0          0         68   init.o
        18          0          0          0          0         76   isspace_o.o
         0          0          0          0          0          0   iusefp.o
        30          0          0          0          0         68   llshl.o
        36          0          0          0          0         68   llsshr.o
        32          0          0          0          0         68   llushr.o
       188         20          0          0          0        160   malloc.o
        26          0          0          0          0         80   memcmp.o
        64          0          0          0          0         76   memmovea.o
        36          0          0          0          0        108   memseta.o
         0          0          0          8          0          0   mvars.o
      2422        104          0          0          0        836   printfa.o
         4          0          0          0          0         68   putc.o
        36         10          0          4          0        136   rand.o
        40          8          0          0          0         84   scanf_char.o
        28          0          0          0          0         76   strcmp.o
        48          0          0          0          0         76   strlcpy.o
        14          0          0          0          0         68   strlen.o
        30          0          0          0          0         80   strncmp.o
        24          0          0          0          0         76   strncpy.o
        36          0          0          0          0         80   strstr.o
        68          6          0          4          0         80   strtok.o
       112          0          0          0          0         88   strtol.o
        44          0          0          0          0         80   uidiv.o
        98          0          0          0          0         92   uldiv.o
        48          0          0          0          0         68   cdrcmple.o
       334          0          0          0          0        148   dadd.o
       222          0          0          0          0        100   ddiv.o
       186          0          0          0          0        176   depilogue.o
        48          0          0          0          0         68   dfixul.o
       228          0          0          0          0         96   dmul.o
        62          0          0          0          0         96   setjmp.o

    ----------------------------------------------------------------------
      6492        184        136         20          0       4368   Library Totals
        14          0          3          0          0          0   (incl. Padding)

    ----------------------------------------------------------------------

      Code (inc. data)   RO Data    RW Data    ZI Data      Debug   Library Name

      5350        184        133         20          0       3616   mc_w.l
      1128          0          0          0          0        752   mf_w.l

    ----------------------------------------------------------------------
      6492        184        136         20          0       4368   Library Totals

    ----------------------------------------------------------------------

==============================================================================


      Code (inc. data)   RO Data    RW Data    ZI Data      Debug   

    184100      16948      61316        736     157736    1236420   Grand Totals
    184100      16948      61316        200     157736    1236420   ELF Image Totals (compressed)
    184100      16948      61316        200          0          0   ROM Totals

==============================================================================

    Total RO  Size (Code + RO Data)               245416 ( 239.66kB)
    Total RW  Size (RW Data + ZI Data)            158472 ( 154.76kB)
    Total ROM Size (Code + RO Data + RW Data)     245616 ( 239.86kB)

==============================================================================

